Archive member included to satisfy reference by file (symbol)

c:/progra~2/gnuarm~1/102021~1.10/bin/../lib/gcc/arm-none-eabi/10.3.1/thumb/v6-m/nofp\libgcc.a(_dvmd_tls.o)
                              CMakeFiles/parkinson_pen_project.dir/D_/study/parkinson_pen/pico_sdk/pico-sdk/src/rp2_common/pico_divider/divider.S.obj (__aeabi_idiv0)
c:/progra~2/gnuarm~1/102021~1.10/bin/../lib/gcc/arm-none-eabi/10.3.1/../../../../arm-none-eabi/lib/thumb/v6-m/nofp\libg.a(lib_a-calloc.o)
                              CMakeFiles/parkinson_pen_project.dir/D_/study/parkinson_pen/pico_sdk/pico-sdk/src/rp2_common/pico_malloc/pico_malloc.c.obj (calloc)
c:/progra~2/gnuarm~1/102021~1.10/bin/../lib/gcc/arm-none-eabi/10.3.1/../../../../arm-none-eabi/lib/thumb/v6-m/nofp\libg.a(lib_a-callocr.o)
                              c:/progra~2/gnuarm~1/102021~1.10/bin/../lib/gcc/arm-none-eabi/10.3.1/../../../../arm-none-eabi/lib/thumb/v6-m/nofp\libg.a(lib_a-calloc.o) (_calloc_r)
c:/progra~2/gnuarm~1/102021~1.10/bin/../lib/gcc/arm-none-eabi/10.3.1/../../../../arm-none-eabi/lib/thumb/v6-m/nofp\libg.a(lib_a-errno.o)
                              c:/progra~2/gnuarm~1/102021~1.10/bin/../lib/gcc/arm-none-eabi/10.3.1/../../../../arm-none-eabi/lib/thumb/v6-m/nofp\libg.a(lib_a-callocr.o) (__errno)
c:/progra~2/gnuarm~1/102021~1.10/bin/../lib/gcc/arm-none-eabi/10.3.1/../../../../arm-none-eabi/lib/thumb/v6-m/nofp\libg.a(lib_a-impure.o)
                              c:/progra~2/gnuarm~1/102021~1.10/bin/../lib/gcc/arm-none-eabi/10.3.1/../../../../arm-none-eabi/lib/thumb/v6-m/nofp\libg.a(lib_a-calloc.o) (_impure_ptr)
c:/progra~2/gnuarm~1/102021~1.10/bin/../lib/gcc/arm-none-eabi/10.3.1/../../../../arm-none-eabi/lib/thumb/v6-m/nofp\libg.a(lib_a-init.o)
                              c:/progra~2/gnuarm~1/102021~1.10/bin/../lib/gcc/arm-none-eabi/10.3.1/../../../../arm-none-eabi/lib/thumb/v6-m/nofp/crt0.o (__libc_init_array)
c:/progra~2/gnuarm~1/102021~1.10/bin/../lib/gcc/arm-none-eabi/10.3.1/../../../../arm-none-eabi/lib/thumb/v6-m/nofp\libg.a(lib_a-malloc.o)
                              CMakeFiles/parkinson_pen_project.dir/D_/study/parkinson_pen/pico_sdk/pico-sdk/src/rp2_common/pico_malloc/pico_malloc.c.obj (malloc)
c:/progra~2/gnuarm~1/102021~1.10/bin/../lib/gcc/arm-none-eabi/10.3.1/../../../../arm-none-eabi/lib/thumb/v6-m/nofp\libg.a(lib_a-mallocr.o)
                              c:/progra~2/gnuarm~1/102021~1.10/bin/../lib/gcc/arm-none-eabi/10.3.1/../../../../arm-none-eabi/lib/thumb/v6-m/nofp\libg.a(lib_a-callocr.o) (_malloc_r)
c:/progra~2/gnuarm~1/102021~1.10/bin/../lib/gcc/arm-none-eabi/10.3.1/../../../../arm-none-eabi/lib/thumb/v6-m/nofp\libg.a(lib_a-memcmp.o)
                              CMakeFiles/parkinson_pen_project.dir/src/inv_mpu.c.obj (memcmp)
c:/progra~2/gnuarm~1/102021~1.10/bin/../lib/gcc/arm-none-eabi/10.3.1/../../../../arm-none-eabi/lib/thumb/v6-m/nofp\libg.a(lib_a-mlock.o)
                              c:/progra~2/gnuarm~1/102021~1.10/bin/../lib/gcc/arm-none-eabi/10.3.1/../../../../arm-none-eabi/lib/thumb/v6-m/nofp\libg.a(lib_a-mallocr.o) (__malloc_lock)
c:/progra~2/gnuarm~1/102021~1.10/bin/../lib/gcc/arm-none-eabi/10.3.1/../../../../arm-none-eabi/lib/thumb/v6-m/nofp\libg.a(lib_a-realloc.o)
                              CMakeFiles/parkinson_pen_project.dir/D_/study/parkinson_pen/pico_sdk/pico-sdk/src/rp2_common/pico_malloc/pico_malloc.c.obj (realloc)
c:/progra~2/gnuarm~1/102021~1.10/bin/../lib/gcc/arm-none-eabi/10.3.1/../../../../arm-none-eabi/lib/thumb/v6-m/nofp\libg.a(lib_a-reallocr.o)
                              c:/progra~2/gnuarm~1/102021~1.10/bin/../lib/gcc/arm-none-eabi/10.3.1/../../../../arm-none-eabi/lib/thumb/v6-m/nofp\libg.a(lib_a-realloc.o) (_realloc_r)
c:/progra~2/gnuarm~1/102021~1.10/bin/../lib/gcc/arm-none-eabi/10.3.1/../../../../arm-none-eabi/lib/thumb/v6-m/nofp\libg.a(lib_a-sbrkr.o)
                              c:/progra~2/gnuarm~1/102021~1.10/bin/../lib/gcc/arm-none-eabi/10.3.1/../../../../arm-none-eabi/lib/thumb/v6-m/nofp\libg.a(lib_a-mallocr.o) (_sbrk_r)
c:/progra~2/gnuarm~1/102021~1.10/bin/../lib/gcc/arm-none-eabi/10.3.1/../../../../arm-none-eabi/lib/thumb/v6-m/nofp\libg.a(lib_a-strlen-stub.o)
                              CMakeFiles/parkinson_pen_project.dir/src/atk_ms901m.c.obj (strlen)
c:/progra~2/gnuarm~1/102021~1.10/bin/../lib/gcc/arm-none-eabi/10.3.1/../../../../arm-none-eabi/lib/thumb/v6-m/nofp\libg.a(lib_a-freer.o)
                              c:/progra~2/gnuarm~1/102021~1.10/bin/../lib/gcc/arm-none-eabi/10.3.1/../../../../arm-none-eabi/lib/thumb/v6-m/nofp\libg.a(lib_a-malloc.o) (_free_r)
c:/progra~2/gnuarm~1/102021~1.10/bin/../lib/gcc/arm-none-eabi/10.3.1/../../../../arm-none-eabi/lib/thumb/v6-m/nofp\libg.a(lib_a-lock.o)
                              c:/progra~2/gnuarm~1/102021~1.10/bin/../lib/gcc/arm-none-eabi/10.3.1/../../../../arm-none-eabi/lib/thumb/v6-m/nofp\libg.a(lib_a-mlock.o) (__retarget_lock_acquire_recursive)
[...]
Memory Configuration

Name             Origin             Length             Attributes
FLASH            0x10000000         0x00200000         xr
RAM              0x20000000         0x00040000         xrw
SCRATCH_X        0x20040000         0x00001000         xrw
SCRATCH_Y        0x20041000         0x00001000         xrw
*default*        0x00000000         0xffffffff

Linker script and memory map

LOAD c:/progra~2/gnuarm~1/102021~1.10/bin/../lib/gcc/arm-none-eabi/10.3.1/thumb/v6-m/nofp/crti.o
LOAD c:/progra~2/gnuarm~1/102021~1.10/bin/../lib/gcc/arm-none-eabi/10.3.1/thumb/v6-m/nofp/crtbegin.o
LOAD c:/progra~2/gnuarm~1/102021~1.10/bin/../lib/gcc/arm-none-eabi/10.3.1/../../../../arm-none-eabi/lib/thumb/v6-m/nofp/crt0.o

.flash_begin    0x10000000        0x0
                0x10000000                __flash_binary_start = .

.boot2          0x10000000      0x100
                0x10000000                __boot2_start__ = .
 *(.boot2)
 .boot2         0x10000000      0x100 C:\Users\26281\AppData\Local\Temp\ccIBT7Cb.o
                0x10000100                __boot2_end__ = .
                0x00000001                ASSERT (((__boot2_end__ - __boot2_start__) == 0x100), ERROR: Pico second stage bootloader must be 256 bytes in size)

.text           0x10000100     0x47f8
                0x10000100                __logical_binary_start = .
 *(.vectors)
 .vectors       0x10000100       0xd4 CMakeFiles/parkinson_pen_project.dir/D_/study/parkinson_pen/pico_sdk/pico-sdk/src/rp2_common/pico_standard_link/crt0.S.obj
                0x10000100                __VECTOR_TABLE
                0x10000100                __vectors
                0x100001c0                isr_invalid
                0x100001c0                __default_isrs_start
                0x100001c2                isr_nmi
                0x100001c4                isr_hardfault
                0x100001c6                isr_svcall
                0x100001c8                isr_pendsv
                0x100001ca                isr_systick
                0x100001cc                isr_irq23
                0x100001cc                isr_irq18
                0x100001cc                isr_irq11
                0x100001cc                isr_irq28
                0x100001cc                isr_irq19
                0x100001cc                isr_irq0
                0x100001cc                isr_irq6
                0x100001cc                isr_irq5
                0x100001cc                isr_irq12
                0x100001cc                isr_irq22
                0x100001cc                isr_irq31
                0x100001cc                isr_irq17
                0x100001cc                isr_irq27
                0x100001cc                isr_irq30
                0x100001cc                isr_irq2
                0x100001cc                isr_irq10
                0x100001cc                isr_irq8
                0x100001cc                isr_irq24
                0x100001cc                isr_irq1
                0x100001cc                isr_irq7
                0x100001cc                isr_irq21
                0x100001cc                isr_irq20
                0x100001cc                isr_irq15
                0x100001cc                isr_irq25
                0x100001cc                isr_irq13
                0x100001cc                __unhandled_user_irq
                0x100001cc                isr_irq4
                0x100001cc                isr_irq16
                0x100001cc                isr_irq29
                0x100001cc                isr_irq26
                0x100001cc                __default_isrs_end
                0x100001cc                isr_irq3
                0x100001cc                isr_irq14
                0x100001cc                isr_irq9
                0x100001d2                unhandled_user_irq_num_in_r0
 *(.binary_info_header)
 .binary_info_header
                0x100001d4       0x14 CMakeFiles/parkinson_pen_project.dir/D_/study/parkinson_pen/pico_sdk/pico-sdk/src/rp2_common/pico_standard_link/crt0.S.obj
                0x100001e8                __binary_info_header_end = .
 *(.reset)
 .reset         0x100001e8       0xa0 CMakeFiles/parkinson_pen_project.dir/D_/study/parkinson_pen/pico_sdk/pico-sdk/src/rp2_common/pico_standard_link/crt0.S.obj
                0x100001e8                _entry_point
 .reset         0x10000288       0x30 CMakeFiles/parkinson_pen_project.dir/D_/study/parkinson_pen/pico_sdk/pico-sdk/src/rp2_common/pico_standard_link/binary_info.c.obj
 *(.init)
 .init          0x100002b8        0x4 c:/progra~2/gnuarm~1/102021~1.10/bin/../lib/gcc/arm-none-eabi/10.3.1/thumb/v6-m/nofp/crti.o
                0x100002b8                _init
 *(EXCLUDE_FILE(*libm.a: *libc.a:*lib_a-mem*.o *libgcc.a:) .text*)
 .text          0x100002bc       0x48 c:/progra~2/gnuarm~1/102021~1.10/bin/../lib/gcc/arm-none-eabi/10.3.1/thumb/v6-m/nofp/crtbegin.o
 .text.main     0x10000304       0x26 CMakeFiles/parkinson_pen_project.dir/main.c.obj
                0x10000304                main
 *fill*         0x1000032a        0x2 
 .text.Uart_Init
                0x1000032c       0x54 CMakeFiles/parkinson_pen_project.dir/src/MyUart.c.obj
                0x1000032c                Uart_Init
 .text.Send_Attitude_Date
                0x10000380       0x38 CMakeFiles/parkinson_pen_project.dir/src/MyUart.c.obj
                0x10000380                Send_Attitude_Date
 .text.MPU9050_GET_DATA
                0x100003b8       0x70 CMakeFiles/parkinson_pen_project.dir/src/MyUart.c.obj
                0x100003b8                MPU9050_GET_DATA
 .text.Clear_Frame
                0x10000428       0x40 CMakeFiles/parkinson_pen_project.dir/src/atk_ms901m.c.obj
                0x10000428                Clear_Frame
 .text.ProcessIMU_FrameBuf
                0x10000468       0x84 CMakeFiles/parkinson_pen_project.dir/src/atk_ms901m.c.obj
                0x10000468                ProcessIMU_FrameBuf
 .text.data_phase
                0x100004ec      0x100 CMakeFiles/parkinson_pen_project.dir/src/atk_ms901m.c.obj
                0x100004ec                data_phase
 .text.gpio_set_function
                0x100005ec       0x30 CMakeFiles/parkinson_pen_project.dir/D_/study/parkinson_pen/pico_sdk/pico-sdk/src/rp2_common/hardware_gpio/gpio.c.obj
                0x100005ec                gpio_set_function
 .text.running_on_fpga
                0x1000061c       0x14 CMakeFiles/parkinson_pen_project.dir/D_/study/parkinson_pen/pico_sdk/pico-sdk/src/rp2_common/pico_platform/platform.c.obj
                0x1000061c                running_on_fpga
 .text.hw_claim_lock
                0x10000630       0x18 CMakeFiles/parkinson_pen_project.dir/D_/study/parkinson_pen/pico_sdk/pico-sdk/src/rp2_common/hardware_claim/claim.c.obj
                0x10000630                hw_claim_lock
 .text.hw_claim_unlock
                0x10000648       0x14 CMakeFiles/parkinson_pen_project.dir/D_/study/parkinson_pen/pico_sdk/pico-sdk/src/rp2_common/hardware_claim/claim.c.obj
                0x10000648                hw_claim_unlock
 .text.hw_claim_or_assert
                0x1000065c       0x32 CMakeFiles/parkinson_pen_project.dir/D_/study/parkinson_pen/pico_sdk/pico-sdk/src/rp2_common/hardware_claim/claim.c.obj
                0x1000065c                hw_claim_or_assert
 *fill*         0x1000068e        0x2 
 .text.spin_locks_reset
                0x10000690       0x20 CMakeFiles/parkinson_pen_project.dir/D_/study/parkinson_pen/pico_sdk/pico-sdk/src/rp2_common/hardware_sync/sync.c.obj
                0x10000690                spin_locks_reset
 .text.next_striped_spin_lock_num
                0x100006b0       0x1c CMakeFiles/parkinson_pen_project.dir/D_/study/parkinson_pen/pico_sdk/pico-sdk/src/rp2_common/hardware_sync/sync.c.obj
                0x100006b0                next_striped_spin_lock_num
 .text.set_raw_irq_handler_and_unlock
                0x100006cc       0x28 CMakeFiles/parkinson_pen_project.dir/D_/study/parkinson_pen/pico_sdk/pico-sdk/src/rp2_common/hardware_irq/irq.c.obj
 .text.make_branch
                0x100006f4       0x48 CMakeFiles/parkinson_pen_project.dir/D_/study/parkinson_pen/pico_sdk/pico-sdk/src/rp2_common/hardware_irq/irq.c.obj
 .text.insert_branch_and_link
                0x1000073c       0x40 CMakeFiles/parkinson_pen_project.dir/D_/study/parkinson_pen/pico_sdk/pico-sdk/src/rp2_common/hardware_irq/irq.c.obj
 .text.irq_is_enabled
                0x1000077c       0x18 CMakeFiles/parkinson_pen_project.dir/D_/study/parkinson_pen/pico_sdk/pico-sdk/src/rp2_common/hardware_irq/irq.c.obj
                0x1000077c                irq_is_enabled
 .text.irq_set_mask_enabled
                0x10000794       0x20 CMakeFiles/parkinson_pen_project.dir/D_/study/parkinson_pen/pico_sdk/pico-sdk/src/rp2_common/hardware_irq/irq.c.obj
                0x10000794                irq_set_mask_enabled
 .text.irq_set_enabled
                0x100007b4        0xe CMakeFiles/parkinson_pen_project.dir/D_/study/parkinson_pen/pico_sdk/pico-sdk/src/rp2_common/hardware_irq/irq.c.obj
                0x100007b4                irq_set_enabled
 *fill*         0x100007c2        0x2 
 .text.irq_get_vtable_handler
                0x100007c4       0x10 CMakeFiles/parkinson_pen_project.dir/D_/study/parkinson_pen/pico_sdk/pico-sdk/src/rp2_common/hardware_irq/irq.c.obj
                0x100007c4                irq_get_vtable_handler
 .text.irq_set_exclusive_handler
                0x100007d4       0x54 CMakeFiles/parkinson_pen_project.dir/D_/study/parkinson_pen/pico_sdk/pico-sdk/src/rp2_common/hardware_irq/irq.c.obj
                0x100007d4                irq_set_exclusive_handler
 .text.irq_remove_handler
                0x10000828      0x1ac CMakeFiles/parkinson_pen_project.dir/D_/study/parkinson_pen/pico_sdk/pico-sdk/src/rp2_common/hardware_irq/irq.c.obj
                0x10000828                irq_remove_handler
 .text.irq_add_tail_to_free_list
                0x100009d4       0xf0 CMakeFiles/parkinson_pen_project.dir/D_/study/parkinson_pen/pico_sdk/pico-sdk/src/rp2_common/hardware_irq/irq.c.obj
                0x100009d4                irq_add_tail_to_free_list
 .text.irq_init_priorities
                0x10000ac4       0x1c CMakeFiles/parkinson_pen_project.dir/D_/study/parkinson_pen/pico_sdk/pico-sdk/src/rp2_common/hardware_irq/irq.c.obj
                0x10000ac4                irq_init_priorities
 .text.lock_init
                0x10000ae0       0x10 CMakeFiles/parkinson_pen_project.dir/D_/study/parkinson_pen/pico_sdk/pico-sdk/src/common/pico_sync/lock_core.c.obj
                0x10000ae0                lock_init
 .text.mutex_init
                0x10000af0       0x1a CMakeFiles/parkinson_pen_project.dir/D_/study/parkinson_pen/pico_sdk/pico-sdk/src/common/pico_sync/mutex.c.obj
                0x10000af0                mutex_init
 .text.recursive_mutex_init
                0x10000b0a       0x1e CMakeFiles/parkinson_pen_project.dir/D_/study/parkinson_pen/pico_sdk/pico-sdk/src/common/pico_sync/mutex.c.obj
                0x10000b0a                recursive_mutex_init
 .text.alarm_pool_post_alloc_init
                0x10000b28       0x40 CMakeFiles/parkinson_pen_project.dir/D_/study/parkinson_pen/pico_sdk/pico-sdk/src/common/pico_time/time.c.obj
 .text.sleep_until_callback
                0x10000b68       0x30 CMakeFiles/parkinson_pen_project.dir/D_/study/parkinson_pen/pico_sdk/pico-sdk/src/common/pico_time/time.c.obj
 .text.timer_pool_entry_comparator
                0x10000b98       0x7c CMakeFiles/parkinson_pen_project.dir/D_/study/parkinson_pen/pico_sdk/pico-sdk/src/common/pico_time/time.c.obj
                0x10000b98                timer_pool_entry_comparator
 .text.ph_add_child_node
                0x10000c14       0xa4 CMakeFiles/parkinson_pen_project.dir/D_/study/parkinson_pen/pico_sdk/pico-sdk/src/common/pico_time/time.c.obj
 .text.ph_merge_nodes
                0x10000cb8       0x3e CMakeFiles/parkinson_pen_project.dir/D_/study/parkinson_pen/pico_sdk/pico-sdk/src/common/pico_time/time.c.obj
 *fill*         0x10000cf6        0x2 
 .text.add_alarm_under_lock
                0x10000cf8      0x174 CMakeFiles/parkinson_pen_project.dir/D_/study/parkinson_pen/pico_sdk/pico-sdk/src/common/pico_time/time.c.obj
 .text.alarm_pool_alarm_callback
                0x10000e6c      0x33c CMakeFiles/parkinson_pen_project.dir/D_/study/parkinson_pen/pico_sdk/pico-sdk/src/common/pico_time/time.c.obj
 .text.alarm_pool_init_default
                0x100011a8       0x40 CMakeFiles/parkinson_pen_project.dir/D_/study/parkinson_pen/pico_sdk/pico-sdk/src/common/pico_time/time.c.obj
                0x100011a8                alarm_pool_init_default
 .text.alarm_pool_get_default
                0x100011e8       0x2c CMakeFiles/parkinson_pen_project.dir/D_/study/parkinson_pen/pico_sdk/pico-sdk/src/common/pico_time/time.c.obj
                0x100011e8                alarm_pool_get_default
 .text.alarm_pool_add_alarm_at
                0x10001214      0x168 CMakeFiles/parkinson_pen_project.dir/D_/study/parkinson_pen/pico_sdk/pico-sdk/src/common/pico_time/time.c.obj
                0x10001214                alarm_pool_add_alarm_at
 .text.alarm_pool_cancel_alarm
                0x1000137c       0xf8 CMakeFiles/parkinson_pen_project.dir/D_/study/parkinson_pen/pico_sdk/pico-sdk/src/common/pico_time/time.c.obj
                0x1000137c                alarm_pool_cancel_alarm
 .text.best_effort_wfe_or_timeout
                0x10001474       0xac CMakeFiles/parkinson_pen_project.dir/D_/study/parkinson_pen/pico_sdk/pico-sdk/src/common/pico_time/time.c.obj
                0x10001474                best_effort_wfe_or_timeout
 .text.hardware_alarm_irq_handler
                0x10001520       0x90 CMakeFiles/parkinson_pen_project.dir/D_/study/parkinson_pen/pico_sdk/pico-sdk/src/rp2_common/hardware_timer/timer.c.obj
 .text.hardware_alarm_claim
                0x100015b0       0x18 CMakeFiles/parkinson_pen_project.dir/D_/study/parkinson_pen/pico_sdk/pico-sdk/src/rp2_common/hardware_timer/timer.c.obj
                0x100015b0                hardware_alarm_claim
 .text.time_us_64
                0x100015c8       0x18 CMakeFiles/parkinson_pen_project.dir/D_/study/parkinson_pen/pico_sdk/pico-sdk/src/rp2_common/hardware_timer/timer.c.obj
                0x100015c8                time_us_64
 .text.busy_wait_until
                0x100015e0       0x28 CMakeFiles/parkinson_pen_project.dir/D_/study/parkinson_pen/pico_sdk/pico-sdk/src/rp2_common/hardware_timer/timer.c.obj
                0x100015e0                busy_wait_until
 .text.busy_wait_us
                0x10001608       0x48 CMakeFiles/parkinson_pen_project.dir/D_/study/parkinson_pen/pico_sdk/pico-sdk/src/rp2_common/hardware_timer/timer.c.obj
                0x10001608                busy_wait_us
 .text.hardware_alarm_set_callback
                0x10001650       0x90 CMakeFiles/parkinson_pen_project.dir/D_/study/parkinson_pen/pico_sdk/pico-sdk/src/rp2_common/hardware_timer/timer.c.obj
                0x10001650                hardware_alarm_set_callback
 .text.hardware_alarm_set_target
                0x100016e0       0xe8 CMakeFiles/parkinson_pen_project.dir/D_/study/parkinson_pen/pico_sdk/pico-sdk/src/rp2_common/hardware_timer/timer.c.obj
                0x100016e0                hardware_alarm_set_target
 .text.hardware_alarm_cancel
                0x100017c8       0x40 CMakeFiles/parkinson_pen_project.dir/D_/study/parkinson_pen/pico_sdk/pico-sdk/src/rp2_common/hardware_timer/timer.c.obj
                0x100017c8                hardware_alarm_cancel
 .text.ph_add_child_node
                0x10001808       0xa4 CMakeFiles/parkinson_pen_project.dir/D_/study/parkinson_pen/pico_sdk/pico-sdk/src/common/pico_util/pheap.c.obj
 .text.ph_merge_nodes
                0x100018ac       0x3e CMakeFiles/parkinson_pen_project.dir/D_/study/parkinson_pen/pico_sdk/pico-sdk/src/common/pico_util/pheap.c.obj
 *fill*         0x100018ea        0x2 
 .text.ph_clear
                0x100018ec       0x70 CMakeFiles/parkinson_pen_project.dir/D_/study/parkinson_pen/pico_sdk/pico-sdk/src/common/pico_util/pheap.c.obj
                0x100018ec                ph_clear
 .text.ph_post_alloc_init
                0x1000195c        0xe CMakeFiles/parkinson_pen_project.dir/D_/study/parkinson_pen/pico_sdk/pico-sdk/src/common/pico_util/pheap.c.obj
                0x1000195c                ph_post_alloc_init
 *fill*         0x1000196a        0x2 
 .text.ph_merge_two_pass
                0x1000196c       0xa8 CMakeFiles/parkinson_pen_project.dir/D_/study/parkinson_pen/pico_sdk/pico-sdk/src/common/pico_util/pheap.c.obj
                0x1000196c                ph_merge_two_pass
 .text.ph_remove_any_head
                0x10001a14      0x128 CMakeFiles/parkinson_pen_project.dir/D_/study/parkinson_pen/pico_sdk/pico-sdk/src/common/pico_util/pheap.c.obj
 .text.ph_remove_head
                0x10001b3c       0x14 CMakeFiles/parkinson_pen_project.dir/D_/study/parkinson_pen/pico_sdk/pico-sdk/src/common/pico_util/pheap.c.obj
                0x10001b3c                ph_remove_head
 .text.ph_remove_and_free_node
                0x10001b50       0xf8 CMakeFiles/parkinson_pen_project.dir/D_/study/parkinson_pen/pico_sdk/pico-sdk/src/common/pico_util/pheap.c.obj
                0x10001b50                ph_remove_and_free_node
 .text.uart_disable_before_lcr_write
                0x10001c48       0x48 CMakeFiles/parkinson_pen_project.dir/D_/study/parkinson_pen/pico_sdk/pico-sdk/src/rp2_common/hardware_uart/uart.c.obj
 .text.uart_write_lcr_bits_masked
                0x10001c90       0x22 CMakeFiles/parkinson_pen_project.dir/D_/study/parkinson_pen/pico_sdk/pico-sdk/src/rp2_common/hardware_uart/uart.c.obj
 *fill*         0x10001cb2        0x2 
 .text.uart_set_baudrate
                0x10001cb4       0x5c CMakeFiles/parkinson_pen_project.dir/D_/study/parkinson_pen/pico_sdk/pico-sdk/src/rp2_common/hardware_uart/uart.c.obj
                0x10001cb4                uart_set_baudrate
 .text.uart_set_format
                0x10001d10       0x2c CMakeFiles/parkinson_pen_project.dir/D_/study/parkinson_pen/pico_sdk/pico-sdk/src/rp2_common/hardware_uart/uart.c.obj
                0x10001d10                uart_set_format
 .text.uart_set_fifo_enabled
                0x10001d3c       0x10 CMakeFiles/parkinson_pen_project.dir/D_/study/parkinson_pen/pico_sdk/pico-sdk/src/rp2_common/hardware_uart/uart.c.obj
                0x10001d3c                uart_set_fifo_enabled
 .text.uart_set_translate_crlf
                0x10001d4c       0x28 CMakeFiles/parkinson_pen_project.dir/D_/study/parkinson_pen/pico_sdk/pico-sdk/src/rp2_common/hardware_uart/uart.c.obj
                0x10001d4c                uart_set_translate_crlf
 .text.uart_init
                0x10001d74       0x80 CMakeFiles/parkinson_pen_project.dir/D_/study/parkinson_pen/pico_sdk/pico-sdk/src/rp2_common/hardware_uart/uart.c.obj
                0x10001d74                uart_init
 .text.clock_configure
                0x10001df4      0x108 CMakeFiles/parkinson_pen_project.dir/D_/study/parkinson_pen/pico_sdk/pico-sdk/src/rp2_common/hardware_clocks/clocks.c.obj
                0x10001df4                clock_configure
 .text.clocks_init
                0x10001efc      0x100 CMakeFiles/parkinson_pen_project.dir/D_/study/parkinson_pen/pico_sdk/pico-sdk/src/rp2_common/hardware_clocks/clocks.c.obj
                0x10001efc                clocks_init
 .text.clock_get_hz
                0x10001ffc        0xc CMakeFiles/parkinson_pen_project.dir/D_/study/parkinson_pen/pico_sdk/pico-sdk/src/rp2_common/hardware_clocks/clocks.c.obj
                0x10001ffc                clock_get_hz
 .text.pll_init
                0x10002008      0x120 CMakeFiles/parkinson_pen_project.dir/D_/study/parkinson_pen/pico_sdk/pico-sdk/src/rp2_common/hardware_pll/pll.c.obj
                0x10002008                pll_init
 .text.watchdog_start_tick
                0x10002128       0x10 CMakeFiles/parkinson_pen_project.dir/D_/study/parkinson_pen/pico_sdk/pico-sdk/src/rp2_common/hardware_watchdog/watchdog.c.obj
                0x10002128                watchdog_start_tick
 .text.xosc_init
                0x10002138       0x28 CMakeFiles/parkinson_pen_project.dir/D_/study/parkinson_pen/pico_sdk/pico-sdk/src/rp2_common/hardware_xosc/xosc.c.obj
                0x10002138                xosc_init
 .text._exit    0x10002160        0x4 CMakeFiles/parkinson_pen_project.dir/D_/study/parkinson_pen/pico_sdk/pico-sdk/src/rp2_common/pico_runtime/runtime.c.obj
                0x10002160                _exit
 .text.exit     0x10002164        0x6 CMakeFiles/parkinson_pen_project.dir/D_/study/parkinson_pen/pico_sdk/pico-sdk/src/rp2_common/pico_runtime/runtime.c.obj
                0x10002164                exit
 *fill*         0x1000216a        0x2 
 .text.__assert_func
                0x1000216c       0x3c CMakeFiles/parkinson_pen_project.dir/D_/study/parkinson_pen/pico_sdk/pico-sdk/src/rp2_common/pico_runtime/runtime.c.obj
                0x1000216c                __assert_func
 .text.runtime_init
                0x100021a8       0xf8 CMakeFiles/parkinson_pen_project.dir/D_/study/parkinson_pen/pico_sdk/pico-sdk/src/rp2_common/pico_runtime/runtime.c.obj
                0x100021a8                runtime_init
 .text.panic    0x100022a0       0x30 CMakeFiles/parkinson_pen_project.dir/D_/study/parkinson_pen/pico_sdk/pico-sdk/src/rp2_common/pico_runtime/runtime.c.obj
                0x100022a0                panic
 .text._out_null
                0x100022d0        0x2 CMakeFiles/parkinson_pen_project.dir/D_/study/parkinson_pen/pico_sdk/pico-sdk/src/rp2_common/pico_printf/printf.c.obj
 .text._out_fct
                0x100022d2        0xe CMakeFiles/parkinson_pen_project.dir/D_/study/parkinson_pen/pico_sdk/pico-sdk/src/rp2_common/pico_printf/printf.c.obj
 .text._atoi    0x100022e0       0x24 CMakeFiles/parkinson_pen_project.dir/D_/study/parkinson_pen/pico_sdk/pico-sdk/src/rp2_common/pico_printf/printf.c.obj
 .text._out_rev
                0x10002304       0xae CMakeFiles/parkinson_pen_project.dir/D_/study/parkinson_pen/pico_sdk/pico-sdk/src/rp2_common/pico_printf/printf.c.obj
 .text._ntoa_format
                0x100023b2      0x112 CMakeFiles/parkinson_pen_project.dir/D_/study/parkinson_pen/pico_sdk/pico-sdk/src/rp2_common/pico_printf/printf.c.obj
 .text._ntoa_long
                0x100024c4       0xbc CMakeFiles/parkinson_pen_project.dir/D_/study/parkinson_pen/pico_sdk/pico-sdk/src/rp2_common/pico_printf/printf.c.obj
 .text._ntoa_long_long
                0x10002580       0xe2 CMakeFiles/parkinson_pen_project.dir/D_/study/parkinson_pen/pico_sdk/pico-sdk/src/rp2_common/pico_printf/printf.c.obj
 *fill*         0x10002662        0x2 
 .text._etoa    0x10002664      0x414 CMakeFiles/parkinson_pen_project.dir/D_/study/parkinson_pen/pico_sdk/pico-sdk/src/rp2_common/pico_printf/printf.c.obj
 .text._ftoa    0x10002a78      0x354 CMakeFiles/parkinson_pen_project.dir/D_/study/parkinson_pen/pico_sdk/pico-sdk/src/rp2_common/pico_printf/printf.c.obj
 .text._vsnprintf
                0x10002dcc      0x624 CMakeFiles/parkinson_pen_project.dir/D_/study/parkinson_pen/pico_sdk/pico-sdk/src/rp2_common/pico_printf/printf.c.obj
 .text.vfctprintf
                0x100033f0       0x20 CMakeFiles/parkinson_pen_project.dir/D_/study/parkinson_pen/pico_sdk/pico-sdk/src/rp2_common/pico_printf/printf.c.obj
                0x100033f0                vfctprintf
 .text          0x10003410       0x10 CMakeFiles/parkinson_pen_project.dir/D_/study/parkinson_pen/pico_sdk/pico-sdk/src/rp2_common/pico_bit_ops/bit_ops_aeabi.S.obj
 .text.rom_func_lookup
                0x10003420       0x10 CMakeFiles/parkinson_pen_project.dir/D_/study/parkinson_pen/pico_sdk/pico-sdk/src/rp2_common/pico_bootrom/bootrom.c.obj
                0x10003420                rom_func_lookup
 .text.rom_data_lookup
                0x10003430       0x10 CMakeFiles/parkinson_pen_project.dir/D_/study/parkinson_pen/pico_sdk/pico-sdk/src/rp2_common/pico_bootrom/bootrom.c.obj
                0x10003430                rom_data_lookup
 .text.rom_funcs_lookup
                0x10003440       0x36 CMakeFiles/parkinson_pen_project.dir/D_/study/parkinson_pen/pico_sdk/pico-sdk/src/rp2_common/pico_bootrom/bootrom.c.obj
                0x10003440                rom_funcs_lookup
 *fill*         0x10003476        0x2 
 .text.__wrap___aeabi_idiv
                0x10003478       0x50 CMakeFiles/parkinson_pen_project.dir/D_/study/parkinson_pen/pico_sdk/pico-sdk/src/rp2_common/pico_divider/divider.S.obj
                0x10003478                __wrap___aeabi_idivmod
                0x10003478                divmod_s32s32
                0x10003478                div_s32s32
                0x10003478                __wrap___aeabi_idiv
                0x10003480                divmod_s32s32_unsafe
                0x100034ac                divmod_s32s32_savestate
 .text.__wrap___aeabi_uidiv
                0x100034c8       0x4c CMakeFiles/parkinson_pen_project.dir/D_/study/parkinson_pen/pico_sdk/pico-sdk/src/rp2_common/pico_divider/divider.S.obj
                0x100034c8                __wrap___aeabi_uidiv
                0x100034c8                __wrap___aeabi_uidivmod
                0x100034c8                div_u32u32
                0x100034c8                divmod_u32u32
                0x100034d0                divmod_u32u32_unsafe
                0x100034f8                divmod_u32u32_savestate
 .text.__wrap___aeabi_ldiv
                0x10003514      0x424 CMakeFiles/parkinson_pen_project.dir/D_/study/parkinson_pen/pico_sdk/pico-sdk/src/rp2_common/pico_divider/divider.S.obj
                0x10003514                div_s64s64
                0x10003514                divmod_s64s64
                0x10003514                __wrap___aeabi_ldivmod
                0x10003544                divmod_u64u64
                0x10003544                div_u64u64
                0x10003544                __wrap___aeabi_uldivmod
                0x10003554                divmod_u64u64_savestate
                0x10003574                divmod_s64s64_unsafe
                0x100035fc                divmod_u64u64_unsafe
 .text.__wrap___aeabi_darithmetic
                0x10003938       0x80 CMakeFiles/parkinson_pen_project.dir/D_/study/parkinson_pen/pico_sdk/pico-sdk/src/rp2_common/pico_double/double_aeabi.S.obj
                0x10003938                __wrap___aeabi_drsub
                0x1000393e                __wrap___aeabi_dsub
                0x10003950                __wrap___aeabi_dadd
                0x10003962                __wrap___aeabi_ddiv
                0x1000399e                __wrap___aeabi_dmul
 .text.__wrap___aeabi_cdcmple
                0x100039b8       0x6c CMakeFiles/parkinson_pen_project.dir/D_/study/parkinson_pen/pico_sdk/pico-sdk/src/rp2_common/pico_double/double_aeabi.S.obj
                0x100039b8                __wrap___aeabi_cdrcmple
                0x100039c8                __wrap___aeabi_cdcmpeq
                0x100039c8                __wrap___aeabi_cdcmple
 .text.__wrap___aeabi_dcmplt
                0x10003a24        0xc CMakeFiles/parkinson_pen_project.dir/D_/study/parkinson_pen/pico_sdk/pico-sdk/src/rp2_common/pico_double/double_aeabi.S.obj
                0x10003a24                __wrap___aeabi_dcmplt
 .text.__wrap___aeabi_dcmple
                0x10003a30       0x10 CMakeFiles/parkinson_pen_project.dir/D_/study/parkinson_pen/pico_sdk/pico-sdk/src/rp2_common/pico_double/double_aeabi.S.obj
                0x10003a30                __wrap___aeabi_dcmple
 .text.__wrap___aeabi_dcmpge
                0x10003a40       0x10 CMakeFiles/parkinson_pen_project.dir/D_/study/parkinson_pen/pico_sdk/pico-sdk/src/rp2_common/pico_double/double_aeabi.S.obj
                0x10003a40                __wrap___aeabi_dcmpge
 .text.__wrap___aeabi_dcmpgt
                0x10003a50        0xa CMakeFiles/parkinson_pen_project.dir/D_/study/parkinson_pen/pico_sdk/pico-sdk/src/rp2_common/pico_double/double_aeabi.S.obj
                0x10003a50                __wrap___aeabi_dcmpgt
 .text.__wrap___aeabi_dcmpun
                0x10003a5a       0x1c CMakeFiles/parkinson_pen_project.dir/D_/study/parkinson_pen/pico_sdk/pico-sdk/src/rp2_common/pico_double/double_aeabi.S.obj
                0x10003a5a                __wrap___aeabi_dcmpun
 *fill*         0x10003a76        0x2 
 .text.__wrap___aeabi_i2d
                0x10003a78       0x38 CMakeFiles/parkinson_pen_project.dir/D_/study/parkinson_pen/pico_sdk/pico-sdk/src/rp2_common/pico_double/double_aeabi.S.obj
                0x10003a78                __wrap___aeabi_ui2d
                0x10003a80                __wrap___aeabi_i2d
 .text.__wrap___aeabi_d2iz
                0x10003ab0       0x48 CMakeFiles/parkinson_pen_project.dir/D_/study/parkinson_pen/pico_sdk/pico-sdk/src/rp2_common/pico_double/double_aeabi.S.obj
                0x10003ab0                double2int_z
                0x10003ab0                __wrap___aeabi_d2iz
 .text.__wrap___aeabi_d2uiz
                0x10003af8       0x18 CMakeFiles/parkinson_pen_project.dir/D_/study/parkinson_pen/pico_sdk/pico-sdk/src/rp2_common/pico_double/double_aeabi.S.obj
                0x10003af8                __wrap___aeabi_d2uiz
                0x10003af8                double2uint
 .text.__aeabi_double_init
                0x10003b10       0xc8 CMakeFiles/parkinson_pen_project.dir/D_/study/parkinson_pen/pico_sdk/pico-sdk/src/rp2_common/pico_double/double_init_rom.c.obj
                0x10003b10                __aeabi_double_init
 .text.double_table_shim_on_use_helper
                0x10003bd8       0x34 CMakeFiles/parkinson_pen_project.dir/D_/study/parkinson_pen/pico_sdk/pico-sdk/src/rp2_common/pico_double/double_v1_rom_shim.S.obj
                0x10003bd8                double_table_shim_on_use_helper
 .text.__wrap___aeabi_dsub
                0x10003c0c       0x10 CMakeFiles/parkinson_pen_project.dir/D_/study/parkinson_pen/pico_sdk/pico-sdk/src/rp2_common/pico_double/double_v1_rom_shim.S.obj
                0x10003c0c                drsub_shim
                0x10003c12                dsub_shim
 .text.dadd_shim
                0x10003c1c      0x15c CMakeFiles/parkinson_pen_project.dir/D_/study/parkinson_pen/pico_sdk/pico-sdk/src/rp2_common/pico_double/double_v1_rom_shim.S.obj
                0x10003c1c                dadd_shim
 .text.dmul_shim
                0x10003d78      0x15c CMakeFiles/parkinson_pen_project.dir/D_/study/parkinson_pen/pico_sdk/pico-sdk/src/rp2_common/pico_double/double_v1_rom_shim.S.obj
                0x10003d78                dmul_shim
 .text.ddiv_shim
                0x10003ed4      0x1b0 CMakeFiles/parkinson_pen_project.dir/D_/study/parkinson_pen/pico_sdk/pico-sdk/src/rp2_common/pico_double/double_v1_rom_shim.S.obj
                0x10003ed4                ddiv_shim
 .text.double2uint_shim
                0x10004084        0xe CMakeFiles/parkinson_pen_project.dir/D_/study/parkinson_pen/pico_sdk/pico-sdk/src/rp2_common/pico_double/double_v1_rom_shim.S.obj
                0x10004084                double2uint_shim
                0x10004086                double2ufix_shim
 *fill*         0x10004092        0x2 
 .text.double2uint64_shim
                0x10004094       0x70 CMakeFiles/parkinson_pen_project.dir/D_/study/parkinson_pen/pico_sdk/pico-sdk/src/rp2_common/pico_double/double_v1_rom_shim.S.obj
                0x10004094                double2uint64_shim
                0x10004096                double2ufix64_shim
                0x100040b6                d2fix_a
 .text.dunpacks
                0x10004104       0x3c CMakeFiles/parkinson_pen_project.dir/D_/study/parkinson_pen/pico_sdk/pico-sdk/src/rp2_common/pico_double/double_v1_rom_shim.S.obj
                0x10004104                dunpacks
 .text.__wrap___aeabi_farithmetic
                0x10004140       0x58 CMakeFiles/parkinson_pen_project.dir/D_/study/parkinson_pen/pico_sdk/pico-sdk/src/rp2_common/pico_float/float_aeabi.S.obj
                0x10004140                __wrap___aeabi_frsub
                0x10004146                __wrap___aeabi_fsub
                0x10004150                __wrap___aeabi_fadd
                0x1000415a                __wrap___aeabi_fdiv
                0x10004186                __wrap___aeabi_fmul
 .text.__wrap___aeabi_i2f
                0x10004198       0x44 CMakeFiles/parkinson_pen_project.dir/D_/study/parkinson_pen/pico_sdk/pico-sdk/src/rp2_common/pico_float/float_aeabi.S.obj
                0x10004198                __wrap___aeabi_i2f
 .text.__wrap___aeabi_f2d
                0x100041dc       0x14 CMakeFiles/parkinson_pen_project.dir/D_/study/parkinson_pen/pico_sdk/pico-sdk/src/rp2_common/pico_float/float_aeabi.S.obj
                0x100041dc                __wrap___aeabi_f2d
 .text.__aeabi_float_init
                0x100041f0       0xfc CMakeFiles/parkinson_pen_project.dir/D_/study/parkinson_pen/pico_sdk/pico-sdk/src/rp2_common/pico_float/float_init_rom.c.obj
                0x100041f0                __aeabi_float_init
 .text.float_table_shim_on_use_helper
                0x100042ec       0x34 CMakeFiles/parkinson_pen_project.dir/D_/study/parkinson_pen/pico_sdk/pico-sdk/src/rp2_common/pico_float/float_v1_rom_shim.S.obj
                0x100042ec                float_table_shim_on_use_helper
 .text.float2double_shim
                0x10004320       0x30 CMakeFiles/parkinson_pen_project.dir/D_/study/parkinson_pen/pico_sdk/pico-sdk/src/rp2_common/pico_float/float_v1_rom_shim.S.obj
                0x10004320                float2double_shim
 .text          0x10004350       0x10 CMakeFiles/parkinson_pen_project.dir/D_/study/parkinson_pen/pico_sdk/pico-sdk/src/rp2_common/pico_mem_ops/mem_ops_aeabi.S.obj
                0x10004350                __aeabi_mem_init
 .text.memset   0x10004360        0xc CMakeFiles/parkinson_pen_project.dir/D_/study/parkinson_pen/pico_sdk/pico-sdk/src/rp2_common/pico_mem_ops/mem_ops_aeabi.S.obj
                0x10004360                __wrap_memset
 .text.memcpy   0x1000436c        0xc CMakeFiles/parkinson_pen_project.dir/D_/study/parkinson_pen/pico_sdk/pico-sdk/src/rp2_common/pico_mem_ops/mem_ops_aeabi.S.obj
                0x1000436c                __wrap_memcpy
                0x1000436c                __wrap___aeabi_memcpy
 .text.stdio_out_chars_no_crlf
                0x10004378        0xe CMakeFiles/parkinson_pen_project.dir/D_/study/parkinson_pen/pico_sdk/pico-sdk/src/rp2_common/pico_stdio/stdio.c.obj
 *fill*         0x10004386        0x2 
 .text.stdio_out_chars_crlf
                0x10004388       0x80 CMakeFiles/parkinson_pen_project.dir/D_/study/parkinson_pen/pico_sdk/pico-sdk/src/rp2_common/pico_stdio/stdio.c.obj
 .text.stdio_stack_buffer_flush
                0x10004408       0x44 CMakeFiles/parkinson_pen_project.dir/D_/study/parkinson_pen/pico_sdk/pico-sdk/src/rp2_common/pico_stdio/stdio.c.obj
 .text.stdio_buffered_printer
                0x1000444c       0x20 CMakeFiles/parkinson_pen_project.dir/D_/study/parkinson_pen/pico_sdk/pico-sdk/src/rp2_common/pico_stdio/stdio.c.obj
 .text.stdout_serialize_begin
                0x1000446c       0x5c CMakeFiles/parkinson_pen_project.dir/D_/study/parkinson_pen/pico_sdk/pico-sdk/src/rp2_common/pico_stdio/stdio.c.obj
                0x1000446c                stdout_serialize_begin
 .text.stdout_serialize_end
                0x100044c8       0x10 CMakeFiles/parkinson_pen_project.dir/D_/study/parkinson_pen/pico_sdk/pico-sdk/src/rp2_common/pico_stdio/stdio.c.obj
                0x100044c8                stdout_serialize_end
 .text.stdio_put_string
                0x100044d8       0x98 CMakeFiles/parkinson_pen_project.dir/D_/study/parkinson_pen/pico_sdk/pico-sdk/src/rp2_common/pico_stdio/stdio.c.obj
 .text.stdio_set_driver_enabled
                0x10004570       0x2c CMakeFiles/parkinson_pen_project.dir/D_/study/parkinson_pen/pico_sdk/pico-sdk/src/rp2_common/pico_stdio/stdio.c.obj
                0x10004570                stdio_set_driver_enabled
 .text.stdio_flush
                0x1000459c       0x20 CMakeFiles/parkinson_pen_project.dir/D_/study/parkinson_pen/pico_sdk/pico-sdk/src/rp2_common/pico_stdio/stdio.c.obj
                0x1000459c                stdio_flush
 .text.__wrap_puts
                0x100045bc       0x1e CMakeFiles/parkinson_pen_project.dir/D_/study/parkinson_pen/pico_sdk/pico-sdk/src/rp2_common/pico_stdio/stdio.c.obj
                0x100045bc                __wrap_puts
 *fill*         0x100045da        0x2 
 .text.__wrap_vprintf
                0x100045dc       0x40 CMakeFiles/parkinson_pen_project.dir/D_/study/parkinson_pen/pico_sdk/pico-sdk/src/rp2_common/pico_stdio/stdio.c.obj
                0x100045dc                __wrap_vprintf
 .text.__wrap_printf
                0x1000461c       0x18 CMakeFiles/parkinson_pen_project.dir/D_/study/parkinson_pen/pico_sdk/pico-sdk/src/rp2_common/pico_stdio/stdio.c.obj
                0x1000461c                __wrap_printf
 .text.stdio_init_all
                0x10004634        0xa CMakeFiles/parkinson_pen_project.dir/D_/study/parkinson_pen/pico_sdk/pico-sdk/src/rp2_common/pico_stdio/stdio.c.obj
                0x10004634                stdio_init_all
 *fill*         0x1000463e        0x2 
 .text.stdio_uart_out_chars
                0x10004640       0x74 CMakeFiles/parkinson_pen_project.dir/D_/study/parkinson_pen/pico_sdk/pico-sdk/src/rp2_common/pico_stdio_uart/stdio_uart.c.obj
 .text.stdio_uart_in_chars
                0x100046b4       0x80 CMakeFiles/parkinson_pen_project.dir/D_/study/parkinson_pen/pico_sdk/pico-sdk/src/rp2_common/pico_stdio_uart/stdio_uart.c.obj
                0x100046b4                stdio_uart_in_chars
 .text.on_uart_rx
                0x10004734       0x28 CMakeFiles/parkinson_pen_project.dir/D_/study/parkinson_pen/pico_sdk/pico-sdk/src/rp2_common/pico_stdio_uart/stdio_uart.c.obj
 .text.stdio_uart_set_chars_available_callback
                0x1000475c       0x8c CMakeFiles/parkinson_pen_project.dir/D_/study/parkinson_pen/pico_sdk/pico-sdk/src/rp2_common/pico_stdio_uart/stdio_uart.c.obj
 .text.stdio_uart_init_full
                0x100047e8       0x44 CMakeFiles/parkinson_pen_project.dir/D_/study/parkinson_pen/pico_sdk/pico-sdk/src/rp2_common/pico_stdio_uart/stdio_uart.c.obj
                0x100047e8                stdio_uart_init_full
 .text.stdio_uart_init
                0x1000482c       0x28 CMakeFiles/parkinson_pen_project.dir/D_/study/parkinson_pen/pico_sdk/pico-sdk/src/rp2_common/pico_stdio_uart/stdio_uart.c.obj
                0x1000482c                stdio_uart_init
 .text.strlen   0x10004854       0x5c c:/progra~2/gnuarm~1/102021~1.10/bin/../lib/gcc/arm-none-eabi/10.3.1/../../../../arm-none-eabi/lib/thumb/v6-m/nofp\libg.a(lib_a-strlen-stub.o)
                0x10004854                strlen
 *(.fini)
 .fini          0x100048b0        0x4 c:/progra~2/gnuarm~1/102021~1.10/bin/../lib/gcc/arm-none-eabi/10.3.1/thumb/v6-m/nofp/crti.o
                0x100048b0                _fini
 *fill*         0x100048b4        0x4 
 .fini.__stub   0x100048b8       0x40 linker stubs
 *crtbegin.o(.ctors)
 *crtbegin?.o(.ctors)
 *(EXCLUDE_FILE(*crtend.o *crtend?.o) .ctors)
 *(SORT_BY_NAME(.ctors.*))
 *(.ctors)
 *crtbegin.o(.dtors)
 *crtbegin?.o(.dtors)
 *(EXCLUDE_FILE(*crtend.o *crtend?.o) .dtors)
 *(SORT_BY_NAME(.dtors.*))
 *(.dtors)
 *(.eh_frame*)
 .eh_frame      0x100048f8        0x0 c:/progra~2/gnuarm~1/102021~1.10/bin/../lib/gcc/arm-none-eabi/10.3.1/thumb/v6-m/nofp/crtbegin.o
                0x100048f8                . = ALIGN (0x4)

.glue_7         0x100048f8        0x0
 .glue_7        0x100048f8        0x0 linker stubs

.glue_7t        0x100048f8        0x0
 .glue_7t       0x100048f8        0x0 linker stubs

.vfp11_veneer   0x100048f8        0x0
 .vfp11_veneer  0x100048f8        0x0 linker stubs

.v4_bx          0x100048f8        0x0
 .v4_bx         0x100048f8        0x0 linker stubs

.iplt           0x100048f8        0x0
 .iplt          0x100048f8        0x0 c:/progra~2/gnuarm~1/102021~1.10/bin/../lib/gcc/arm-none-eabi/10.3.1/thumb/v6-m/nofp/crtbegin.o

.rodata         0x100048f8     0x1010
 *(EXCLUDE_FILE(*libm.a: *libc.a:*lib_a-mem*.o *libgcc.a:) .rodata*)
 .rodata.__bi_3292.0
                0x100048f8        0x8 CMakeFiles/parkinson_pen_project.dir/src/inv_mpu.c.obj
 .rodata.Send_Attitude_Date.str1.4
                0x10004900        0xb CMakeFiles/parkinson_pen_project.dir/src/MyUart.c.obj
 *fill*         0x1000490b        0x1 
 .rodata.data_phase
                0x1000490c       0x5c CMakeFiles/parkinson_pen_project.dir/src/atk_ms901m.c.obj
 .rodata.make_branch.str1.4
                0x10004968       0x7b CMakeFiles/parkinson_pen_project.dir/D_/study/parkinson_pen/pico_sdk/pico-sdk/src/rp2_common/hardware_irq/irq.c.obj
 *fill*         0x100049e3        0x1 
 .rodata.insert_branch_and_link.str1.4
                0x100049e4       0x10 CMakeFiles/parkinson_pen_project.dir/D_/study/parkinson_pen/pico_sdk/pico-sdk/src/rp2_common/hardware_irq/irq.c.obj
 .rodata.irq_set_exclusive_handler.str1.4
                0x100049f4       0x36 CMakeFiles/parkinson_pen_project.dir/D_/study/parkinson_pen/pico_sdk/pico-sdk/src/rp2_common/hardware_irq/irq.c.obj
 *fill*         0x10004a2a        0x2 
 .rodata.irq_add_shared_handler.str1.4
                0x10004a2c       0xd9 CMakeFiles/parkinson_pen_project.dir/D_/study/parkinson_pen/pico_sdk/pico-sdk/src/rp2_common/hardware_irq/irq.c.obj
 *fill*         0x10004b05        0x3 
 .rodata.irq_remove_handler.str1.4
                0x10004b08       0x3a CMakeFiles/parkinson_pen_project.dir/D_/study/parkinson_pen/pico_sdk/pico-sdk/src/rp2_common/hardware_irq/irq.c.obj
 *fill*         0x10004b42        0x2 
 .rodata.irq_add_tail_to_free_list.str1.4
                0x10004b44       0x3a CMakeFiles/parkinson_pen_project.dir/D_/study/parkinson_pen/pico_sdk/pico-sdk/src/rp2_common/hardware_irq/irq.c.obj
 *fill*         0x10004b7e        0x2 
 .rodata.__func__.0
                0x10004b80       0x1a CMakeFiles/parkinson_pen_project.dir/D_/study/parkinson_pen/pico_sdk/pico-sdk/src/rp2_common/hardware_irq/irq.c.obj
 *fill*         0x10004b9a        0x2 
 .rodata.__func__.1
                0x10004b9c       0x17 CMakeFiles/parkinson_pen_project.dir/D_/study/parkinson_pen/pico_sdk/pico-sdk/src/rp2_common/hardware_irq/irq.c.obj
 *fill*         0x10004bb3        0x1 
 .rodata.__func__.2
                0x10004bb4       0x13 CMakeFiles/parkinson_pen_project.dir/D_/study/parkinson_pen/pico_sdk/pico-sdk/src/rp2_common/hardware_irq/irq.c.obj
 *fill*         0x10004bc7        0x1 
 .rodata.__func__.3
                0x10004bc8        0xc CMakeFiles/parkinson_pen_project.dir/D_/study/parkinson_pen/pico_sdk/pico-sdk/src/rp2_common/hardware_irq/irq.c.obj
 .rodata.__func__.4
                0x10004bd4        0xf CMakeFiles/parkinson_pen_project.dir/D_/study/parkinson_pen/pico_sdk/pico-sdk/src/rp2_common/hardware_irq/irq.c.obj
 *fill*         0x10004be3        0x1 
 .rodata.__func__.6
                0x10004be4       0x1a CMakeFiles/parkinson_pen_project.dir/D_/study/parkinson_pen/pico_sdk/pico-sdk/src/rp2_common/hardware_irq/irq.c.obj
 *fill*         0x10004bfe        0x2 
 .rodata.str1.4
                0x10004c00      0x109 CMakeFiles/parkinson_pen_project.dir/D_/study/parkinson_pen/pico_sdk/pico-sdk/src/common/pico_sync/mutex.c.obj
 *fill*         0x10004d09        0x3 
 .rodata.__func__.1
                0x10004d0c        0xb CMakeFiles/parkinson_pen_project.dir/D_/study/parkinson_pen/pico_sdk/pico-sdk/src/common/pico_sync/mutex.c.obj
 *fill*         0x10004d17        0x1 
 .rodata.__func__.3
                0x10004d18       0x18 CMakeFiles/parkinson_pen_project.dir/D_/study/parkinson_pen/pico_sdk/pico-sdk/src/common/pico_sync/mutex.c.obj
 .rodata.repeating_timer_callback.str1.4
                0x10004d30       0x59 CMakeFiles/parkinson_pen_project.dir/D_/study/parkinson_pen/pico_sdk/pico-sdk/src/common/pico_time/time.c.obj
 *fill*         0x10004d89        0x3 
 .rodata.timer_pool_entry_comparator.str1.4
                0x10004d8c       0x22 CMakeFiles/parkinson_pen_project.dir/D_/study/parkinson_pen/pico_sdk/pico-sdk/src/common/pico_time/time.c.obj
 *fill*         0x10004dae        0x2 
 .rodata.ph_add_child_node.str1.4
                0x10004db0       0xa2 CMakeFiles/parkinson_pen_project.dir/D_/study/parkinson_pen/pico_sdk/pico-sdk/src/common/pico_time/time.c.obj
 *fill*         0x10004e52        0x2 
 .rodata.add_alarm_under_lock.str1.4
                0x10004e54       0x28 CMakeFiles/parkinson_pen_project.dir/D_/study/parkinson_pen/pico_sdk/pico-sdk/src/common/pico_time/time.c.obj
                                 0x2b (size before relaxing)
 .rodata.alarm_pool_alarm_callback.str1.4
                0x10004e7c       0x98 CMakeFiles/parkinson_pen_project.dir/D_/study/parkinson_pen/pico_sdk/pico-sdk/src/common/pico_time/time.c.obj
                                0x108 (size before relaxing)
 .rodata.alarm_pool_get_default.str1.4
                0x10004f14       0x21 CMakeFiles/parkinson_pen_project.dir/D_/study/parkinson_pen/pico_sdk/pico-sdk/src/common/pico_time/time.c.obj
 *fill*         0x10004f35        0x3 
 .rodata.alarm_pool_cancel_alarm.str1.4
                0x10004f38       0x27 CMakeFiles/parkinson_pen_project.dir/D_/study/parkinson_pen/pico_sdk/pico-sdk/src/common/pico_time/time.c.obj
 *fill*         0x10004f5f        0x1 
 .rodata.__func__.1
                0x10004f60       0x18 CMakeFiles/parkinson_pen_project.dir/D_/study/parkinson_pen/pico_sdk/pico-sdk/src/common/pico_time/time.c.obj
 .rodata.__func__.10
                0x10004f78       0x15 CMakeFiles/parkinson_pen_project.dir/D_/study/parkinson_pen/pico_sdk/pico-sdk/src/common/pico_time/time.c.obj
 *fill*         0x10004f8d        0x3 
 .rodata.__func__.11
                0x10004f90       0x1a CMakeFiles/parkinson_pen_project.dir/D_/study/parkinson_pen/pico_sdk/pico-sdk/src/common/pico_time/time.c.obj
 *fill*         0x10004faa        0x2 
 .rodata.__func__.12
                0x10004fac        0xa CMakeFiles/parkinson_pen_project.dir/D_/study/parkinson_pen/pico_sdk/pico-sdk/src/common/pico_time/time.c.obj
 *fill*         0x10004fb6        0x2 
 .rodata.__func__.3
                0x10004fb8       0x17 CMakeFiles/parkinson_pen_project.dir/D_/study/parkinson_pen/pico_sdk/pico-sdk/src/common/pico_time/time.c.obj
 *fill*         0x10004fcf        0x1 
 .rodata.__func__.4
                0x10004fd0       0x12 CMakeFiles/parkinson_pen_project.dir/D_/study/parkinson_pen/pico_sdk/pico-sdk/src/common/pico_time/time.c.obj
 *fill*         0x10004fe2        0x2 
 .rodata.__func__.5
                0x10004fe4        0xd CMakeFiles/parkinson_pen_project.dir/D_/study/parkinson_pen/pico_sdk/pico-sdk/src/common/pico_time/time.c.obj
 *fill*         0x10004ff1        0x3 
 .rodata.__func__.6
                0x10004ff4       0x12 CMakeFiles/parkinson_pen_project.dir/D_/study/parkinson_pen/pico_sdk/pico-sdk/src/common/pico_time/time.c.obj
 *fill*         0x10005006        0x2 
 .rodata.__func__.7
                0x10005008        0xf CMakeFiles/parkinson_pen_project.dir/D_/study/parkinson_pen/pico_sdk/pico-sdk/src/common/pico_time/time.c.obj
 *fill*         0x10005017        0x1 
 .rodata.__func__.8
                0x10005018        0xc CMakeFiles/parkinson_pen_project.dir/D_/study/parkinson_pen/pico_sdk/pico-sdk/src/common/pico_time/time.c.obj
 .rodata.__func__.9
                0x10005024       0x15 CMakeFiles/parkinson_pen_project.dir/D_/study/parkinson_pen/pico_sdk/pico-sdk/src/common/pico_time/time.c.obj
 *fill*         0x10005039        0x3 
 .rodata.hardware_alarm_claim.str1.4
                0x1000503c       0x22 CMakeFiles/parkinson_pen_project.dir/D_/study/parkinson_pen/pico_sdk/pico-sdk/src/rp2_common/hardware_timer/timer.c.obj
 .rodata.busy_wait_us.str1.4
                0x1000505e       0x6f CMakeFiles/parkinson_pen_project.dir/D_/study/parkinson_pen/pico_sdk/pico-sdk/src/rp2_common/hardware_timer/timer.c.obj
 *fill*         0x1000505e        0x2 
 .rodata.hardware_alarm_set_target.str1.4
                0x10005060       0x73 CMakeFiles/parkinson_pen_project.dir/D_/study/parkinson_pen/pico_sdk/pico-sdk/src/rp2_common/hardware_timer/timer.c.obj
 *fill*         0x100050d3        0x1 
 .rodata.__func__.0
                0x100050d4       0x1a CMakeFiles/parkinson_pen_project.dir/D_/study/parkinson_pen/pico_sdk/pico-sdk/src/rp2_common/hardware_timer/timer.c.obj
 *fill*         0x100050ee        0x2 
 .rodata.__func__.1
                0x100050f0       0x15 CMakeFiles/parkinson_pen_project.dir/D_/study/parkinson_pen/pico_sdk/pico-sdk/src/rp2_common/hardware_timer/timer.c.obj
 .rodata.ph_add_child_node.str1.4
                0x10005105       0xa2 CMakeFiles/parkinson_pen_project.dir/D_/study/parkinson_pen/pico_sdk/pico-sdk/src/common/pico_util/pheap.c.obj
 *fill*         0x10005105        0x3 
 .rodata.ph_remove_any_head.str1.4
                0x10005108       0x9c CMakeFiles/parkinson_pen_project.dir/D_/study/parkinson_pen/pico_sdk/pico-sdk/src/common/pico_util/pheap.c.obj
                                 0xb0 (size before relaxing)
 .rodata.ph_remove_and_free_node.str1.4
                0x100051a4       0x1e CMakeFiles/parkinson_pen_project.dir/D_/study/parkinson_pen/pico_sdk/pico-sdk/src/common/pico_util/pheap.c.obj
                                 0x26 (size before relaxing)
 *fill*         0x100051c2        0x2 
 .rodata.__func__.0
                0x100051c4       0x18 CMakeFiles/parkinson_pen_project.dir/D_/study/parkinson_pen/pico_sdk/pico-sdk/src/common/pico_util/pheap.c.obj
 .rodata.__func__.1
                0x100051dc       0x13 CMakeFiles/parkinson_pen_project.dir/D_/study/parkinson_pen/pico_sdk/pico-sdk/src/common/pico_util/pheap.c.obj
 *fill*         0x100051ef        0x1 
 .rodata.__func__.2
                0x100051f0       0x12 CMakeFiles/parkinson_pen_project.dir/D_/study/parkinson_pen/pico_sdk/pico-sdk/src/common/pico_util/pheap.c.obj
 *fill*         0x10005202        0x2 
 .rodata.__func__.3
                0x10005204        0xc CMakeFiles/parkinson_pen_project.dir/D_/study/parkinson_pen/pico_sdk/pico-sdk/src/common/pico_util/pheap.c.obj
 .rodata.clock_configure.str1.4
                0x10005210       0x65 CMakeFiles/parkinson_pen_project.dir/D_/study/parkinson_pen/pico_sdk/pico-sdk/src/rp2_common/hardware_clocks/clocks.c.obj
 *fill*         0x10005275        0x3 
 .rodata.__func__.1
                0x10005278       0x10 CMakeFiles/parkinson_pen_project.dir/D_/study/parkinson_pen/pico_sdk/pico-sdk/src/rp2_common/hardware_clocks/clocks.c.obj
 .rodata.pll_init.str1.4
                0x10005288      0x130 CMakeFiles/parkinson_pen_project.dir/D_/study/parkinson_pen/pico_sdk/pico-sdk/src/rp2_common/hardware_pll/pll.c.obj
 .rodata.__func__.0
                0x100053b8        0x9 CMakeFiles/parkinson_pen_project.dir/D_/study/parkinson_pen/pico_sdk/pico-sdk/src/rp2_common/hardware_pll/pll.c.obj
 *fill*         0x100053c1        0x3 
 .rodata.__assert_func.str1.4
                0x100053c4       0x3f CMakeFiles/parkinson_pen_project.dir/D_/study/parkinson_pen/pico_sdk/pico-sdk/src/rp2_common/pico_runtime/runtime.c.obj
                                 0x43 (size before relaxing)
 *fill*         0x10005403        0x1 
 .rodata.runtime_init.str1.4
                0x10005404       0x6f CMakeFiles/parkinson_pen_project.dir/D_/study/parkinson_pen/pico_sdk/pico-sdk/src/rp2_common/pico_runtime/runtime.c.obj
 *fill*         0x10005473        0x1 
 .rodata.panic.str1.4
                0x10005474       0x12 CMakeFiles/parkinson_pen_project.dir/D_/study/parkinson_pen/pico_sdk/pico-sdk/src/rp2_common/pico_runtime/runtime.c.obj
 *fill*         0x10005486        0x2 
 .rodata.__func__.2
                0x10005488        0xd CMakeFiles/parkinson_pen_project.dir/D_/study/parkinson_pen/pico_sdk/pico-sdk/src/rp2_common/pico_runtime/runtime.c.obj
 *fill*         0x10005495        0x3 
 .rodata._ftoa.str1.4
                0x10005498       0x15 CMakeFiles/parkinson_pen_project.dir/D_/study/parkinson_pen/pico_sdk/pico-sdk/src/rp2_common/pico_printf/printf.c.obj
 *fill*         0x100054ad        0x3 
 .rodata._vsnprintf
                0x100054b0      0x1e0 CMakeFiles/parkinson_pen_project.dir/D_/study/parkinson_pen/pico_sdk/pico-sdk/src/rp2_common/pico_printf/printf.c.obj
 .rodata.pow10.0
                0x10005690       0x50 CMakeFiles/parkinson_pen_project.dir/D_/study/parkinson_pen/pico_sdk/pico-sdk/src/rp2_common/pico_printf/printf.c.obj
 .rodata.__aeabi_double_init.str1.4
                0x100056e0       0xaa CMakeFiles/parkinson_pen_project.dir/D_/study/parkinson_pen/pico_sdk/pico-sdk/src/rp2_common/pico_double/double_init_rom.c.obj
 *fill*         0x1000578a        0x2 
 .rodata.__func__.0
                0x1000578c       0x14 CMakeFiles/parkinson_pen_project.dir/D_/study/parkinson_pen/pico_sdk/pico-sdk/src/rp2_common/pico_double/double_init_rom.c.obj
 .rodata.__aeabi_float_init.str1.4
                0x100057a0       0x88 CMakeFiles/parkinson_pen_project.dir/D_/study/parkinson_pen/pico_sdk/pico-sdk/src/rp2_common/pico_float/float_init_rom.c.obj
                                 0x8c (size before relaxing)
 .rodata.__func__.0
                0x10005828       0x13 CMakeFiles/parkinson_pen_project.dir/D_/study/parkinson_pen/pico_sdk/pico-sdk/src/rp2_common/pico_float/float_init_rom.c.obj
 *fill*         0x1000583b        0x1 
 .rodata.str1.4
                0x1000583c       0x4c CMakeFiles/parkinson_pen_project.dir/D_/study/parkinson_pen/pico_sdk/pico-sdk/src/rp2_common/pico_standard_link/binary_info.c.obj
 .rodata.__bi_44
                0x10005888        0xc CMakeFiles/parkinson_pen_project.dir/D_/study/parkinson_pen/pico_sdk/pico-sdk/src/rp2_common/pico_standard_link/binary_info.c.obj
 .rodata.__bi_75
                0x10005894        0xc CMakeFiles/parkinson_pen_project.dir/D_/study/parkinson_pen/pico_sdk/pico-sdk/src/rp2_common/pico_standard_link/binary_info.c.obj
 .rodata.__bi_81
                0x100058a0        0xc CMakeFiles/parkinson_pen_project.dir/D_/study/parkinson_pen/pico_sdk/pico-sdk/src/rp2_common/pico_standard_link/binary_info.c.obj
 .rodata.stdout_serialize_begin.str1.4
                0x100058ac       0x6f CMakeFiles/parkinson_pen_project.dir/D_/study/parkinson_pen/pico_sdk/pico-sdk/src/rp2_common/pico_stdio/stdio.c.obj
 .rodata.__func__.3
                0x100058ac       0x15 CMakeFiles/parkinson_pen_project.dir/D_/study/parkinson_pen/pico_sdk/pico-sdk/src/rp2_common/pico_stdio/stdio.c.obj
 *fill*         0x100058c1        0x3 
 .rodata.crlf_str.2
                0x100058c4        0x2 CMakeFiles/parkinson_pen_project.dir/D_/study/parkinson_pen/pico_sdk/pico-sdk/src/rp2_common/pico_stdio/stdio.c.obj
 *fill*         0x100058c6        0x2 
 .rodata.str1.4
                0x100058c8       0x2c CMakeFiles/parkinson_pen_project.dir/D_/study/parkinson_pen/pico_sdk/pico-sdk/src/rp2_common/pico_stdio_uart/stdio_uart.c.obj
 .rodata.__bi_33.4
                0x100058f4        0xc CMakeFiles/parkinson_pen_project.dir/D_/study/parkinson_pen/pico_sdk/pico-sdk/src/rp2_common/pico_stdio_uart/stdio_uart.c.obj
 .rodata.__bi_34.5
                0x10005900        0x8 CMakeFiles/parkinson_pen_project.dir/D_/study/parkinson_pen/pico_sdk/pico-sdk/src/rp2_common/pico_stdio_uart/stdio_uart.c.obj
                0x10005908                . = ALIGN (0x4)
 *(SORT_BY_ALIGNMENT(SORT_BY_NAME(.flashdata*)))
                0x10005908                . = ALIGN (0x4)

.ARM.extab
 *(.ARM.extab* .gnu.linkonce.armextab.*)
                0x10005908                __exidx_start = .

.ARM.exidx
 *(.ARM.exidx* .gnu.linkonce.armexidx.*)
                0x10005908                __exidx_end = .
                0x10005908                . = ALIGN (0x4)
                0x10005908                __binary_info_start = .

.binary_info    0x10005908       0x28
 *(.binary_info.keep.*)
 .binary_info.keep.__bi_ptr3292
                0x10005908        0x4 CMakeFiles/parkinson_pen_project.dir/src/inv_mpu.c.obj
 .binary_info.keep.__bi_ptr22
                0x1000590c        0x4 CMakeFiles/parkinson_pen_project.dir/D_/study/parkinson_pen/pico_sdk/pico-sdk/src/rp2_common/pico_standard_link/binary_info.c.obj
 .binary_info.keep.__bi_ptr30
                0x10005910        0x4 CMakeFiles/parkinson_pen_project.dir/D_/study/parkinson_pen/pico_sdk/pico-sdk/src/rp2_common/pico_standard_link/binary_info.c.obj
 .binary_info.keep.__bi_ptr38
                0x10005914        0x4 CMakeFiles/parkinson_pen_project.dir/D_/study/parkinson_pen/pico_sdk/pico-sdk/src/rp2_common/pico_standard_link/binary_info.c.obj
 .binary_info.keep.__bi_ptr44
                0x10005918        0x4 CMakeFiles/parkinson_pen_project.dir/D_/study/parkinson_pen/pico_sdk/pico-sdk/src/rp2_common/pico_standard_link/binary_info.c.obj
 .binary_info.keep.__bi_ptr50
                0x1000591c        0x4 CMakeFiles/parkinson_pen_project.dir/D_/study/parkinson_pen/pico_sdk/pico-sdk/src/rp2_common/pico_standard_link/binary_info.c.obj
 .binary_info.keep.__bi_ptr75
                0x10005920        0x4 CMakeFiles/parkinson_pen_project.dir/D_/study/parkinson_pen/pico_sdk/pico-sdk/src/rp2_common/pico_standard_link/binary_info.c.obj
 .binary_info.keep.__bi_ptr81
                0x10005924        0x4 CMakeFiles/parkinson_pen_project.dir/D_/study/parkinson_pen/pico_sdk/pico-sdk/src/rp2_common/pico_standard_link/binary_info.c.obj
 *(.binary_info.*)
 .binary_info.__bi_ptr33
                0x10005928        0x4 CMakeFiles/parkinson_pen_project.dir/D_/study/parkinson_pen/pico_sdk/pico-sdk/src/rp2_common/pico_stdio_uart/stdio_uart.c.obj
 .binary_info.__bi_ptr34
                0x1000592c        0x4 CMakeFiles/parkinson_pen_project.dir/D_/study/parkinson_pen/pico_sdk/pico-sdk/src/rp2_common/pico_stdio_uart/stdio_uart.c.obj
                0x10005930                __binary_info_end = .

.rel.dyn        0x10005930        0x0
 .rel.iplt      0x10005930        0x0 c:/progra~2/gnuarm~1/102021~1.10/bin/../lib/gcc/arm-none-eabi/10.3.1/thumb/v6-m/nofp/crtbegin.o
                0x10005930                . = ALIGN (0x4)

.ram_vector_table
                0x20000000       0xc0
 *(.ram_vector_table)
 .ram_vector_table
                0x20000000       0xc0 CMakeFiles/parkinson_pen_project.dir/D_/study/parkinson_pen/pico_sdk/pico-sdk/src/rp2_common/pico_runtime/runtime.c.obj
                0x20000000                ram_vector_table

.data           0x200000c0      0x244 load address 0x10005930
                0x200000c0                __data_start__ = .
 *(vtable)
 *(.time_critical*)
 .time_critical.mutex_try_enter
                0x200000c0       0x46 CMakeFiles/parkinson_pen_project.dir/D_/study/parkinson_pen/pico_sdk/pico-sdk/src/common/pico_sync/mutex.c.obj
                0x200000c0                mutex_try_enter
 *fill*         0x20000106        0x2 
 .time_critical.mutex_enter_block_until
                0x20000108       0x8c CMakeFiles/parkinson_pen_project.dir/D_/study/parkinson_pen/pico_sdk/pico-sdk/src/common/pico_sync/mutex.c.obj
                0x20000108                mutex_enter_block_until
 .time_critical.mutex_try_enter_block_until
                0x20000194       0x34 CMakeFiles/parkinson_pen_project.dir/D_/study/parkinson_pen/pico_sdk/pico-sdk/src/common/pico_sync/mutex.c.obj
                0x20000194                mutex_try_enter_block_until
 .time_critical.mutex_exit
                0x200001c8       0x4c CMakeFiles/parkinson_pen_project.dir/D_/study/parkinson_pen/pico_sdk/pico-sdk/src/common/pico_sync/mutex.c.obj
                0x200001c8                mutex_exit
 *(.text*)
 .text          0x20000214        0x4 c:/progra~2/gnuarm~1/102021~1.10/bin/../lib/gcc/arm-none-eabi/10.3.1/thumb/v6-m/nofp\libgcc.a(_dvmd_tls.o)
                0x20000214                __aeabi_idiv0
                0x20000214                __aeabi_ldiv0
 .text.__stub   0x20000218       0x20 linker stubs
                0x20000238                . = ALIGN (0x4)
 *(.rodata*)
                0x20000238                . = ALIGN (0x4)
 *(.data*)
 .data.UART2_Process_Flag
                0x20000238        0x1 CMakeFiles/parkinson_pen_project.dir/src/atk_ms901m.c.obj
                0x20000238                UART2_Process_Flag
 .data.striped_spin_lock_num
                0x20000239        0x1 CMakeFiles/parkinson_pen_project.dir/D_/study/parkinson_pen/pico_sdk/pico-sdk/src/rp2_common/hardware_sync/sync.c.obj
 *fill*         0x2000023a        0x2 
 .data          0x2000023c       0x48 CMakeFiles/parkinson_pen_project.dir/D_/study/parkinson_pen/pico_sdk/pico-sdk/src/rp2_common/hardware_irq/irq_handler_chain.S.obj
                0x2000023c                irq_handler_chain_slots
                0x2000026c                irq_handler_chain_first_slot
                0x20000276                irq_handler_chain_remove_tail
 .data.default_alarm_pool
                0x20000284       0x18 CMakeFiles/parkinson_pen_project.dir/D_/study/parkinson_pen/pico_sdk/pico-sdk/src/common/pico_time/time.c.obj
 .data.default_alarm_pool_heap
                0x2000029c       0x10 CMakeFiles/parkinson_pen_project.dir/D_/study/parkinson_pen/pico_sdk/pico-sdk/src/common/pico_time/time.c.obj
 *fill*         0x200002ac        0x4 
 .data.aeabi_bits_funcs
                0x200002b0       0x10 CMakeFiles/parkinson_pen_project.dir/D_/study/parkinson_pen/pico_sdk/pico-sdk/src/rp2_common/pico_bit_ops/bit_ops_aeabi.S.obj
                0x200002b0                aeabi_bits_funcs
                0x200002c0                aeabi_bits_funcs_end
 .data.aeabi_mem_funcs
                0x200002c0       0x10 CMakeFiles/parkinson_pen_project.dir/D_/study/parkinson_pen/pico_sdk/pico-sdk/src/rp2_common/pico_mem_ops/mem_ops_aeabi.S.obj
                0x200002c0                aeabi_mem_funcs
                0x200002d0                aeabi_mem_funcs_end
 .data.stdio_uart
                0x200002d0       0x18 CMakeFiles/parkinson_pen_project.dir/D_/study/parkinson_pen/pico_sdk/pico-sdk/src/rp2_common/pico_stdio_uart/stdio_uart.c.obj
                0x200002d0                stdio_uart
                0x200002e8                . = ALIGN (0x4)
 *(.after_data.*)
                0x200002e8                . = ALIGN (0x4)
                0x200002e8                PROVIDE (__mutex_array_start = .)
 *(SORT_BY_NAME(.mutex_array.*))
 *(.mutex_array)
 .mutex_array   0x200002e8        0x8 CMakeFiles/parkinson_pen_project.dir/D_/study/parkinson_pen/pico_sdk/pico-sdk/src/rp2_common/pico_stdio/stdio.c.obj
                0x200002f0                PROVIDE (__mutex_array_end = .)
                0x200002f0                . = ALIGN (0x4)
                0x200002f0                PROVIDE (__preinit_array_start = .)
 *(SORT_BY_NAME(.preinit_array.*))
 .preinit_array.00001
                0x200002f0        0x4 CMakeFiles/parkinson_pen_project.dir/D_/study/parkinson_pen/pico_sdk/pico-sdk/src/rp2_common/pico_mem_ops/mem_ops_aeabi.S.obj
 .preinit_array.00010
                0x200002f4        0x4 CMakeFiles/parkinson_pen_project.dir/D_/study/parkinson_pen/pico_sdk/pico-sdk/src/rp2_common/pico_bit_ops/bit_ops_aeabi.S.obj
 .preinit_array.00020
                0x200002f8        0x4 CMakeFiles/parkinson_pen_project.dir/D_/study/parkinson_pen/pico_sdk/pico-sdk/src/rp2_common/pico_double/double_aeabi.S.obj
 .preinit_array.00020
                0x200002fc        0x4 CMakeFiles/parkinson_pen_project.dir/D_/study/parkinson_pen/pico_sdk/pico-sdk/src/rp2_common/pico_float/float_aeabi.S.obj
 *(.preinit_array)
                0x20000300                PROVIDE (__preinit_array_end = .)
                0x20000300                . = ALIGN (0x4)
                0x20000300                PROVIDE (__init_array_start = .)
 *(SORT_BY_NAME(.init_array.*))
 *(.init_array)
 .init_array    0x20000300        0x4 c:/progra~2/gnuarm~1/102021~1.10/bin/../lib/gcc/arm-none-eabi/10.3.1/thumb/v6-m/nofp/crtbegin.o
                0x20000304                PROVIDE (__init_array_end = .)
                0x20000304                . = ALIGN (0x4)
                [!provide]                PROVIDE (__fini_array_start = .)
 *(SORT_BY_NAME(.fini_array.*))
 *(.fini_array)
                [!provide]                PROVIDE (__fini_array_end = .)
 *(.jcr)
                0x20000304                . = ALIGN (0x4)
                0x20000304                __data_end__ = .
                0x10005930                __etext = LOADADDR (.data)

.igot.plt       0x20000304        0x0 load address 0x10005b74
 .igot.plt      0x20000304        0x0 c:/progra~2/gnuarm~1/102021~1.10/bin/../lib/gcc/arm-none-eabi/10.3.1/thumb/v6-m/nofp/crtbegin.o

.uninitialized_data
                0x20000304        0x0 load address 0x10005b74
                0x20000304                . = ALIGN (0x4)
 *(.uninitialized_data*)

.scratch_x      0x20040000        0x0 load address 0x10005b74
                0x20040000                __scratch_x_start__ = .
 *(.scratch_x.*)
                0x20040000                . = ALIGN (0x4)
                0x20040000                __scratch_x_end__ = .
                0x10005b74                __scratch_x_source__ = LOADADDR (.scratch_x)

.scratch_y      0x20041000        0x0 load address 0x10005b74
                0x20041000                __scratch_y_start__ = .
 *(.scratch_y.*)
                0x20041000                . = ALIGN (0x4)
                0x20041000                __scratch_y_end__ = .
                0x10005b74                __scratch_y_source__ = LOADADDR (.scratch_y)

.bss            0x20000308      0x430
                0x20000308                . = ALIGN (0x4)
                0x20000308                __bss_start__ = .
 *(SORT_BY_ALIGNMENT(SORT_BY_NAME(.bss*)))
 .bss.default_alarm_pool_entries
                0x20000308      0x100 CMakeFiles/parkinson_pen_project.dir/D_/study/parkinson_pen/pico_sdk/pico-sdk/src/common/pico_time/time.c.obj
 .bss           0x20000408       0x1c c:/progra~2/gnuarm~1/102021~1.10/bin/../lib/gcc/arm-none-eabi/10.3.1/thumb/v6-m/nofp/crtbegin.o
 .bss.Attitude  0x20000424        0xc CMakeFiles/parkinson_pen_project.dir/src/atk_ms901m.c.obj
                0x20000424                Attitude
 .bss.IMU_frame
                0x20000430       0x45 CMakeFiles/parkinson_pen_project.dir/src/atk_ms901m.c.obj
                0x20000430                IMU_frame
 *fill*         0x20000475        0x3 
 .bss.alarm_callbacks
                0x20000478       0x10 CMakeFiles/parkinson_pen_project.dir/D_/study/parkinson_pen/pico_sdk/pico-sdk/src/rp2_common/hardware_timer/timer.c.obj
 .bss.chars_available_callback
                0x20000488        0x4 CMakeFiles/parkinson_pen_project.dir/D_/study/parkinson_pen/pico_sdk/pico-sdk/src/rp2_common/pico_stdio_uart/stdio_uart.c.obj
 .bss.chars_available_param
                0x2000048c        0x4 CMakeFiles/parkinson_pen_project.dir/D_/study/parkinson_pen/pico_sdk/pico-sdk/src/rp2_common/pico_stdio_uart/stdio_uart.c.obj
 .bss.configured_freq
                0x20000490       0x28 CMakeFiles/parkinson_pen_project.dir/D_/study/parkinson_pen/pico_sdk/pico-sdk/src/rp2_common/hardware_clocks/clocks.c.obj
 .bss.default_alarm_pool_entry_ids_high
                0x200004b8       0x10 CMakeFiles/parkinson_pen_project.dir/D_/study/parkinson_pen/pico_sdk/pico-sdk/src/common/pico_time/time.c.obj
 .bss.default_alarm_pool_heap_nodes
                0x200004c8       0x30 CMakeFiles/parkinson_pen_project.dir/D_/study/parkinson_pen/pico_sdk/pico-sdk/src/common/pico_time/time.c.obj
 .bss.drivers   0x200004f8        0x4 CMakeFiles/parkinson_pen_project.dir/D_/study/parkinson_pen/pico_sdk/pico-sdk/src/rp2_common/pico_stdio/stdio.c.obj
 .bss.filter    0x200004fc        0x4 CMakeFiles/parkinson_pen_project.dir/D_/study/parkinson_pen/pico_sdk/pico-sdk/src/rp2_common/pico_stdio/stdio.c.obj
 .bss.pools     0x20000500       0x10 CMakeFiles/parkinson_pen_project.dir/D_/study/parkinson_pen/pico_sdk/pico-sdk/src/common/pico_time/time.c.obj
 .bss.sd_table  0x20000510      0x100 CMakeFiles/parkinson_pen_project.dir/D_/study/parkinson_pen/pico_sdk/pico-sdk/src/rp2_common/pico_double/double_init_rom.c.obj
                0x20000510                sd_table
 .bss.sf_clz_func
                0x20000610        0x4 CMakeFiles/parkinson_pen_project.dir/D_/study/parkinson_pen/pico_sdk/pico-sdk/src/rp2_common/pico_double/double_init_rom.c.obj
                0x20000610                sf_clz_func
 .bss.sf_table  0x20000614      0x100 CMakeFiles/parkinson_pen_project.dir/D_/study/parkinson_pen/pico_sdk/pico-sdk/src/rp2_common/pico_float/float_init_rom.c.obj
                0x20000614                sf_table
 .bss.sleep_notifier
                0x20000714        0x4 CMakeFiles/parkinson_pen_project.dir/D_/study/parkinson_pen/pico_sdk/pico-sdk/src/common/pico_time/time.c.obj
 .bss.target_hi
                0x20000718       0x10 CMakeFiles/parkinson_pen_project.dir/D_/study/parkinson_pen/pico_sdk/pico-sdk/src/rp2_common/hardware_timer/timer.c.obj
 .bss.uart_char_to_line_feed
                0x20000728        0x4 CMakeFiles/parkinson_pen_project.dir/D_/study/parkinson_pen/pico_sdk/pico-sdk/src/rp2_common/hardware_uart/uart.c.obj
                0x20000728                uart_char_to_line_feed
 .bss.uart_instance
                0x2000072c        0x4 CMakeFiles/parkinson_pen_project.dir/D_/study/parkinson_pen/pico_sdk/pico-sdk/src/rp2_common/pico_stdio_uart/stdio_uart.c.obj
 .bss.claimed   0x20000730        0x1 CMakeFiles/parkinson_pen_project.dir/D_/study/parkinson_pen/pico_sdk/pico-sdk/src/rp2_common/hardware_timer/timer.c.obj
 .bss.hd_state  0x20000731        0x1 CMakeFiles/parkinson_pen_project.dir/src/atk_ms901m.c.obj
                0x20000731                hd_state
 .bss.imu_checksum
                0x20000732        0x1 CMakeFiles/parkinson_pen_project.dir/src/atk_ms901m.c.obj
                0x20000732                imu_checksum
 .bss.imu_cnt   0x20000733        0x1 CMakeFiles/parkinson_pen_project.dir/src/atk_ms901m.c.obj
                0x20000733                imu_cnt
 .bss.imu_data  0x20000734        0x1 CMakeFiles/parkinson_pen_project.dir/src/atk_ms901m.c.obj
                0x20000734                imu_data
 .bss.irq_hander_chain_free_slot_head
                0x20000735        0x1 CMakeFiles/parkinson_pen_project.dir/D_/study/parkinson_pen/pico_sdk/pico-sdk/src/rp2_common/hardware_irq/irq.c.obj
 .bss.timer_callbacks_pending
                0x20000736        0x1 CMakeFiles/parkinson_pen_project.dir/D_/study/parkinson_pen/pico_sdk/pico-sdk/src/rp2_common/hardware_timer/timer.c.obj
 *(COMMON)
                0x20000738                . = ALIGN (0x4)
 *fill*         0x20000737        0x1 
                0x20000738                __bss_end__ = .

.heap           0x20000738      0x800
                0x20000738                __end__ = .
                0x20000738                end = __end__
 *(.heap*)
 .heap          0x20000738      0x800 CMakeFiles/parkinson_pen_project.dir/D_/study/parkinson_pen/pico_sdk/pico-sdk/src/rp2_common/pico_standard_link/crt0.S.obj
                0x20000f38                __HeapLimit = .

.stack1_dummy   0x20040000        0x0
 *(.stack1*)

.stack_dummy    0x20041000      0x800
 *(.stack*)
 .stack         0x20041000      0x800 CMakeFiles/parkinson_pen_project.dir/D_/study/parkinson_pen/pico_sdk/pico-sdk/src/rp2_common/pico_standard_link/crt0.S.obj

.flash_end      0x10005b74        0x0
                0x10005b74                PROVIDE (__flash_binary_end = .)
                0x20040000                __StackLimit = (ORIGIN (RAM) + LENGTH (RAM))
                0x20041000                __StackOneTop = (ORIGIN (SCRATCH_X) + LENGTH (SCRATCH_X))
                0x20042000                __StackTop = (ORIGIN (SCRATCH_Y) + LENGTH (SCRATCH_Y))
                0x20041000                __StackOneBottom = (__StackOneTop - SIZEOF (.stack1_dummy))
                0x20041800                __StackBottom = (__StackTop - SIZEOF (.stack_dummy))
                0x20042000                PROVIDE (__stack = __StackTop)
                0x00000001                ASSERT ((__StackLimit >= __HeapLimit), region RAM overflowed)
                0x00000001                ASSERT (((__binary_info_header_end - __logical_binary_start) <= 0x100), Binary info must be in first 256 bytes of the binary)
LOAD CMakeFiles/parkinson_pen_project.dir/main.c.obj
LOAD CMakeFiles/parkinson_pen_project.dir/src/mpu6050_i2c.c.obj
LOAD CMakeFiles/parkinson_pen_project.dir/src/inv_mpu_dmp_motion_driver.c.obj
LOAD CMakeFiles/parkinson_pen_project.dir/src/inv_mpu.c.obj
LOAD CMakeFiles/parkinson_pen_project.dir/src/MyUart.c.obj
LOAD CMakeFiles/parkinson_pen_project.dir/src/atk_ms901m.c.obj
LOAD CMakeFiles/parkinson_pen_project.dir/D_/study/parkinson_pen/pico_sdk/pico-sdk/src/rp2_common/pico_stdlib/stdlib.c.obj
LOAD CMakeFiles/parkinson_pen_project.dir/D_/study/parkinson_pen/pico_sdk/pico-sdk/src/rp2_common/hardware_gpio/gpio.c.obj
LOAD CMakeFiles/parkinson_pen_project.dir/D_/study/parkinson_pen/pico_sdk/pico-sdk/src/rp2_common/pico_platform/platform.c.obj
LOAD CMakeFiles/parkinson_pen_project.dir/D_/study/parkinson_pen/pico_sdk/pico-sdk/src/rp2_common/hardware_claim/claim.c.obj
LOAD CMakeFiles/parkinson_pen_project.dir/D_/study/parkinson_pen/pico_sdk/pico-sdk/src/rp2_common/hardware_sync/sync.c.obj
LOAD CMakeFiles/parkinson_pen_project.dir/D_/study/parkinson_pen/pico_sdk/pico-sdk/src/rp2_common/hardware_irq/irq.c.obj
LOAD CMakeFiles/parkinson_pen_project.dir/D_/study/parkinson_pen/pico_sdk/pico-sdk/src/rp2_common/hardware_irq/irq_handler_chain.S.obj
LOAD CMakeFiles/parkinson_pen_project.dir/D_/study/parkinson_pen/pico_sdk/pico-sdk/src/common/pico_sync/sem.c.obj
LOAD CMakeFiles/parkinson_pen_project.dir/D_/study/parkinson_pen/pico_sdk/pico-sdk/src/common/pico_sync/lock_core.c.obj
LOAD CMakeFiles/parkinson_pen_project.dir/D_/study/parkinson_pen/pico_sdk/pico-sdk/src/common/pico_sync/mutex.c.obj
LOAD CMakeFiles/parkinson_pen_project.dir/D_/study/parkinson_pen/pico_sdk/pico-sdk/src/common/pico_sync/critical_section.c.obj
LOAD CMakeFiles/parkinson_pen_project.dir/D_/study/parkinson_pen/pico_sdk/pico-sdk/src/common/pico_time/time.c.obj
LOAD CMakeFiles/parkinson_pen_project.dir/D_/study/parkinson_pen/pico_sdk/pico-sdk/src/common/pico_time/timeout_helper.c.obj
LOAD CMakeFiles/parkinson_pen_project.dir/D_/study/parkinson_pen/pico_sdk/pico-sdk/src/rp2_common/hardware_timer/timer.c.obj
LOAD CMakeFiles/parkinson_pen_project.dir/D_/study/parkinson_pen/pico_sdk/pico-sdk/src/common/pico_util/datetime.c.obj
LOAD CMakeFiles/parkinson_pen_project.dir/D_/study/parkinson_pen/pico_sdk/pico-sdk/src/common/pico_util/pheap.c.obj
LOAD CMakeFiles/parkinson_pen_project.dir/D_/study/parkinson_pen/pico_sdk/pico-sdk/src/common/pico_util/queue.c.obj
LOAD CMakeFiles/parkinson_pen_project.dir/D_/study/parkinson_pen/pico_sdk/pico-sdk/src/rp2_common/hardware_uart/uart.c.obj
LOAD CMakeFiles/parkinson_pen_project.dir/D_/study/parkinson_pen/pico_sdk/pico-sdk/src/rp2_common/hardware_clocks/clocks.c.obj
LOAD CMakeFiles/parkinson_pen_project.dir/D_/study/parkinson_pen/pico_sdk/pico-sdk/src/rp2_common/hardware_pll/pll.c.obj
LOAD CMakeFiles/parkinson_pen_project.dir/D_/study/parkinson_pen/pico_sdk/pico-sdk/src/rp2_common/hardware_vreg/vreg.c.obj
LOAD CMakeFiles/parkinson_pen_project.dir/D_/study/parkinson_pen/pico_sdk/pico-sdk/src/rp2_common/hardware_watchdog/watchdog.c.obj
LOAD CMakeFiles/parkinson_pen_project.dir/D_/study/parkinson_pen/pico_sdk/pico-sdk/src/rp2_common/hardware_xosc/xosc.c.obj
LOAD CMakeFiles/parkinson_pen_project.dir/D_/study/parkinson_pen/pico_sdk/pico-sdk/src/rp2_common/hardware_divider/divider.S.obj
LOAD CMakeFiles/parkinson_pen_project.dir/D_/study/parkinson_pen/pico_sdk/pico-sdk/src/rp2_common/pico_runtime/runtime.c.obj
LOAD CMakeFiles/parkinson_pen_project.dir/D_/study/parkinson_pen/pico_sdk/pico-sdk/src/rp2_common/pico_printf/printf.c.obj
LOAD CMakeFiles/parkinson_pen_project.dir/D_/study/parkinson_pen/pico_sdk/pico-sdk/src/rp2_common/pico_bit_ops/bit_ops_aeabi.S.obj
LOAD CMakeFiles/parkinson_pen_project.dir/D_/study/parkinson_pen/pico_sdk/pico-sdk/src/rp2_common/pico_bootrom/bootrom.c.obj
LOAD CMakeFiles/parkinson_pen_project.dir/D_/study/parkinson_pen/pico_sdk/pico-sdk/src/rp2_common/pico_divider/divider.S.obj
LOAD CMakeFiles/parkinson_pen_project.dir/D_/study/parkinson_pen/pico_sdk/pico-sdk/src/rp2_common/pico_double/double_aeabi.S.obj
LOAD CMakeFiles/parkinson_pen_project.dir/D_/study/parkinson_pen/pico_sdk/pico-sdk/src/rp2_common/pico_double/double_init_rom.c.obj
LOAD CMakeFiles/parkinson_pen_project.dir/D_/study/parkinson_pen/pico_sdk/pico-sdk/src/rp2_common/pico_double/double_math.c.obj
LOAD CMakeFiles/parkinson_pen_project.dir/D_/study/parkinson_pen/pico_sdk/pico-sdk/src/rp2_common/pico_double/double_v1_rom_shim.S.obj
LOAD CMakeFiles/parkinson_pen_project.dir/D_/study/parkinson_pen/pico_sdk/pico-sdk/src/rp2_common/pico_int64_ops/pico_int64_ops_aeabi.S.obj
LOAD CMakeFiles/parkinson_pen_project.dir/D_/study/parkinson_pen/pico_sdk/pico-sdk/src/rp2_common/pico_float/float_aeabi.S.obj
LOAD CMakeFiles/parkinson_pen_project.dir/D_/study/parkinson_pen/pico_sdk/pico-sdk/src/rp2_common/pico_float/float_init_rom.c.obj
LOAD CMakeFiles/parkinson_pen_project.dir/D_/study/parkinson_pen/pico_sdk/pico-sdk/src/rp2_common/pico_float/float_math.c.obj
LOAD CMakeFiles/parkinson_pen_project.dir/D_/study/parkinson_pen/pico_sdk/pico-sdk/src/rp2_common/pico_float/float_v1_rom_shim.S.obj
LOAD CMakeFiles/parkinson_pen_project.dir/D_/study/parkinson_pen/pico_sdk/pico-sdk/src/rp2_common/pico_malloc/pico_malloc.c.obj
LOAD CMakeFiles/parkinson_pen_project.dir/D_/study/parkinson_pen/pico_sdk/pico-sdk/src/rp2_common/pico_mem_ops/mem_ops_aeabi.S.obj
LOAD CMakeFiles/parkinson_pen_project.dir/D_/study/parkinson_pen/pico_sdk/pico-sdk/src/rp2_common/pico_standard_link/crt0.S.obj
LOAD CMakeFiles/parkinson_pen_project.dir/D_/study/parkinson_pen/pico_sdk/pico-sdk/src/rp2_common/pico_standard_link/new_delete.cpp.obj
LOAD CMakeFiles/parkinson_pen_project.dir/D_/study/parkinson_pen/pico_sdk/pico-sdk/src/rp2_common/pico_standard_link/binary_info.c.obj
LOAD CMakeFiles/parkinson_pen_project.dir/D_/study/parkinson_pen/pico_sdk/pico-sdk/src/rp2_common/pico_stdio/stdio.c.obj
LOAD CMakeFiles/parkinson_pen_project.dir/D_/study/parkinson_pen/pico_sdk/pico-sdk/src/rp2_common/pico_stdio_uart/stdio_uart.c.obj
LOAD CMakeFiles/parkinson_pen_project.dir/D_/study/parkinson_pen/pico_sdk/pico-sdk/src/rp2_common/hardware_i2c/i2c.c.obj
LOAD C:\Users\26281\AppData\Local\Temp\ccIBT7Cb.o
LOAD c:/progra~2/gnuarm~1/102021~1.10/bin/../lib/gcc/arm-none-eabi/10.3.1/../../../../arm-none-eabi/lib/thumb/v6-m/nofp\libstdc++.a
LOAD c:/progra~2/gnuarm~1/102021~1.10/bin/../lib/gcc/arm-none-eabi/10.3.1/../../../../arm-none-eabi/lib/thumb/v6-m/nofp\libm.a
START GROUP
LOAD c:/progra~2/gnuarm~1/102021~1.10/bin/../lib/gcc/arm-none-eabi/10.3.1/thumb/v6-m/nofp\libgcc.a
LOAD c:/progra~2/gnuarm~1/102021~1.10/bin/../lib/gcc/arm-none-eabi/10.3.1/../../../../arm-none-eabi/lib/thumb/v6-m/nofp\libg.a
LOAD c:/progra~2/gnuarm~1/102021~1.10/bin/../lib/gcc/arm-none-eabi/10.3.1/../../../../arm-none-eabi/lib/thumb/v6-m/nofp\libc.a
END GROUP
START GROUP
LOAD c:/progra~2/gnuarm~1/102021~1.10/bin/../lib/gcc/arm-none-eabi/10.3.1/thumb/v6-m/nofp\libgcc.a
LOAD c:/progra~2/gnuarm~1/102021~1.10/bin/../lib/gcc/arm-none-eabi/10.3.1/../../../../arm-none-eabi/lib/thumb/v6-m/nofp\libc.a
LOAD c:/progra~2/gnuarm~1/102021~1.10/bin/../lib/gcc/arm-none-eabi/10.3.1/../../../../arm-none-eabi/lib/thumb/v6-m/nofp\libnosys.a
END GROUP
LOAD c:/progra~2/gnuarm~1/102021~1.10/bin/../lib/gcc/arm-none-eabi/10.3.1/thumb/v6-m/nofp/crtend.o
LOAD c:/progra~2/gnuarm~1/102021~1.10/bin/../lib/gcc/arm-none-eabi/10.3.1/thumb/v6-m/nofp/crtn.o
OUTPUT(parkinson_pen_project.elf elf32-littlearm)
LOAD linker stubs

.ARM.attributes
                0x00000000       0x28
 .ARM.attributes
                0x00000000       0x1e c:/progra~2/gnuarm~1/102021~1.10/bin/../lib/gcc/arm-none-eabi/10.3.1/thumb/v6-m/nofp/crti.o
 .ARM.attributes
                0x0000001e       0x2c c:/progra~2/gnuarm~1/102021~1.10/bin/../lib/gcc/arm-none-eabi/10.3.1/thumb/v6-m/nofp/crtbegin.o
 .ARM.attributes
                0x0000004a       0x2c CMakeFiles/parkinson_pen_project.dir/main.c.obj
 .ARM.attributes
                0x00000076       0x2c CMakeFiles/parkinson_pen_project.dir/src/inv_mpu.c.obj
 .ARM.attributes
                0x000000a2       0x2c CMakeFiles/parkinson_pen_project.dir/src/MyUart.c.obj
 .ARM.attributes
                0x000000ce       0x2c CMakeFiles/parkinson_pen_project.dir/src/atk_ms901m.c.obj
 .ARM.attributes
                0x000000fa       0x2c CMakeFiles/parkinson_pen_project.dir/D_/study/parkinson_pen/pico_sdk/pico-sdk/src/rp2_common/hardware_gpio/gpio.c.obj
 .ARM.attributes
                0x00000126       0x2c CMakeFiles/parkinson_pen_project.dir/D_/study/parkinson_pen/pico_sdk/pico-sdk/src/rp2_common/pico_platform/platform.c.obj
 .ARM.attributes
                0x00000152       0x2c CMakeFiles/parkinson_pen_project.dir/D_/study/parkinson_pen/pico_sdk/pico-sdk/src/rp2_common/hardware_claim/claim.c.obj
 .ARM.attributes
                0x0000017e       0x2c CMakeFiles/parkinson_pen_project.dir/D_/study/parkinson_pen/pico_sdk/pico-sdk/src/rp2_common/hardware_sync/sync.c.obj
 .ARM.attributes
                0x000001aa       0x2c CMakeFiles/parkinson_pen_project.dir/D_/study/parkinson_pen/pico_sdk/pico-sdk/src/rp2_common/hardware_irq/irq.c.obj
 .ARM.attributes
                0x000001d6       0x22 CMakeFiles/parkinson_pen_project.dir/D_/study/parkinson_pen/pico_sdk/pico-sdk/src/rp2_common/hardware_irq/irq_handler_chain.S.obj
 .ARM.attributes
                0x000001f8       0x2c CMakeFiles/parkinson_pen_project.dir/D_/study/parkinson_pen/pico_sdk/pico-sdk/src/common/pico_sync/lock_core.c.obj
 .ARM.attributes
                0x00000224       0x2c CMakeFiles/parkinson_pen_project.dir/D_/study/parkinson_pen/pico_sdk/pico-sdk/src/common/pico_sync/mutex.c.obj
 .ARM.attributes
                0x00000250       0x2c CMakeFiles/parkinson_pen_project.dir/D_/study/parkinson_pen/pico_sdk/pico-sdk/src/common/pico_time/time.c.obj
 .ARM.attributes
                0x0000027c       0x2c CMakeFiles/parkinson_pen_project.dir/D_/study/parkinson_pen/pico_sdk/pico-sdk/src/rp2_common/hardware_timer/timer.c.obj
 .ARM.attributes
                0x000002a8       0x2c CMakeFiles/parkinson_pen_project.dir/D_/study/parkinson_pen/pico_sdk/pico-sdk/src/common/pico_util/pheap.c.obj
 .ARM.attributes
                0x000002d4       0x2c CMakeFiles/parkinson_pen_project.dir/D_/study/parkinson_pen/pico_sdk/pico-sdk/src/rp2_common/hardware_uart/uart.c.obj
 .ARM.attributes
                0x00000300       0x2c CMakeFiles/parkinson_pen_project.dir/D_/study/parkinson_pen/pico_sdk/pico-sdk/src/rp2_common/hardware_clocks/clocks.c.obj
 .ARM.attributes
                0x0000032c       0x2c CMakeFiles/parkinson_pen_project.dir/D_/study/parkinson_pen/pico_sdk/pico-sdk/src/rp2_common/hardware_pll/pll.c.obj
 .ARM.attributes
                0x00000358       0x2c CMakeFiles/parkinson_pen_project.dir/D_/study/parkinson_pen/pico_sdk/pico-sdk/src/rp2_common/hardware_watchdog/watchdog.c.obj
 .ARM.attributes
                0x00000384       0x2c CMakeFiles/parkinson_pen_project.dir/D_/study/parkinson_pen/pico_sdk/pico-sdk/src/rp2_common/hardware_xosc/xosc.c.obj
 .ARM.attributes
                0x000003b0       0x2c CMakeFiles/parkinson_pen_project.dir/D_/study/parkinson_pen/pico_sdk/pico-sdk/src/rp2_common/pico_runtime/runtime.c.obj
 .ARM.attributes
                0x000003dc       0x2c CMakeFiles/parkinson_pen_project.dir/D_/study/parkinson_pen/pico_sdk/pico-sdk/src/rp2_common/pico_printf/printf.c.obj
 .ARM.attributes
                0x00000408       0x22 CMakeFiles/parkinson_pen_project.dir/D_/study/parkinson_pen/pico_sdk/pico-sdk/src/rp2_common/pico_bit_ops/bit_ops_aeabi.S.obj
 .ARM.attributes
                0x0000042a       0x2c CMakeFiles/parkinson_pen_project.dir/D_/study/parkinson_pen/pico_sdk/pico-sdk/src/rp2_common/pico_bootrom/bootrom.c.obj
 .ARM.attributes
                0x00000456       0x22 CMakeFiles/parkinson_pen_project.dir/D_/study/parkinson_pen/pico_sdk/pico-sdk/src/rp2_common/pico_divider/divider.S.obj
 .ARM.attributes
                0x00000478       0x22 CMakeFiles/parkinson_pen_project.dir/D_/study/parkinson_pen/pico_sdk/pico-sdk/src/rp2_common/pico_double/double_aeabi.S.obj
 .ARM.attributes
                0x0000049a       0x2c CMakeFiles/parkinson_pen_project.dir/D_/study/parkinson_pen/pico_sdk/pico-sdk/src/rp2_common/pico_double/double_init_rom.c.obj
 .ARM.attributes
                0x000004c6       0x22 CMakeFiles/parkinson_pen_project.dir/D_/study/parkinson_pen/pico_sdk/pico-sdk/src/rp2_common/pico_double/double_v1_rom_shim.S.obj
 .ARM.attributes
                0x000004e8       0x22 CMakeFiles/parkinson_pen_project.dir/D_/study/parkinson_pen/pico_sdk/pico-sdk/src/rp2_common/pico_float/float_aeabi.S.obj
 .ARM.attributes
                0x0000050a       0x2c CMakeFiles/parkinson_pen_project.dir/D_/study/parkinson_pen/pico_sdk/pico-sdk/src/rp2_common/pico_float/float_init_rom.c.obj
 .ARM.attributes
                0x00000536       0x22 CMakeFiles/parkinson_pen_project.dir/D_/study/parkinson_pen/pico_sdk/pico-sdk/src/rp2_common/pico_float/float_v1_rom_shim.S.obj
 .ARM.attributes
                0x00000558       0x22 CMakeFiles/parkinson_pen_project.dir/D_/study/parkinson_pen/pico_sdk/pico-sdk/src/rp2_common/pico_mem_ops/mem_ops_aeabi.S.obj
 .ARM.attributes
                0x0000057a       0x22 CMakeFiles/parkinson_pen_project.dir/D_/study/parkinson_pen/pico_sdk/pico-sdk/src/rp2_common/pico_standard_link/crt0.S.obj
 .ARM.attributes
                0x0000059c       0x2c CMakeFiles/parkinson_pen_project.dir/D_/study/parkinson_pen/pico_sdk/pico-sdk/src/rp2_common/pico_standard_link/binary_info.c.obj
 .ARM.attributes
                0x000005c8       0x2c CMakeFiles/parkinson_pen_project.dir/D_/study/parkinson_pen/pico_sdk/pico-sdk/src/rp2_common/pico_stdio/stdio.c.obj
 .ARM.attributes
                0x000005f4       0x2c CMakeFiles/parkinson_pen_project.dir/D_/study/parkinson_pen/pico_sdk/pico-sdk/src/rp2_common/pico_stdio_uart/stdio_uart.c.obj
 .ARM.attributes
                0x00000620       0x22 C:\Users\26281\AppData\Local\Temp\ccIBT7Cb.o
 .ARM.attributes
                0x00000642       0x1e c:/progra~2/gnuarm~1/102021~1.10/bin/../lib/gcc/arm-none-eabi/10.3.1/thumb/v6-m/nofp\libgcc.a(_dvmd_tls.o)
 .ARM.attributes
                0x00000660       0x2c c:/progra~2/gnuarm~1/102021~1.10/bin/../lib/gcc/arm-none-eabi/10.3.1/../../../../arm-none-eabi/lib/thumb/v6-m/nofp\libg.a(lib_a-strlen-stub.o)

.comment        0x00000000       0x49
 .comment       0x00000000       0x49 CMakeFiles/parkinson_pen_project.dir/main.c.obj
                                 0x4a (size before relaxing)
 .comment       0x00000049       0x4a CMakeFiles/parkinson_pen_project.dir/src/inv_mpu.c.obj
 .comment       0x00000049       0x4a CMakeFiles/parkinson_pen_project.dir/src/MyUart.c.obj
 .comment       0x00000049       0x4a CMakeFiles/parkinson_pen_project.dir/src/atk_ms901m.c.obj
 .comment       0x00000049       0x4a CMakeFiles/parkinson_pen_project.dir/D_/study/parkinson_pen/pico_sdk/pico-sdk/src/rp2_common/hardware_gpio/gpio.c.obj
 .comment       0x00000049       0x4a CMakeFiles/parkinson_pen_project.dir/D_/study/parkinson_pen/pico_sdk/pico-sdk/src/rp2_common/pico_platform/platform.c.obj
 .comment       0x00000049       0x4a CMakeFiles/parkinson_pen_project.dir/D_/study/parkinson_pen/pico_sdk/pico-sdk/src/rp2_common/hardware_claim/claim.c.obj
 .comment       0x00000049       0x4a CMakeFiles/parkinson_pen_project.dir/D_/study/parkinson_pen/pico_sdk/pico-sdk/src/rp2_common/hardware_sync/sync.c.obj
 .comment       0x00000049       0x4a CMakeFiles/parkinson_pen_project.dir/D_/study/parkinson_pen/pico_sdk/pico-sdk/src/rp2_common/hardware_irq/irq.c.obj
 .comment       0x00000049       0x4a CMakeFiles/parkinson_pen_project.dir/D_/study/parkinson_pen/pico_sdk/pico-sdk/src/common/pico_sync/lock_core.c.obj
 .comment       0x00000049       0x4a CMakeFiles/parkinson_pen_project.dir/D_/study/parkinson_pen/pico_sdk/pico-sdk/src/common/pico_sync/mutex.c.obj
 .comment       0x00000049       0x4a CMakeFiles/parkinson_pen_project.dir/D_/study/parkinson_pen/pico_sdk/pico-sdk/src/common/pico_time/time.c.obj
 .comment       0x00000049       0x4a CMakeFiles/parkinson_pen_project.dir/D_/study/parkinson_pen/pico_sdk/pico-sdk/src/rp2_common/hardware_timer/timer.c.obj
 .comment       0x00000049       0x4a CMakeFiles/parkinson_pen_project.dir/D_/study/parkinson_pen/pico_sdk/pico-sdk/src/common/pico_util/pheap.c.obj
 .comment       0x00000049       0x4a CMakeFiles/parkinson_pen_project.dir/D_/study/parkinson_pen/pico_sdk/pico-sdk/src/rp2_common/hardware_uart/uart.c.obj
 .comment       0x00000049       0x4a CMakeFiles/parkinson_pen_project.dir/D_/study/parkinson_pen/pico_sdk/pico-sdk/src/rp2_common/hardware_clocks/clocks.c.obj
 .comment       0x00000049       0x4a CMakeFiles/parkinson_pen_project.dir/D_/study/parkinson_pen/pico_sdk/pico-sdk/src/rp2_common/hardware_pll/pll.c.obj
 .comment       0x00000049       0x4a CMakeFiles/parkinson_pen_project.dir/D_/study/parkinson_pen/pico_sdk/pico-sdk/src/rp2_common/hardware_watchdog/watchdog.c.obj
 .comment       0x00000049       0x4a CMakeFiles/parkinson_pen_project.dir/D_/study/parkinson_pen/pico_sdk/pico-sdk/src/rp2_common/hardware_xosc/xosc.c.obj
 .comment       0x00000049       0x4a CMakeFiles/parkinson_pen_project.dir/D_/study/parkinson_pen/pico_sdk/pico-sdk/src/rp2_common/pico_runtime/runtime.c.obj
 .comment       0x00000049       0x4a CMakeFiles/parkinson_pen_project.dir/D_/study/parkinson_pen/pico_sdk/pico-sdk/src/rp2_common/pico_printf/printf.c.obj
 .comment       0x00000049       0x4a CMakeFiles/parkinson_pen_project.dir/D_/study/parkinson_pen/pico_sdk/pico-sdk/src/rp2_common/pico_bootrom/bootrom.c.obj
 .comment       0x00000049       0x4a CMakeFiles/parkinson_pen_project.dir/D_/study/parkinson_pen/pico_sdk/pico-sdk/src/rp2_common/pico_double/double_init_rom.c.obj
 .comment       0x00000049       0x4a CMakeFiles/parkinson_pen_project.dir/D_/study/parkinson_pen/pico_sdk/pico-sdk/src/rp2_common/pico_float/float_init_rom.c.obj
 .comment       0x00000049       0x4a CMakeFiles/parkinson_pen_project.dir/D_/study/parkinson_pen/pico_sdk/pico-sdk/src/rp2_common/pico_standard_link/binary_info.c.obj
 .comment       0x00000049       0x4a CMakeFiles/parkinson_pen_project.dir/D_/study/parkinson_pen/pico_sdk/pico-sdk/src/rp2_common/pico_stdio/stdio.c.obj
 .comment       0x00000049       0x4a CMakeFiles/parkinson_pen_project.dir/D_/study/parkinson_pen/pico_sdk/pico-sdk/src/rp2_common/pico_stdio_uart/stdio_uart.c.obj

.debug_info     0x00000000    0x1983e
 .debug_info    0x00000000      0x13b CMakeFiles/parkinson_pen_project.dir/main.c.obj
 .debug_info    0x0000013b     0x35ae CMakeFiles/parkinson_pen_project.dir/src/inv_mpu.c.obj
 .debug_info    0x000036e9      0x810 CMakeFiles/parkinson_pen_project.dir/src/MyUart.c.obj
 .debug_info    0x00003ef9      0x401 CMakeFiles/parkinson_pen_project.dir/src/atk_ms901m.c.obj
 .debug_info    0x000042fa     0x187e CMakeFiles/parkinson_pen_project.dir/D_/study/parkinson_pen/pico_sdk/pico-sdk/src/rp2_common/hardware_gpio/gpio.c.obj
 .debug_info    0x00005b78      0x1e3 CMakeFiles/parkinson_pen_project.dir/D_/study/parkinson_pen/pico_sdk/pico-sdk/src/rp2_common/pico_platform/platform.c.obj
 .debug_info    0x00005d5b      0x6be CMakeFiles/parkinson_pen_project.dir/D_/study/parkinson_pen/pico_sdk/pico-sdk/src/rp2_common/hardware_claim/claim.c.obj
 .debug_info    0x00006419      0x58e CMakeFiles/parkinson_pen_project.dir/D_/study/parkinson_pen/pico_sdk/pico-sdk/src/rp2_common/hardware_sync/sync.c.obj
 .debug_info    0x000069a7     0x1c9e CMakeFiles/parkinson_pen_project.dir/D_/study/parkinson_pen/pico_sdk/pico-sdk/src/rp2_common/hardware_irq/irq.c.obj
 .debug_info    0x00008645      0x1a4 CMakeFiles/parkinson_pen_project.dir/D_/study/parkinson_pen/pico_sdk/pico-sdk/src/common/pico_sync/lock_core.c.obj
 .debug_info    0x000087e9     0x20d5 CMakeFiles/parkinson_pen_project.dir/D_/study/parkinson_pen/pico_sdk/pico-sdk/src/common/pico_sync/mutex.c.obj
 .debug_info    0x0000a8be     0x4068 CMakeFiles/parkinson_pen_project.dir/D_/study/parkinson_pen/pico_sdk/pico-sdk/src/common/pico_time/time.c.obj
 .debug_info    0x0000e926     0x13f0 CMakeFiles/parkinson_pen_project.dir/D_/study/parkinson_pen/pico_sdk/pico-sdk/src/rp2_common/hardware_timer/timer.c.obj
 .debug_info    0x0000fd16     0x123b CMakeFiles/parkinson_pen_project.dir/D_/study/parkinson_pen/pico_sdk/pico-sdk/src/common/pico_util/pheap.c.obj
 .debug_info    0x00010f51      0xdd2 CMakeFiles/parkinson_pen_project.dir/D_/study/parkinson_pen/pico_sdk/pico-sdk/src/rp2_common/hardware_uart/uart.c.obj
 .debug_info    0x00011d23      0xfcf CMakeFiles/parkinson_pen_project.dir/D_/study/parkinson_pen/pico_sdk/pico-sdk/src/rp2_common/hardware_clocks/clocks.c.obj
 .debug_info    0x00012cf2      0x51b CMakeFiles/parkinson_pen_project.dir/D_/study/parkinson_pen/pico_sdk/pico-sdk/src/rp2_common/hardware_pll/pll.c.obj
 .debug_info    0x0001320d      0x4ee CMakeFiles/parkinson_pen_project.dir/D_/study/parkinson_pen/pico_sdk/pico-sdk/src/rp2_common/hardware_watchdog/watchdog.c.obj
 .debug_info    0x000136fb      0x1d8 CMakeFiles/parkinson_pen_project.dir/D_/study/parkinson_pen/pico_sdk/pico-sdk/src/rp2_common/hardware_xosc/xosc.c.obj
 .debug_info    0x000138d3     0x1053 CMakeFiles/parkinson_pen_project.dir/D_/study/parkinson_pen/pico_sdk/pico-sdk/src/rp2_common/pico_runtime/runtime.c.obj
 .debug_info    0x00014926     0x1a5f CMakeFiles/parkinson_pen_project.dir/D_/study/parkinson_pen/pico_sdk/pico-sdk/src/rp2_common/pico_printf/printf.c.obj
 .debug_info    0x00016385       0x22 CMakeFiles/parkinson_pen_project.dir/D_/study/parkinson_pen/pico_sdk/pico-sdk/src/rp2_common/pico_bit_ops/bit_ops_aeabi.S.obj
 .debug_info    0x000163a7      0x27c CMakeFiles/parkinson_pen_project.dir/D_/study/parkinson_pen/pico_sdk/pico-sdk/src/rp2_common/pico_bootrom/bootrom.c.obj
 .debug_info    0x00016623       0x22 CMakeFiles/parkinson_pen_project.dir/D_/study/parkinson_pen/pico_sdk/pico-sdk/src/rp2_common/pico_divider/divider.S.obj
 .debug_info    0x00016645       0x22 CMakeFiles/parkinson_pen_project.dir/D_/study/parkinson_pen/pico_sdk/pico-sdk/src/rp2_common/pico_double/double_aeabi.S.obj
 .debug_info    0x00016667      0x2d1 CMakeFiles/parkinson_pen_project.dir/D_/study/parkinson_pen/pico_sdk/pico-sdk/src/rp2_common/pico_double/double_init_rom.c.obj
 .debug_info    0x00016938       0x22 CMakeFiles/parkinson_pen_project.dir/D_/study/parkinson_pen/pico_sdk/pico-sdk/src/rp2_common/pico_double/double_v1_rom_shim.S.obj
 .debug_info    0x0001695a       0x22 CMakeFiles/parkinson_pen_project.dir/D_/study/parkinson_pen/pico_sdk/pico-sdk/src/rp2_common/pico_float/float_aeabi.S.obj