Archive member included to satisfy reference by file (symbol)

c:/progra~2/gnuarm~1/102021~1.10/bin/../lib/gcc/arm-none-eabi/10.3.1/thumb/v6-m/nofp\libgcc.a(_dvmd_tls.o)
                              CMakeFiles/parkinson_pen_project.dir/D_/study/parkinson_pen/pico_sdk/pico-sdk/src/rp2_common/pico_divider/divider.S.obj (__aeabi_idiv0)
c:/progra~2/gnuarm~1/102021~1.10/bin/../lib/gcc/arm-none-eabi/10.3.1/../../../../arm-none-eabi/lib/thumb/v6-m/nofp\libg.a(lib_a-calloc.o)
                              CMakeFiles/parkinson_pen_project.dir/D_/study/parkinson_pen/pico_sdk/pico-sdk/src/rp2_common/pico_malloc/pico_malloc.c.obj (calloc)
c:/progra~2/gnuarm~1/102021~1.10/bin/../lib/gcc/arm-none-eabi/10.3.1/../../../../arm-none-eabi/lib/thumb/v6-m/nofp\libg.a(lib_a-callocr.o)
                              c:/progra~2/gnuarm~1/102021~1.10/bin/../lib/gcc/arm-none-eabi/10.3.1/../../../../arm-none-eabi/lib/thumb/v6-m/nofp\libg.a(lib_a-calloc.o) (_calloc_r)
c:/progra~2/gnuarm~1/102021~1.10/bin/../lib/gcc/arm-none-eabi/10.3.1/../../../../arm-none-eabi/lib/thumb/v6-m/nofp\libg.a(lib_a-errno.o)
                              c:/progra~2/gnuarm~1/102021~1.10/bin/../lib/gcc/arm-none-eabi/10.3.1/../../../../arm-none-eabi/lib/thumb/v6-m/nofp\libg.a(lib_a-callocr.o) (__errno)
c:/progra~2/gnuarm~1/102021~1.10/bin/../lib/gcc/arm-none-eabi/10.3.1/../../../../arm-none-eabi/lib/thumb/v6-m/nofp\libg.a(lib_a-impure.o)
                              c:/progra~2/gnuarm~1/102021~1.10/bin/../lib/gcc/arm-none-eabi/10.3.1/../../../../arm-none-eabi/lib/thumb/v6-m/nofp\libg.a(lib_a-calloc.o) (_impure_ptr)
c:/progra~2/gnuarm~1/102021~1.10/bin/../lib/gcc/arm-none-eabi/10.3.1/../../../../arm-none-eabi/lib/thumb/v6-m/nofp\libg.a(lib_a-init.o)
                              c:/progra~2/gnuarm~1/102021~1.10/bin/../lib/gcc/arm-none-eabi/10.3.1/../../../../arm-none-eabi/lib/thumb/v6-m/nofp/crt0.o (__libc_init_array)
c:/progra~2/gnuarm~1/102021~1.10/bin/../lib/gcc/arm-none-eabi/10.3.1/../../../../arm-none-eabi/lib/thumb/v6-m/nofp\libg.a(lib_a-malloc.o)
                              CMakeFiles/parkinson_pen_project.dir/D_/study/parkinson_pen/pico_sdk/pico-sdk/src/rp2_common/pico_malloc/pico_malloc.c.obj (malloc)
c:/progra~2/gnuarm~1/102021~1.10/bin/../lib/gcc/arm-none-eabi/10.3.1/../../../../arm-none-eabi/lib/thumb/v6-m/nofp\libg.a(lib_a-mallocr.o)
                              c:/progra~2/gnuarm~1/102021~1.10/bin/../lib/gcc/arm-none-eabi/10.3.1/../../../../arm-none-eabi/lib/thumb/v6-m/nofp\libg.a(lib_a-callocr.o) (_malloc_r)
c:/progra~2/gnuarm~1/102021~1.10/bin/../lib/gcc/arm-none-eabi/10.3.1/../../../../arm-none-eabi/lib/thumb/v6-m/nofp\libg.a(lib_a-memcmp.o)
                              CMakeFiles/parkinson_pen_project.dir/src/inv_mpu.c.obj (memcmp)
c:/progra~2/gnuarm~1/102021~1.10/bin/../lib/gcc/arm-none-eabi/10.3.1/../../../../arm-none-eabi/lib/thumb/v6-m/nofp\libg.a(lib_a-mlock.o)
                              c:/progra~2/gnuarm~1/102021~1.10/bin/../lib/gcc/arm-none-eabi/10.3.1/../../../../arm-none-eabi/lib/thumb/v6-m/nofp\libg.a(lib_a-mallocr.o) (__malloc_lock)
c:/progra~2/gnuarm~1/102021~1.10/bin/../lib/gcc/arm-none-eabi/10.3.1/../../../../arm-none-eabi/lib/thumb/v6-m/nofp\libg.a(lib_a-realloc.o)
                              CMakeFiles/parkinson_pen_project.dir/D_/study/parkinson_pen/pico_sdk/pico-sdk/src/rp2_common/pico_malloc/pico_malloc.c.obj (realloc)
c:/progra~2/gnuarm~1/102021~1.10/bin/../lib/gcc/arm-none-eabi/10.3.1/../../../../arm-none-eabi/lib/thumb/v6-m/nofp\libg.a(lib_a-reallocr.o)
                              c:/progra~2/gnuarm~1/102021~1.10/bin/../lib/gcc/arm-none-eabi/10.3.1/../../../../arm-none-eabi/lib/thumb/v6-m/nofp\libg.a(lib_a-realloc.o) (_realloc_r)
c:/progra~2/gnuarm~1/102021~1.10/bin/../lib/gcc/arm-none-eabi/10.3.1/../../../../arm-none-eabi/lib/thumb/v6-m/nofp\libg.a(lib_a-sbrkr.o)
                              c:/progra~2/gnuarm~1/102021~1.10/bin/../lib/gcc/arm-none-eabi/10.3.1/../../../../arm-none-eabi/lib/thumb/v6-m/nofp\libg.a(lib_a-mallocr.o) (_sbrk_r)
c:/progra~2/gnuarm~1/102021~1.10/bin/../lib/gcc/arm-none-eabi/10.3.1/../../../../arm-none-eabi/lib/thumb/v6-m/nofp\libg.a(lib_a-strlen-stub.o)
                              CMakeFiles/parkinson_pen_project.dir/D_/study/parkinson_pen/pico_sdk/pico-sdk/src/rp2_common/pico_stdio/stdio.c.obj (strlen)
c:/progra~2/gnuarm~1/102021~1.10/bin/../lib/gcc/arm-none-eabi/10.3.1/../../../../arm-none-eabi/lib/thumb/v6-m/nofp\libg.a(lib_a-freer.o)
                              c:/progra~2/gnuarm~1/102021~1.10/bin/../lib/gcc/arm-none-eabi/10.3.1/../../../../arm-none-eabi/lib/thumb/v6-m/nofp\libg.a(lib_a-malloc.o) (_free_r)
c:/progra~2/gnuarm~1/102021~1.10/bin/../lib/gcc/arm-none-eabi/10.3.1/../../../../arm-none-eabi/lib/thumb/v6-m/nofp\libg.a(lib_a-lock.o)
                              c:/progra~2/gnuarm~1/102021~1.10/bin/../lib/gcc/arm-none-eabi/10.3.1/../../../../arm-none-eabi/lib/thumb/v6-m/nofp\libg.a(lib_a-mlock.o) (__retarget_lock_acquire_recursive)
[...]
Memory Configuration

Name             Origin             Length             Attributes
FLASH            0x10000000         0x00200000         xr
RAM              0x20000000         0x00040000         xrw
SCRATCH_X        0x20040000         0x00001000         xrw
SCRATCH_Y        0x20041000         0x00001000         xrw
*default*        0x00000000         0xffffffff

Linker script and memory map

LOAD c:/progra~2/gnuarm~1/102021~1.10/bin/../lib/gcc/arm-none-eabi/10.3.1/thumb/v6-m/nofp/crti.o
LOAD c:/progra~2/gnuarm~1/102021~1.10/bin/../lib/gcc/arm-none-eabi/10.3.1/thumb/v6-m/nofp/crtbegin.o
LOAD c:/progra~2/gnuarm~1/102021~1.10/bin/../lib/gcc/arm-none-eabi/10.3.1/../../../../arm-none-eabi/lib/thumb/v6-m/nofp/crt0.o

.flash_begin    0x10000000        0x0
                0x10000000                __flash_binary_start = .

.boot2          0x10000000      0x100
                0x10000000                __boot2_start__ = .
 *(.boot2)
 .boot2         0x10000000      0x100 C:\Users\26281\AppData\Local\Temp\cckSdo5H.o
                0x10000100                __boot2_end__ = .
                0x00000001                ASSERT (((__boot2_end__ - __boot2_start__) == 0x100), ERROR: Pico second stage bootloader must be 256 bytes in size)

.text           0x10000100     0x7620
                0x10000100                __logical_binary_start = .
 *(.vectors)
 .vectors       0x10000100       0xd4 CMakeFiles/parkinson_pen_project.dir/D_/study/parkinson_pen/pico_sdk/pico-sdk/src/rp2_common/pico_standard_link/crt0.S.obj
                0x10000100                __VECTOR_TABLE
                0x10000100                __vectors
                0x100001c0                isr_invalid
                0x100001c0                __default_isrs_start
                0x100001c2                isr_nmi
                0x100001c4                isr_hardfault
                0x100001c6                isr_svcall
                0x100001c8                isr_pendsv
                0x100001ca                isr_systick
                0x100001cc                isr_irq23
                0x100001cc                isr_irq18
                0x100001cc                isr_irq11
                0x100001cc                isr_irq28
                0x100001cc                isr_irq19
                0x100001cc                isr_irq0
                0x100001cc                isr_irq6
                0x100001cc                isr_irq5
                0x100001cc                isr_irq12
                0x100001cc                isr_irq22
                0x100001cc                isr_irq31
                0x100001cc                isr_irq17
                0x100001cc                isr_irq27
                0x100001cc                isr_irq30
                0x100001cc                isr_irq2
                0x100001cc                isr_irq10
                0x100001cc                isr_irq8
                0x100001cc                isr_irq24
                0x100001cc                isr_irq1
                0x100001cc                isr_irq7
                0x100001cc                isr_irq21
                0x100001cc                isr_irq20
                0x100001cc                isr_irq15
                0x100001cc                isr_irq25
                0x100001cc                isr_irq13
                0x100001cc                __unhandled_user_irq
                0x100001cc                isr_irq4
                0x100001cc                isr_irq16
                0x100001cc                isr_irq29
                0x100001cc                isr_irq26
                0x100001cc                __default_isrs_end
                0x100001cc                isr_irq3
                0x100001cc                isr_irq14
                0x100001cc                isr_irq9
                0x100001d2                unhandled_user_irq_num_in_r0
 *(.binary_info_header)
 .binary_info_header
                0x100001d4       0x14 CMakeFiles/parkinson_pen_project.dir/D_/study/parkinson_pen/pico_sdk/pico-sdk/src/rp2_common/pico_standard_link/crt0.S.obj
                0x100001e8                __binary_info_header_end = .
 *(.reset)
 .reset         0x100001e8       0xa0 CMakeFiles/parkinson_pen_project.dir/D_/study/parkinson_pen/pico_sdk/pico-sdk/src/rp2_common/pico_standard_link/crt0.S.obj
                0x100001e8                _entry_point
 .reset         0x10000288       0x30 CMakeFiles/parkinson_pen_project.dir/D_/study/parkinson_pen/pico_sdk/pico-sdk/src/rp2_common/pico_standard_link/binary_info.c.obj
 *(.init)
 .init          0x100002b8        0x4 c:/progra~2/gnuarm~1/102021~1.10/bin/../lib/gcc/arm-none-eabi/10.3.1/thumb/v6-m/nofp/crti.o
                0x100002b8                _init
 *(EXCLUDE_FILE(*libm.a: *libc.a:*lib_a-mem*.o *libgcc.a:) .text*)
 .text          0x100002bc       0x48 c:/progra~2/gnuarm~1/102021~1.10/bin/../lib/gcc/arm-none-eabi/10.3.1/thumb/v6-m/nofp/crtbegin.o
 .text.main     0x10000304       0x58 CMakeFiles/parkinson_pen_project.dir/main.c.obj
                0x10000304                main
 .text.mpu6050_write
                0x1000035c       0x6c CMakeFiles/parkinson_pen_project.dir/src/mpu6050_i2c.c.obj
                0x1000035c                mpu6050_write
 .text.mpu6050_read
                0x100003c8       0x38 CMakeFiles/parkinson_pen_project.dir/src/mpu6050_i2c.c.obj
                0x100003c8                mpu6050_read
 .text.decode_gesture
                0x10000400       0x3c CMakeFiles/parkinson_pen_project.dir/src/inv_mpu_dmp_motion_driver.c.obj
 .text.dmp_load_motion_driver_firmware
                0x1000043c       0x1c CMakeFiles/parkinson_pen_project.dir/src/inv_mpu_dmp_motion_driver.c.obj
                0x1000043c                dmp_load_motion_driver_firmware
 .text.dmp_set_orientation
                0x10000458      0x120 CMakeFiles/parkinson_pen_project.dir/src/inv_mpu_dmp_motion_driver.c.obj
                0x10000458                dmp_set_orientation
 .text.dmp_set_fifo_rate
                0x10000578       0x70 CMakeFiles/parkinson_pen_project.dir/src/inv_mpu_dmp_motion_driver.c.obj
                0x10000578                dmp_set_fifo_rate
 .text.dmp_set_tap_thresh
                0x100005e8      0x198 CMakeFiles/parkinson_pen_project.dir/src/inv_mpu_dmp_motion_driver.c.obj
                0x100005e8                dmp_set_tap_thresh
 .text.dmp_set_tap_axes
                0x10000780       0x46 CMakeFiles/parkinson_pen_project.dir/src/inv_mpu_dmp_motion_driver.c.obj
                0x10000780                dmp_set_tap_axes
 .text.dmp_set_tap_count
                0x100007c6       0x28 CMakeFiles/parkinson_pen_project.dir/src/inv_mpu_dmp_motion_driver.c.obj
                0x100007c6                dmp_set_tap_count
 .text.dmp_set_tap_time
                0x100007ee       0x24 CMakeFiles/parkinson_pen_project.dir/src/inv_mpu_dmp_motion_driver.c.obj
                0x100007ee                dmp_set_tap_time
 .text.dmp_set_tap_time_multi
                0x10000812       0x24 CMakeFiles/parkinson_pen_project.dir/src/inv_mpu_dmp_motion_driver.c.obj
                0x10000812                dmp_set_tap_time_multi
 .text.dmp_set_shake_reject_thresh
                0x10000836       0x2e CMakeFiles/parkinson_pen_project.dir/src/inv_mpu_dmp_motion_driver.c.obj
                0x10000836                dmp_set_shake_reject_thresh
 .text.dmp_set_shake_reject_time
                0x10000864       0x24 CMakeFiles/parkinson_pen_project.dir/src/inv_mpu_dmp_motion_driver.c.obj
                0x10000864                dmp_set_shake_reject_time
 .text.dmp_set_shake_reject_timeout
                0x10000888       0x24 CMakeFiles/parkinson_pen_project.dir/src/inv_mpu_dmp_motion_driver.c.obj
                0x10000888                dmp_set_shake_reject_timeout
 .text.dmp_enable_gyro_cal
                0x100008ac       0x48 CMakeFiles/parkinson_pen_project.dir/src/inv_mpu_dmp_motion_driver.c.obj
                0x100008ac                dmp_enable_gyro_cal
 .text.dmp_enable_lp_quat
                0x100008f4       0x3c CMakeFiles/parkinson_pen_project.dir/src/inv_mpu_dmp_motion_driver.c.obj
                0x100008f4                dmp_enable_lp_quat
 .text.dmp_enable_6x_lp_quat
                0x10000930       0x3c CMakeFiles/parkinson_pen_project.dir/src/inv_mpu_dmp_motion_driver.c.obj
                0x10000930                dmp_enable_6x_lp_quat
 .text.dmp_enable_feature
                0x1000096c      0x200 CMakeFiles/parkinson_pen_project.dir/src/inv_mpu_dmp_motion_driver.c.obj
                0x1000096c                dmp_enable_feature
 .text.dmp_read_fifo
                0x10000b6c      0x1a4 CMakeFiles/parkinson_pen_project.dir/src/inv_mpu_dmp_motion_driver.c.obj
                0x10000b6c                dmp_read_fifo
 .text.set_int_enable
                0x10000d10       0xa8 CMakeFiles/parkinson_pen_project.dir/src/inv_mpu.c.obj
 .text.mpu_reset_fifo
                0x10000db8      0x1f8 CMakeFiles/parkinson_pen_project.dir/src/inv_mpu.c.obj
                0x10000db8                mpu_reset_fifo
 .text.mpu_set_gyro_fsr
                0x10000fb0       0xa0 CMakeFiles/parkinson_pen_project.dir/src/inv_mpu.c.obj
                0x10000fb0                mpu_set_gyro_fsr
 .text.mpu_get_accel_fsr
                0x10001050       0x54 CMakeFiles/parkinson_pen_project.dir/src/inv_mpu.c.obj
                0x10001050                mpu_get_accel_fsr
 .text.mpu_set_accel_fsr
                0x100010a4       0x94 CMakeFiles/parkinson_pen_project.dir/src/inv_mpu.c.obj
                0x100010a4                mpu_set_accel_fsr
 .text.mpu_set_lpf
                0x10001138       0x94 CMakeFiles/parkinson_pen_project.dir/src/inv_mpu.c.obj
                0x10001138                mpu_set_lpf
 .text.mpu_configure_fifo
                0x100011cc       0x6c CMakeFiles/parkinson_pen_project.dir/src/inv_mpu.c.obj
                0x100011cc                mpu_configure_fifo
 .text.mpu_read_fifo_stream
                0x10001238       0xc4 CMakeFiles/parkinson_pen_project.dir/src/inv_mpu.c.obj
                0x10001238                mpu_read_fifo_stream
 .text.mpu_set_bypass
                0x100012fc      0x174 CMakeFiles/parkinson_pen_project.dir/src/inv_mpu.c.obj
                0x100012fc                mpu_set_bypass
 .text.mpu_set_int_latched
                0x10001470       0x80 CMakeFiles/parkinson_pen_project.dir/src/inv_mpu.c.obj
                0x10001470                mpu_set_int_latched
 .text.mpu_lp_accel_mode
                0x100014f0       0xdc CMakeFiles/parkinson_pen_project.dir/src/inv_mpu.c.obj
                0x100014f0                mpu_lp_accel_mode
 .text.mpu_set_sample_rate
                0x100015cc       0xa4 CMakeFiles/parkinson_pen_project.dir/src/inv_mpu.c.obj
                0x100015cc                mpu_set_sample_rate
 .text.mpu_set_sensors
                0x10001670       0xe4 CMakeFiles/parkinson_pen_project.dir/src/inv_mpu.c.obj
                0x10001670                mpu_set_sensors
 .text.mpu_init
                0x10001754       0xfc CMakeFiles/parkinson_pen_project.dir/src/inv_mpu.c.obj
                0x10001754                mpu_init
 .text.mpu_write_mem
                0x10001850       0x78 CMakeFiles/parkinson_pen_project.dir/src/inv_mpu.c.obj
                0x10001850                mpu_write_mem
 .text.mpu_read_mem
                0x100018c8       0x78 CMakeFiles/parkinson_pen_project.dir/src/inv_mpu.c.obj
                0x100018c8                mpu_read_mem
 .text.mpu_load_firmware
                0x10001940       0xc8 CMakeFiles/parkinson_pen_project.dir/src/inv_mpu.c.obj
                0x10001940                mpu_load_firmware
 .text.mpu_set_dmp_state
                0x10001a08       0x90 CMakeFiles/parkinson_pen_project.dir/src/inv_mpu.c.obj
                0x10001a08                mpu_set_dmp_state
 .text.inv_row_2_scale
                0x10001a98       0x3e CMakeFiles/parkinson_pen_project.dir/src/inv_mpu.c.obj
                0x10001a98                inv_row_2_scale
 .text.inv_orientation_matrix_to_scalar
                0x10001ad6       0x24 CMakeFiles/parkinson_pen_project.dir/src/inv_mpu.c.obj
                0x10001ad6                inv_orientation_matrix_to_scalar
 *fill*         0x10001afa        0x2 
 .text.get_time_ms
                0x10001afc       0x40 CMakeFiles/parkinson_pen_project.dir/src/inv_mpu.c.obj
                0x10001afc                get_time_ms
 .text.MPU6050_DMP_Init
                0x10001b3c      0x118 CMakeFiles/parkinson_pen_project.dir/src/inv_mpu.c.obj
                0x10001b3c                MPU6050_DMP_Init
 .text.MPU6050_DMP_Get_Data
                0x10001c54      0x1e4 CMakeFiles/parkinson_pen_project.dir/src/inv_mpu.c.obj
                0x10001c54                MPU6050_DMP_Get_Data
 .text.gpio_set_function
                0x10001e38       0x30 CMakeFiles/parkinson_pen_project.dir/D_/study/parkinson_pen/pico_sdk/pico-sdk/src/rp2_common/hardware_gpio/gpio.c.obj
                0x10001e38                gpio_set_function
 .text.gpio_set_pulls
                0x10001e68       0x34 CMakeFiles/parkinson_pen_project.dir/D_/study/parkinson_pen/pico_sdk/pico-sdk/src/rp2_common/hardware_gpio/gpio.c.obj
                0x10001e68                gpio_set_pulls
 .text.running_on_fpga
                0x10001e9c       0x14 CMakeFiles/parkinson_pen_project.dir/D_/study/parkinson_pen/pico_sdk/pico-sdk/src/rp2_common/pico_platform/platform.c.obj
                0x10001e9c                running_on_fpga
 .text.hw_claim_lock
                0x10001eb0       0x18 CMakeFiles/parkinson_pen_project.dir/D_/study/parkinson_pen/pico_sdk/pico-sdk/src/rp2_common/hardware_claim/claim.c.obj
                0x10001eb0                hw_claim_lock
 .text.hw_claim_unlock
                0x10001ec8       0x14 CMakeFiles/parkinson_pen_project.dir/D_/study/parkinson_pen/pico_sdk/pico-sdk/src/rp2_common/hardware_claim/claim.c.obj
                0x10001ec8                hw_claim_unlock
 .text.hw_claim_or_assert
                0x10001edc       0x32 CMakeFiles/parkinson_pen_project.dir/D_/study/parkinson_pen/pico_sdk/pico-sdk/src/rp2_common/hardware_claim/claim.c.obj
                0x10001edc                hw_claim_or_assert
 *fill*         0x10001f0e        0x2 
 .text.spin_locks_reset
                0x10001f10       0x20 CMakeFiles/parkinson_pen_project.dir/D_/study/parkinson_pen/pico_sdk/pico-sdk/src/rp2_common/hardware_sync/sync.c.obj
                0x10001f10                spin_locks_reset
 .text.next_striped_spin_lock_num
                0x10001f30       0x1c CMakeFiles/parkinson_pen_project.dir/D_/study/parkinson_pen/pico_sdk/pico-sdk/src/rp2_common/hardware_sync/sync.c.obj
                0x10001f30                next_striped_spin_lock_num
 .text.set_raw_irq_handler_and_unlock
                0x10001f4c       0x28 CMakeFiles/parkinson_pen_project.dir/D_/study/parkinson_pen/pico_sdk/pico-sdk/src/rp2_common/hardware_irq/irq.c.obj
 .text.make_branch
                0x10001f74       0x48 CMakeFiles/parkinson_pen_project.dir/D_/study/parkinson_pen/pico_sdk/pico-sdk/src/rp2_common/hardware_irq/irq.c.obj
 .text.insert_branch_and_link
                0x10001fbc       0x40 CMakeFiles/parkinson_pen_project.dir/D_/study/parkinson_pen/pico_sdk/pico-sdk/src/rp2_common/hardware_irq/irq.c.obj
 .text.irq_is_enabled
                0x10001ffc       0x18 CMakeFiles/parkinson_pen_project.dir/D_/study/parkinson_pen/pico_sdk/pico-sdk/src/rp2_common/hardware_irq/irq.c.obj
                0x10001ffc                irq_is_enabled
 .text.irq_set_mask_enabled
                0x10002014       0x20 CMakeFiles/parkinson_pen_project.dir/D_/study/parkinson_pen/pico_sdk/pico-sdk/src/rp2_common/hardware_irq/irq.c.obj
                0x10002014                irq_set_mask_enabled
 .text.irq_set_enabled
                0x10002034        0xe CMakeFiles/parkinson_pen_project.dir/D_/study/parkinson_pen/pico_sdk/pico-sdk/src/rp2_common/hardware_irq/irq.c.obj
                0x10002034                irq_set_enabled
 *fill*         0x10002042        0x2 
 .text.irq_get_vtable_handler
                0x10002044       0x10 CMakeFiles/parkinson_pen_project.dir/D_/study/parkinson_pen/pico_sdk/pico-sdk/src/rp2_common/hardware_irq/irq.c.obj
                0x10002044                irq_get_vtable_handler
 .text.irq_set_exclusive_handler
                0x10002054       0x54 CMakeFiles/parkinson_pen_project.dir/D_/study/parkinson_pen/pico_sdk/pico-sdk/src/rp2_common/hardware_irq/irq.c.obj
                0x10002054                irq_set_exclusive_handler
 .text.irq_remove_handler
                0x100020a8      0x1ac CMakeFiles/parkinson_pen_project.dir/D_/study/parkinson_pen/pico_sdk/pico-sdk/src/rp2_common/hardware_irq/irq.c.obj
                0x100020a8                irq_remove_handler
 .text.irq_add_tail_to_free_list
                0x10002254       0xf0 CMakeFiles/parkinson_pen_project.dir/D_/study/parkinson_pen/pico_sdk/pico-sdk/src/rp2_common/hardware_irq/irq.c.obj
                0x10002254                irq_add_tail_to_free_list
 .text.irq_init_priorities
                0x10002344       0x1c CMakeFiles/parkinson_pen_project.dir/D_/study/parkinson_pen/pico_sdk/pico-sdk/src/rp2_common/hardware_irq/irq.c.obj
                0x10002344                irq_init_priorities
 .text.lock_init
                0x10002360       0x10 CMakeFiles/parkinson_pen_project.dir/D_/study/parkinson_pen/pico_sdk/pico-sdk/src/common/pico_sync/lock_core.c.obj
                0x10002360                lock_init
 .text.mutex_init
                0x10002370       0x1a CMakeFiles/parkinson_pen_project.dir/D_/study/parkinson_pen/pico_sdk/pico-sdk/src/common/pico_sync/mutex.c.obj
                0x10002370                mutex_init
 .text.recursive_mutex_init
                0x1000238a       0x1e CMakeFiles/parkinson_pen_project.dir/D_/study/parkinson_pen/pico_sdk/pico-sdk/src/common/pico_sync/mutex.c.obj
                0x1000238a                recursive_mutex_init
 .text.alarm_pool_post_alloc_init
                0x100023a8       0x40 CMakeFiles/parkinson_pen_project.dir/D_/study/parkinson_pen/pico_sdk/pico-sdk/src/common/pico_time/time.c.obj
 .text.sleep_until_callback
                0x100023e8       0x30 CMakeFiles/parkinson_pen_project.dir/D_/study/parkinson_pen/pico_sdk/pico-sdk/src/common/pico_time/time.c.obj
 .text.timer_pool_entry_comparator
                0x10002418       0x7c CMakeFiles/parkinson_pen_project.dir/D_/study/parkinson_pen/pico_sdk/pico-sdk/src/common/pico_time/time.c.obj
                0x10002418                timer_pool_entry_comparator
 .text.ph_add_child_node
                0x10002494       0xa4 CMakeFiles/parkinson_pen_project.dir/D_/study/parkinson_pen/pico_sdk/pico-sdk/src/common/pico_time/time.c.obj
 .text.ph_merge_nodes
                0x10002538       0x3e CMakeFiles/parkinson_pen_project.dir/D_/study/parkinson_pen/pico_sdk/pico-sdk/src/common/pico_time/time.c.obj
 *fill*         0x10002576        0x2 
 .text.add_alarm_under_lock
                0x10002578      0x174 CMakeFiles/parkinson_pen_project.dir/D_/study/parkinson_pen/pico_sdk/pico-sdk/src/common/pico_time/time.c.obj
 .text.alarm_pool_alarm_callback
                0x100026ec      0x33c CMakeFiles/parkinson_pen_project.dir/D_/study/parkinson_pen/pico_sdk/pico-sdk/src/common/pico_time/time.c.obj
 .text.alarm_pool_init_default
                0x10002a28       0x40 CMakeFiles/parkinson_pen_project.dir/D_/study/parkinson_pen/pico_sdk/pico-sdk/src/common/pico_time/time.c.obj
                0x10002a28                alarm_pool_init_default
 .text.alarm_pool_get_default
                0x10002a68       0x2c CMakeFiles/parkinson_pen_project.dir/D_/study/parkinson_pen/pico_sdk/pico-sdk/src/common/pico_time/time.c.obj
                0x10002a68                alarm_pool_get_default
 .text.alarm_pool_add_alarm_at
                0x10002a94      0x168 CMakeFiles/parkinson_pen_project.dir/D_/study/parkinson_pen/pico_sdk/pico-sdk/src/common/pico_time/time.c.obj
                0x10002a94                alarm_pool_add_alarm_at
 .text.alarm_pool_cancel_alarm
                0x10002bfc       0xf8 CMakeFiles/parkinson_pen_project.dir/D_/study/parkinson_pen/pico_sdk/pico-sdk/src/common/pico_time/time.c.obj
                0x10002bfc                alarm_pool_cancel_alarm
 .text.sleep_until
                0x10002cf4       0xfc CMakeFiles/parkinson_pen_project.dir/D_/study/parkinson_pen/pico_sdk/pico-sdk/src/common/pico_time/time.c.obj
                0x10002cf4                sleep_until
 .text.sleep_us
                0x10002df0       0x58 CMakeFiles/parkinson_pen_project.dir/D_/study/parkinson_pen/pico_sdk/pico-sdk/src/common/pico_time/time.c.obj
                0x10002df0                sleep_us
 .text.sleep_ms
                0x10002e48       0x14 CMakeFiles/parkinson_pen_project.dir/D_/study/parkinson_pen/pico_sdk/pico-sdk/src/common/pico_time/time.c.obj
                0x10002e48                sleep_ms
 .text.best_effort_wfe_or_timeout
                0x10002e5c       0xac CMakeFiles/parkinson_pen_project.dir/D_/study/parkinson_pen/pico_sdk/pico-sdk/src/common/pico_time/time.c.obj
                0x10002e5c                best_effort_wfe_or_timeout
 .text.hardware_alarm_irq_handler
                0x10002f08       0x90 CMakeFiles/parkinson_pen_project.dir/D_/study/parkinson_pen/pico_sdk/pico-sdk/src/rp2_common/hardware_timer/timer.c.obj
 .text.hardware_alarm_claim
                0x10002f98       0x18 CMakeFiles/parkinson_pen_project.dir/D_/study/parkinson_pen/pico_sdk/pico-sdk/src/rp2_common/hardware_timer/timer.c.obj
                0x10002f98                hardware_alarm_claim
 .text.time_us_64
                0x10002fb0       0x18 CMakeFiles/parkinson_pen_project.dir/D_/study/parkinson_pen/pico_sdk/pico-sdk/src/rp2_common/hardware_timer/timer.c.obj
                0x10002fb0                time_us_64
 .text.busy_wait_until
                0x10002fc8       0x28 CMakeFiles/parkinson_pen_project.dir/D_/study/parkinson_pen/pico_sdk/pico-sdk/src/rp2_common/hardware_timer/timer.c.obj
                0x10002fc8                busy_wait_until
 .text.busy_wait_us
                0x10002ff0       0x48 CMakeFiles/parkinson_pen_project.dir/D_/study/parkinson_pen/pico_sdk/pico-sdk/src/rp2_common/hardware_timer/timer.c.obj
                0x10002ff0                busy_wait_us
 .text.hardware_alarm_set_callback
                0x10003038       0x90 CMakeFiles/parkinson_pen_project.dir/D_/study/parkinson_pen/pico_sdk/pico-sdk/src/rp2_common/hardware_timer/timer.c.obj
                0x10003038                hardware_alarm_set_callback
 .text.hardware_alarm_set_target
                0x100030c8       0xe8 CMakeFiles/parkinson_pen_project.dir/D_/study/parkinson_pen/pico_sdk/pico-sdk/src/rp2_common/hardware_timer/timer.c.obj
                0x100030c8                hardware_alarm_set_target
 .text.hardware_alarm_cancel
                0x100031b0       0x40 CMakeFiles/parkinson_pen_project.dir/D_/study/parkinson_pen/pico_sdk/pico-sdk/src/rp2_common/hardware_timer/timer.c.obj
                0x100031b0                hardware_alarm_cancel
 .text.ph_add_child_node
                0x100031f0       0xa4 CMakeFiles/parkinson_pen_project.dir/D_/study/parkinson_pen/pico_sdk/pico-sdk/src/common/pico_util/pheap.c.obj
 .text.ph_merge_nodes
                0x10003294       0x3e CMakeFiles/parkinson_pen_project.dir/D_/study/parkinson_pen/pico_sdk/pico-sdk/src/common/pico_util/pheap.c.obj
 *fill*         0x100032d2        0x2 
 .text.ph_clear
                0x100032d4       0x70 CMakeFiles/parkinson_pen_project.dir/D_/study/parkinson_pen/pico_sdk/pico-sdk/src/common/pico_util/pheap.c.obj
                0x100032d4                ph_clear
 .text.ph_post_alloc_init
                0x10003344        0xe CMakeFiles/parkinson_pen_project.dir/D_/study/parkinson_pen/pico_sdk/pico-sdk/src/common/pico_util/pheap.c.obj
                0x10003344                ph_post_alloc_init
 *fill*         0x10003352        0x2 
 .text.ph_merge_two_pass
                0x10003354       0xa8 CMakeFiles/parkinson_pen_project.dir/D_/study/parkinson_pen/pico_sdk/pico-sdk/src/common/pico_util/pheap.c.obj
                0x10003354                ph_merge_two_pass
 .text.ph_remove_any_head
                0x100033fc      0x128 CMakeFiles/parkinson_pen_project.dir/D_/study/parkinson_pen/pico_sdk/pico-sdk/src/common/pico_util/pheap.c.obj
 .text.ph_remove_head
                0x10003524       0x14 CMakeFiles/parkinson_pen_project.dir/D_/study/parkinson_pen/pico_sdk/pico-sdk/src/common/pico_util/pheap.c.obj
                0x10003524                ph_remove_head
 .text.ph_remove_and_free_node
                0x10003538       0xf8 CMakeFiles/parkinson_pen_project.dir/D_/study/parkinson_pen/pico_sdk/pico-sdk/src/common/pico_util/pheap.c.obj
                0x10003538                ph_remove_and_free_node
 .text.uart_disable_before_lcr_write
                0x10003630       0x48 CMakeFiles/parkinson_pen_project.dir/D_/study/parkinson_pen/pico_sdk/pico-sdk/src/rp2_common/hardware_uart/uart.c.obj
 .text.uart_write_lcr_bits_masked
                0x10003678       0x22 CMakeFiles/parkinson_pen_project.dir/D_/study/parkinson_pen/pico_sdk/pico-sdk/src/rp2_common/hardware_uart/uart.c.obj
 *fill*         0x1000369a        0x2 
 .text.uart_set_baudrate
                0x1000369c       0x5c CMakeFiles/parkinson_pen_project.dir/D_/study/parkinson_pen/pico_sdk/pico-sdk/src/rp2_common/hardware_uart/uart.c.obj
                0x1000369c                uart_set_baudrate
 .text.uart_set_format
                0x100036f8       0x2c CMakeFiles/parkinson_pen_project.dir/D_/study/parkinson_pen/pico_sdk/pico-sdk/src/rp2_common/hardware_uart/uart.c.obj
                0x100036f8                uart_set_format
 .text.uart_set_translate_crlf
                0x10003724       0x28 CMakeFiles/parkinson_pen_project.dir/D_/study/parkinson_pen/pico_sdk/pico-sdk/src/rp2_common/hardware_uart/uart.c.obj
                0x10003724                uart_set_translate_crlf
 .text.uart_init
                0x1000374c       0x80 CMakeFiles/parkinson_pen_project.dir/D_/study/parkinson_pen/pico_sdk/pico-sdk/src/rp2_common/hardware_uart/uart.c.obj
                0x1000374c                uart_init
 .text.clock_configure
                0x100037cc      0x108 CMakeFiles/parkinson_pen_project.dir/D_/study/parkinson_pen/pico_sdk/pico-sdk/src/rp2_common/hardware_clocks/clocks.c.obj
                0x100037cc                clock_configure
 .text.clocks_init
                0x100038d4      0x100 CMakeFiles/parkinson_pen_project.dir/D_/study/parkinson_pen/pico_sdk/pico-sdk/src/rp2_common/hardware_clocks/clocks.c.obj
                0x100038d4                clocks_init
 .text.clock_get_hz
                0x100039d4        0xc CMakeFiles/parkinson_pen_project.dir/D_/study/parkinson_pen/pico_sdk/pico-sdk/src/rp2_common/hardware_clocks/clocks.c.obj
                0x100039d4                clock_get_hz
 .text.pll_init
                0x100039e0      0x120 CMakeFiles/parkinson_pen_project.dir/D_/study/parkinson_pen/pico_sdk/pico-sdk/src/rp2_common/hardware_pll/pll.c.obj
                0x100039e0                pll_init
 .text.watchdog_start_tick
                0x10003b00       0x10 CMakeFiles/parkinson_pen_project.dir/D_/study/parkinson_pen/pico_sdk/pico-sdk/src/rp2_common/hardware_watchdog/watchdog.c.obj
                0x10003b00                watchdog_start_tick
 .text.xosc_init
                0x10003b10       0x28 CMakeFiles/parkinson_pen_project.dir/D_/study/parkinson_pen/pico_sdk/pico-sdk/src/rp2_common/hardware_xosc/xosc.c.obj
                0x10003b10                xosc_init
 .text._exit    0x10003b38        0x4 CMakeFiles/parkinson_pen_project.dir/D_/study/parkinson_pen/pico_sdk/pico-sdk/src/rp2_common/pico_runtime/runtime.c.obj
                0x10003b38                _exit
 .text._sbrk    0x10003b3c       0x38 CMakeFiles/parkinson_pen_project.dir/D_/study/parkinson_pen/pico_sdk/pico-sdk/src/rp2_common/pico_runtime/runtime.c.obj
                0x10003b3c                _sbrk
 .text.exit     0x10003b74        0x6 CMakeFiles/parkinson_pen_project.dir/D_/study/parkinson_pen/pico_sdk/pico-sdk/src/rp2_common/pico_runtime/runtime.c.obj
                0x10003b74                exit
 *fill*         0x10003b7a        0x2 
 .text.__assert_func
                0x10003b7c       0x3c CMakeFiles/parkinson_pen_project.dir/D_/study/parkinson_pen/pico_sdk/pico-sdk/src/rp2_common/pico_runtime/runtime.c.obj
                0x10003b7c                __assert_func
 .text.runtime_init
                0x10003bb8       0xf8 CMakeFiles/parkinson_pen_project.dir/D_/study/parkinson_pen/pico_sdk/pico-sdk/src/rp2_common/pico_runtime/runtime.c.obj
                0x10003bb8                runtime_init
 .text.panic    0x10003cb0       0x30 CMakeFiles/parkinson_pen_project.dir/D_/study/parkinson_pen/pico_sdk/pico-sdk/src/rp2_common/pico_runtime/runtime.c.obj
                0x10003cb0                panic
 .text._out_null
                0x10003ce0        0x2 CMakeFiles/parkinson_pen_project.dir/D_/study/parkinson_pen/pico_sdk/pico-sdk/src/rp2_common/pico_printf/printf.c.obj
 .text._out_fct
                0x10003ce2        0xe CMakeFiles/parkinson_pen_project.dir/D_/study/parkinson_pen/pico_sdk/pico-sdk/src/rp2_common/pico_printf/printf.c.obj
 .text._atoi    0x10003cf0       0x24 CMakeFiles/parkinson_pen_project.dir/D_/study/parkinson_pen/pico_sdk/pico-sdk/src/rp2_common/pico_printf/printf.c.obj
 .text._out_rev
                0x10003d14       0xae CMakeFiles/parkinson_pen_project.dir/D_/study/parkinson_pen/pico_sdk/pico-sdk/src/rp2_common/pico_printf/printf.c.obj
 .text._ntoa_format
                0x10003dc2      0x112 CMakeFiles/parkinson_pen_project.dir/D_/study/parkinson_pen/pico_sdk/pico-sdk/src/rp2_common/pico_printf/printf.c.obj
 .text._ntoa_long
                0x10003ed4       0xbc CMakeFiles/parkinson_pen_project.dir/D_/study/parkinson_pen/pico_sdk/pico-sdk/src/rp2_common/pico_printf/printf.c.obj
 .text._ntoa_long_long
                0x10003f90       0xe2 CMakeFiles/parkinson_pen_project.dir/D_/study/parkinson_pen/pico_sdk/pico-sdk/src/rp2_common/pico_printf/printf.c.obj
 *fill*         0x10004072        0x2 
 .text._etoa    0x10004074      0x414 CMakeFiles/parkinson_pen_project.dir/D_/study/parkinson_pen/pico_sdk/pico-sdk/src/rp2_common/pico_printf/printf.c.obj
 .text._ftoa    0x10004488      0x354 CMakeFiles/parkinson_pen_project.dir/D_/study/parkinson_pen/pico_sdk/pico-sdk/src/rp2_common/pico_printf/printf.c.obj
 .text._vsnprintf
                0x100047dc      0x624 CMakeFiles/parkinson_pen_project.dir/D_/study/parkinson_pen/pico_sdk/pico-sdk/src/rp2_common/pico_printf/printf.c.obj
 .text.vfctprintf
                0x10004e00       0x20 CMakeFiles/parkinson_pen_project.dir/D_/study/parkinson_pen/pico_sdk/pico-sdk/src/rp2_common/pico_printf/printf.c.obj
                0x10004e00                vfctprintf
 .text          0x10004e20       0x10 CMakeFiles/parkinson_pen_project.dir/D_/study/parkinson_pen/pico_sdk/pico-sdk/src/rp2_common/pico_bit_ops/bit_ops_aeabi.S.obj
 .text.rom_func_lookup
                0x10004e30       0x10 CMakeFiles/parkinson_pen_project.dir/D_/study/parkinson_pen/pico_sdk/pico-sdk/src/rp2_common/pico_bootrom/bootrom.c.obj
                0x10004e30                rom_func_lookup
 .text.rom_data_lookup
                0x10004e40       0x10 CMakeFiles/parkinson_pen_project.dir/D_/study/parkinson_pen/pico_sdk/pico-sdk/src/rp2_common/pico_bootrom/bootrom.c.obj
                0x10004e40                rom_data_lookup
 .text.rom_funcs_lookup
                0x10004e50       0x36 CMakeFiles/parkinson_pen_project.dir/D_/study/parkinson_pen/pico_sdk/pico-sdk/src/rp2_common/pico_bootrom/bootrom.c.obj
                0x10004e50                rom_funcs_lookup
 *fill*         0x10004e86        0x2 
 .text.__wrap___aeabi_idiv
                0x10004e88       0x50 CMakeFiles/parkinson_pen_project.dir/D_/study/parkinson_pen/pico_sdk/pico-sdk/src/rp2_common/pico_divider/divider.S.obj
                0x10004e88                __wrap___aeabi_idivmod
                0x10004e88                divmod_s32s32
                0x10004e88                div_s32s32
                0x10004e88                __wrap___aeabi_idiv
                0x10004e90                divmod_s32s32_unsafe
                0x10004ebc                divmod_s32s32_savestate
 .text.__wrap___aeabi_uidiv
                0x10004ed8       0x4c CMakeFiles/parkinson_pen_project.dir/D_/study/parkinson_pen/pico_sdk/pico-sdk/src/rp2_common/pico_divider/divider.S.obj
                0x10004ed8                __wrap___aeabi_uidiv
                0x10004ed8                __wrap___aeabi_uidivmod
                0x10004ed8                div_u32u32
                0x10004ed8                divmod_u32u32
                0x10004ee0                divmod_u32u32_unsafe
                0x10004f08                divmod_u32u32_savestate
 .text.__wrap___aeabi_ldiv
                0x10004f24      0x424 CMakeFiles/parkinson_pen_project.dir/D_/study/parkinson_pen/pico_sdk/pico-sdk/src/rp2_common/pico_divider/divider.S.obj
                0x10004f24                div_s64s64
                0x10004f24                divmod_s64s64
                0x10004f24                __wrap___aeabi_ldivmod
                0x10004f54                divmod_u64u64
                0x10004f54                div_u64u64
                0x10004f54                __wrap___aeabi_uldivmod
                0x10004f64                divmod_u64u64_savestate
                0x10004f84                divmod_s64s64_unsafe
                0x1000500c                divmod_u64u64_unsafe
 .text.push_r8_r11
                0x10005348        0xc CMakeFiles/parkinson_pen_project.dir/D_/study/parkinson_pen/pico_sdk/pico-sdk/src/rp2_common/pico_double/double_aeabi.S.obj
                0x10005348                push_r8_r11
 .text.pop_r8_r11
                0x10005354        0xc CMakeFiles/parkinson_pen_project.dir/D_/study/parkinson_pen/pico_sdk/pico-sdk/src/rp2_common/pico_double/double_aeabi.S.obj
                0x10005354                pop_r8_r11
 .text.__wrap___aeabi_darithmetic
                0x10005360       0x80 CMakeFiles/parkinson_pen_project.dir/D_/study/parkinson_pen/pico_sdk/pico-sdk/src/rp2_common/pico_double/double_aeabi.S.obj
                0x10005360                __wrap___aeabi_drsub
                0x10005366                __wrap___aeabi_dsub
                0x10005378                __wrap___aeabi_dadd
                0x1000538a                __wrap___aeabi_ddiv
                0x100053c6                __wrap___aeabi_dmul
 .text.__wrap___aeabi_cdcmple
                0x100053e0       0x6c CMakeFiles/parkinson_pen_project.dir/D_/study/parkinson_pen/pico_sdk/pico-sdk/src/rp2_common/pico_double/double_aeabi.S.obj
                0x100053e0                __wrap___aeabi_cdrcmple
                0x100053f0                __wrap___aeabi_cdcmpeq
                0x100053f0                __wrap___aeabi_cdcmple
 .text.__wrap___aeabi_dcmplt
                0x1000544c        0xc CMakeFiles/parkinson_pen_project.dir/D_/study/parkinson_pen/pico_sdk/pico-sdk/src/rp2_common/pico_double/double_aeabi.S.obj
                0x1000544c                __wrap___aeabi_dcmplt
 .text.__wrap___aeabi_dcmple
                0x10005458       0x10 CMakeFiles/parkinson_pen_project.dir/D_/study/parkinson_pen/pico_sdk/pico-sdk/src/rp2_common/pico_double/double_aeabi.S.obj
                0x10005458                __wrap___aeabi_dcmple
 .text.__wrap___aeabi_dcmpge
                0x10005468       0x10 CMakeFiles/parkinson_pen_project.dir/D_/study/parkinson_pen/pico_sdk/pico-sdk/src/rp2_common/pico_double/double_aeabi.S.obj
                0x10005468                __wrap___aeabi_dcmpge
 .text.__wrap___aeabi_dcmpgt
                0x10005478        0xa CMakeFiles/parkinson_pen_project.dir/D_/study/parkinson_pen/pico_sdk/pico-sdk/src/rp2_common/pico_double/double_aeabi.S.obj
                0x10005478                __wrap___aeabi_dcmpgt
 .text.__wrap___aeabi_dcmpun
                0x10005482       0x1c CMakeFiles/parkinson_pen_project.dir/D_/study/parkinson_pen/pico_sdk/pico-sdk/src/rp2_common/pico_double/double_aeabi.S.obj
                0x10005482                __wrap___aeabi_dcmpun
 *fill*         0x1000549e        0x2 
 .text.__wrap___aeabi_i2d
                0x100054a0       0x38 CMakeFiles/parkinson_pen_project.dir/D_/study/parkinson_pen/pico_sdk/pico-sdk/src/rp2_common/pico_double/double_aeabi.S.obj
                0x100054a0                __wrap___aeabi_ui2d
                0x100054a8                __wrap___aeabi_i2d
 .text.__wrap___aeabi_d2iz
                0x100054d8       0x48 CMakeFiles/parkinson_pen_project.dir/D_/study/parkinson_pen/pico_sdk/pico-sdk/src/rp2_common/pico_double/double_aeabi.S.obj
                0x100054d8                double2int_z
                0x100054d8                __wrap___aeabi_d2iz
 .text.__wrap___aeabi_d2uiz
                0x10005520       0x18 CMakeFiles/parkinson_pen_project.dir/D_/study/parkinson_pen/pico_sdk/pico-sdk/src/rp2_common/pico_double/double_aeabi.S.obj
                0x10005520                __wrap___aeabi_d2uiz
                0x10005520                double2uint
 .text.__wrap___aeabi_d2f
                0x10005538       0x18 CMakeFiles/parkinson_pen_project.dir/D_/study/parkinson_pen/pico_sdk/pico-sdk/src/rp2_common/pico_double/double_aeabi.S.obj
                0x10005538                __wrap___aeabi_d2f
 .text.__wrap_srqt
                0x10005550       0x18 CMakeFiles/parkinson_pen_project.dir/D_/study/parkinson_pen/pico_sdk/pico-sdk/src/rp2_common/pico_double/double_aeabi.S.obj
                0x10005550                __wrap_sqrt
 .text.__wrap_atan2
                0x10005568       0x18 CMakeFiles/parkinson_pen_project.dir/D_/study/parkinson_pen/pico_sdk/pico-sdk/src/rp2_common/pico_double/double_aeabi.S.obj
                0x10005568                __wrap_atan2
 .text.__aeabi_double_init
                0x10005580       0xc8 CMakeFiles/parkinson_pen_project.dir/D_/study/parkinson_pen/pico_sdk/pico-sdk/src/rp2_common/pico_double/double_init_rom.c.obj
                0x10005580                __aeabi_double_init
 .text.__wrap_asin
                0x10005648       0x60 CMakeFiles/parkinson_pen_project.dir/D_/study/parkinson_pen/pico_sdk/pico-sdk/src/rp2_common/pico_double/double_math.c.obj
                0x10005648                __wrap_asin
 .text.double_table_shim_on_use_helper
                0x100056a8       0x34 CMakeFiles/parkinson_pen_project.dir/D_/study/parkinson_pen/pico_sdk/pico-sdk/src/rp2_common/pico_double/double_v1_rom_shim.S.obj
                0x100056a8                double_table_shim_on_use_helper
 .text.__wrap___aeabi_dsub
                0x100056dc       0x10 CMakeFiles/parkinson_pen_project.dir/D_/study/parkinson_pen/pico_sdk/pico-sdk/src/rp2_common/pico_double/double_v1_rom_shim.S.obj
                0x100056dc                drsub_shim
                0x100056e2                dsub_shim
 .text.dadd_shim
                0x100056ec      0x15c CMakeFiles/parkinson_pen_project.dir/D_/study/parkinson_pen/pico_sdk/pico-sdk/src/rp2_common/pico_double/double_v1_rom_shim.S.obj
                0x100056ec                dadd_shim
 .text.dmul_shim
                0x10005848      0x15c CMakeFiles/parkinson_pen_project.dir/D_/study/parkinson_pen/pico_sdk/pico-sdk/src/rp2_common/pico_double/double_v1_rom_shim.S.obj
                0x10005848                dmul_shim
 .text.ddiv_shim
                0x100059a4      0x1b0 CMakeFiles/parkinson_pen_project.dir/D_/study/parkinson_pen/pico_sdk/pico-sdk/src/rp2_common/pico_double/double_v1_rom_shim.S.obj
                0x100059a4                ddiv_shim
 .text.dsqrt_shim
                0x10005b54      0x1a8 CMakeFiles/parkinson_pen_project.dir/D_/study/parkinson_pen/pico_sdk/pico-sdk/src/rp2_common/pico_double/double_v1_rom_shim.S.obj
                0x10005b70                dsqrt_shim
 .text.dcordic_vec_step
                0x10005cfc        0xe CMakeFiles/parkinson_pen_project.dir/D_/study/parkinson_pen/pico_sdk/pico-sdk/src/rp2_common/pico_double/double_v1_rom_shim.S.obj
                0x10005cfc                dcordic_vec_step
 .text.dcordic_rot_step
                0x10005d0a       0x76 CMakeFiles/parkinson_pen_project.dir/D_/study/parkinson_pen/pico_sdk/pico-sdk/src/rp2_common/pico_double/double_v1_rom_shim.S.obj
                0x10005d0a                dcordic_rot_step
 .text.double2uint_shim
                0x10005d80        0xe CMakeFiles/parkinson_pen_project.dir/D_/study/parkinson_pen/pico_sdk/pico-sdk/src/rp2_common/pico_double/double_v1_rom_shim.S.obj
                0x10005d80                double2uint_shim
                0x10005d82                double2ufix_shim
 .text.double2int64_shim
                0x10005d8e       0x1a CMakeFiles/parkinson_pen_project.dir/D_/study/parkinson_pen/pico_sdk/pico-sdk/src/rp2_common/pico_double/double_v1_rom_shim.S.obj
                0x10005d8e                double2int64_shim
                0x10005d90                double2fix64_shim
 .text.double2uint64_shim
                0x10005da8       0x70 CMakeFiles/parkinson_pen_project.dir/D_/study/parkinson_pen/pico_sdk/pico-sdk/src/rp2_common/pico_double/double_v1_rom_shim.S.obj
                0x10005da8                double2uint64_shim
                0x10005daa                double2ufix64_shim
                0x10005dca                d2fix_a
 .text.double2float_shim
                0x10005e18       0x5c CMakeFiles/parkinson_pen_project.dir/D_/study/parkinson_pen/pico_sdk/pico-sdk/src/rp2_common/pico_double/double_v1_rom_shim.S.obj
                0x10005e18                double2float_shim
 .text.x2double_shims
                0x10005e74       0x90 CMakeFiles/parkinson_pen_project.dir/D_/study/parkinson_pen/pico_sdk/pico-sdk/src/rp2_common/pico_double/double_v1_rom_shim.S.obj
                0x10005e74                uint2double_shim
                0x10005e76                ufix2double_shim
                0x10005e7c                int2double_shim
                0x10005e7e                fix2double_shim
                0x10005e84                uint642double_shim
                0x10005e86                ufix642double_shim
                0x10005e8c                int642double_shim
                0x10005e8e                fix642double_shim
 .text.dunpacks
                0x10005f04       0x3c CMakeFiles/parkinson_pen_project.dir/D_/study/parkinson_pen/pico_sdk/pico-sdk/src/rp2_common/pico_double/double_v1_rom_shim.S.obj
                0x10005f04                dunpacks
 .text.dreduce  0x10005f40       0x82 CMakeFiles/parkinson_pen_project.dir/D_/study/parkinson_pen/pico_sdk/pico-sdk/src/rp2_common/pico_double/double_v1_rom_shim.S.obj
                0x10005f40                dreduce
 *fill*         0x10005fc2        0x2 
 .text.dtrig_guts
                0x10005fc4      0x2ec CMakeFiles/parkinson_pen_project.dir/D_/study/parkinson_pen/pico_sdk/pico-sdk/src/rp2_common/pico_double/double_v1_rom_shim.S.obj
                0x1000609c                datan2_shim
 .text.__aeabi_lmul
                0x100062b0       0x32 CMakeFiles/parkinson_pen_project.dir/D_/study/parkinson_pen/pico_sdk/pico-sdk/src/rp2_common/pico_int64_ops/pico_int64_ops_aeabi.S.obj
                0x100062b0                __wrap___aeabi_lmul
 *fill*         0x100062e2        0x2 
 .text.__wrap___aeabi_farithmetic
                0x100062e4       0x58 CMakeFiles/parkinson_pen_project.dir/D_/study/parkinson_pen/pico_sdk/pico-sdk/src/rp2_common/pico_float/float_aeabi.S.obj
                0x100062e4                __wrap___aeabi_frsub
                0x100062ea                __wrap___aeabi_fsub
                0x100062f4                __wrap___aeabi_fadd
                0x100062fe                __wrap___aeabi_fdiv
                0x1000632a                __wrap___aeabi_fmul
 .text.__wrap___aeabi_ui2f
                0x1000633c        0xa CMakeFiles/parkinson_pen_project.dir/D_/study/parkinson_pen/pico_sdk/pico-sdk/src/rp2_common/pico_float/float_aeabi.S.obj
                0x1000633c                __wrap___aeabi_ui2f
 *fill*         0x10006346        0x2 
 .text.__wrap___aeabi_i2f
                0x10006348       0x44 CMakeFiles/parkinson_pen_project.dir/D_/study/parkinson_pen/pico_sdk/pico-sdk/src/rp2_common/pico_float/float_aeabi.S.obj
                0x10006348                __wrap___aeabi_i2f
 .text.__wrap___aeabi_f2uiz
                0x1000638c       0x10 CMakeFiles/parkinson_pen_project.dir/D_/study/parkinson_pen/pico_sdk/pico-sdk/src/rp2_common/pico_float/float_aeabi.S.obj
                0x1000638c                __wrap___aeabi_f2uiz
 .text.__wrap___aeabi_f2d
                0x1000639c       0x14 CMakeFiles/parkinson_pen_project.dir/D_/study/parkinson_pen/pico_sdk/pico-sdk/src/rp2_common/pico_float/float_aeabi.S.obj
                0x1000639c                __wrap___aeabi_f2d
 .text.__aeabi_float_init
                0x100063b0       0xfc CMakeFiles/parkinson_pen_project.dir/D_/study/parkinson_pen/pico_sdk/pico-sdk/src/rp2_common/pico_float/float_init_rom.c.obj
                0x100063b0                __aeabi_float_init
 .text.float_table_shim_on_use_helper
                0x100064ac       0x34 CMakeFiles/parkinson_pen_project.dir/D_/study/parkinson_pen/pico_sdk/pico-sdk/src/rp2_common/pico_float/float_v1_rom_shim.S.obj
                0x100064ac                float_table_shim_on_use_helper
 .text.float2double_shim
                0x100064e0       0x30 CMakeFiles/parkinson_pen_project.dir/D_/study/parkinson_pen/pico_sdk/pico-sdk/src/rp2_common/pico_float/float_v1_rom_shim.S.obj
                0x100064e0                float2double_shim
 .text.__wrap_malloc
                0x10006510       0x24 CMakeFiles/parkinson_pen_project.dir/D_/study/parkinson_pen/pico_sdk/pico-sdk/src/rp2_common/pico_malloc/pico_malloc.c.obj
                0x10006510                __wrap_malloc
 .text.__wrap_free
                0x10006534        0x8 CMakeFiles/parkinson_pen_project.dir/D_/study/parkinson_pen/pico_sdk/pico-sdk/src/rp2_common/pico_malloc/pico_malloc.c.obj
                0x10006534                __wrap_free
 .text          0x1000653c       0x10 CMakeFiles/parkinson_pen_project.dir/D_/study/parkinson_pen/pico_sdk/pico-sdk/src/rp2_common/pico_mem_ops/mem_ops_aeabi.S.obj
                0x1000653c                __aeabi_mem_init
 .text.memset   0x1000654c        0xc CMakeFiles/parkinson_pen_project.dir/D_/study/parkinson_pen/pico_sdk/pico-sdk/src/rp2_common/pico_mem_ops/mem_ops_aeabi.S.obj
                0x1000654c                __wrap_memset
 .text.memcpy   0x10006558        0xc CMakeFiles/parkinson_pen_project.dir/D_/study/parkinson_pen/pico_sdk/pico-sdk/src/rp2_common/pico_mem_ops/mem_ops_aeabi.S.obj
                0x10006558                __wrap_memcpy
                0x10006558                __wrap___aeabi_memcpy
 .text.stdio_out_chars_no_crlf
                0x10006564        0xe CMakeFiles/parkinson_pen_project.dir/D_/study/parkinson_pen/pico_sdk/pico-sdk/src/rp2_common/pico_stdio/stdio.c.obj
 *fill*         0x10006572        0x2 
 .text.stdio_out_chars_crlf
                0x10006574       0x80 CMakeFiles/parkinson_pen_project.dir/D_/study/parkinson_pen/pico_sdk/pico-sdk/src/rp2_common/pico_stdio/stdio.c.obj
 .text.stdio_stack_buffer_flush
                0x100065f4       0x44 CMakeFiles/parkinson_pen_project.dir/D_/study/parkinson_pen/pico_sdk/pico-sdk/src/rp2_common/pico_stdio/stdio.c.obj
 .text.stdio_buffered_printer
                0x10006638       0x20 CMakeFiles/parkinson_pen_project.dir/D_/study/parkinson_pen/pico_sdk/pico-sdk/src/rp2_common/pico_stdio/stdio.c.obj
 .text.stdout_serialize_begin
                0x10006658       0x5c CMakeFiles/parkinson_pen_project.dir/D_/study/parkinson_pen/pico_sdk/pico-sdk/src/rp2_common/pico_stdio/stdio.c.obj
                0x10006658                stdout_serialize_begin
 .text.stdout_serialize_end
                0x100066b4       0x10 CMakeFiles/parkinson_pen_project.dir/D_/study/parkinson_pen/pico_sdk/pico-sdk/src/rp2_common/pico_stdio/stdio.c.obj
                0x100066b4                stdout_serialize_end
 .text.stdio_put_string
                0x100066c4       0x98 CMakeFiles/parkinson_pen_project.dir/D_/study/parkinson_pen/pico_sdk/pico-sdk/src/rp2_common/pico_stdio/stdio.c.obj
 .text.stdio_set_driver_enabled
                0x1000675c       0x2c CMakeFiles/parkinson_pen_project.dir/D_/study/parkinson_pen/pico_sdk/pico-sdk/src/rp2_common/pico_stdio/stdio.c.obj
                0x1000675c                stdio_set_driver_enabled
 .text.stdio_flush
                0x10006788       0x20 CMakeFiles/parkinson_pen_project.dir/D_/study/parkinson_pen/pico_sdk/pico-sdk/src/rp2_common/pico_stdio/stdio.c.obj
                0x10006788                stdio_flush
 .text.__wrap_puts
                0x100067a8       0x1e CMakeFiles/parkinson_pen_project.dir/D_/study/parkinson_pen/pico_sdk/pico-sdk/src/rp2_common/pico_stdio/stdio.c.obj
                0x100067a8                __wrap_puts
 *fill*         0x100067c6        0x2 
 .text.__wrap_vprintf
                0x100067c8       0x40 CMakeFiles/parkinson_pen_project.dir/D_/study/parkinson_pen/pico_sdk/pico-sdk/src/rp2_common/pico_stdio/stdio.c.obj
                0x100067c8                __wrap_vprintf
 .text.__wrap_printf
                0x10006808       0x18 CMakeFiles/parkinson_pen_project.dir/D_/study/parkinson_pen/pico_sdk/pico-sdk/src/rp2_common/pico_stdio/stdio.c.obj
                0x10006808                __wrap_printf
 .text.stdio_init_all
                0x10006820        0xa CMakeFiles/parkinson_pen_project.dir/D_/study/parkinson_pen/pico_sdk/pico-sdk/src/rp2_common/pico_stdio/stdio.c.obj
                0x10006820                stdio_init_all
 *fill*         0x1000682a        0x2 
 .text.stdio_uart_out_chars
                0x1000682c       0x74 CMakeFiles/parkinson_pen_project.dir/D_/study/parkinson_pen/pico_sdk/pico-sdk/src/rp2_common/pico_stdio_uart/stdio_uart.c.obj
 .text.stdio_uart_in_chars
                0x100068a0       0x80 CMakeFiles/parkinson_pen_project.dir/D_/study/parkinson_pen/pico_sdk/pico-sdk/src/rp2_common/pico_stdio_uart/stdio_uart.c.obj
                0x100068a0                stdio_uart_in_chars
 .text.on_uart_rx
                0x10006920       0x28 CMakeFiles/parkinson_pen_project.dir/D_/study/parkinson_pen/pico_sdk/pico-sdk/src/rp2_common/pico_stdio_uart/stdio_uart.c.obj
 .text.stdio_uart_set_chars_available_callback
                0x10006948       0x8c CMakeFiles/parkinson_pen_project.dir/D_/study/parkinson_pen/pico_sdk/pico-sdk/src/rp2_common/pico_stdio_uart/stdio_uart.c.obj
 .text.stdio_uart_init_full
                0x100069d4       0x44 CMakeFiles/parkinson_pen_project.dir/D_/study/parkinson_pen/pico_sdk/pico-sdk/src/rp2_common/pico_stdio_uart/stdio_uart.c.obj
                0x100069d4                stdio_uart_init_full
 .text.stdio_uart_init
                0x10006a18       0x28 CMakeFiles/parkinson_pen_project.dir/D_/study/parkinson_pen/pico_sdk/pico-sdk/src/rp2_common/pico_stdio_uart/stdio_uart.c.obj
                0x10006a18                stdio_uart_init
 .text.i2c_write_blocking_internal
                0x10006a40      0x140 CMakeFiles/parkinson_pen_project.dir/D_/study/parkinson_pen/pico_sdk/pico-sdk/src/rp2_common/hardware_i2c/i2c.c.obj
 .text.i2c_read_blocking_internal
                0x10006b80       0xe6 CMakeFiles/parkinson_pen_project.dir/D_/study/parkinson_pen/pico_sdk/pico-sdk/src/rp2_common/hardware_i2c/i2c.c.obj
 *fill*         0x10006c66        0x2 
 .text.i2c_set_baudrate
                0x10006c68       0xf0 CMakeFiles/parkinson_pen_project.dir/D_/study/parkinson_pen/pico_sdk/pico-sdk/src/rp2_common/hardware_i2c/i2c.c.obj
                0x10006c68                i2c_set_baudrate
 .text.i2c_init
                0x10006d58       0x58 CMakeFiles/parkinson_pen_project.dir/D_/study/parkinson_pen/pico_sdk/pico-sdk/src/rp2_common/hardware_i2c/i2c.c.obj
                0x10006d58                i2c_init
 .text.i2c_write_blocking
                0x10006db0       0x18 CMakeFiles/parkinson_pen_project.dir/D_/study/parkinson_pen/pico_sdk/pico-sdk/src/rp2_common/hardware_i2c/i2c.c.obj
                0x10006db0                i2c_write_blocking
 .text.i2c_read_blocking
                0x10006dc8       0x18 CMakeFiles/parkinson_pen_project.dir/D_/study/parkinson_pen/pico_sdk/pico-sdk/src/rp2_common/hardware_i2c/i2c.c.obj
                0x10006dc8                i2c_read_blocking
 .text.malloc   0x10006de0       0x14 c:/progra~2/gnuarm~1/102021~1.10/bin/../lib/gcc/arm-none-eabi/10.3.1/../../../../arm-none-eabi/lib/thumb/v6-m/nofp\libg.a(lib_a-malloc.o)
                0x10006de0                malloc
 .text.free     0x10006df4       0x14 c:/progra~2/gnuarm~1/102021~1.10/bin/../lib/gcc/arm-none-eabi/10.3.1/../../../../arm-none-eabi/lib/thumb/v6-m/nofp\libg.a(lib_a-malloc.o)
                0x10006df4                free
 .text._malloc_r
                0x10006e08      0x584 c:/progra~2/gnuarm~1/102021~1.10/bin/../lib/gcc/arm-none-eabi/10.3.1/../../../../arm-none-eabi/lib/thumb/v6-m/nofp\libg.a(lib_a-mallocr.o)
                0x10006e08                _malloc_r
 .text.memcmp   0x1000738c       0x48 c:/progra~2/gnuarm~1/102021~1.10/bin/../lib/gcc/arm-none-eabi/10.3.1/../../../../arm-none-eabi/lib/thumb/v6-m/nofp\libg.a(lib_a-memcmp.o)
                0x1000738c                memcmp
 .text.__malloc_lock
                0x100073d4       0x10 c:/progra~2/gnuarm~1/102021~1.10/bin/../lib/gcc/arm-none-eabi/10.3.1/../../../../arm-none-eabi/lib/thumb/v6-m/nofp\libg.a(lib_a-mlock.o)
                0x100073d4                __malloc_lock
 .text.__malloc_unlock
                0x100073e4       0x10 c:/progra~2/gnuarm~1/102021~1.10/bin/../lib/gcc/arm-none-eabi/10.3.1/../../../../arm-none-eabi/lib/thumb/v6-m/nofp\libg.a(lib_a-mlock.o)
                0x100073e4                __malloc_unlock
 .text._sbrk_r  0x100073f4       0x24 c:/progra~2/gnuarm~1/102021~1.10/bin/../lib/gcc/arm-none-eabi/10.3.1/../../../../arm-none-eabi/lib/thumb/v6-m/nofp\libg.a(lib_a-sbrkr.o)
                0x100073f4                _sbrk_r
 .text.strlen   0x10007418       0x5c c:/progra~2/gnuarm~1/102021~1.10/bin/../lib/gcc/arm-none-eabi/10.3.1/../../../../arm-none-eabi/lib/thumb/v6-m/nofp\libg.a(lib_a-strlen-stub.o)
                0x10007418                strlen
 .text._malloc_trim_r
                0x10007474       0x9c c:/progra~2/gnuarm~1/102021~1.10/bin/../lib/gcc/arm-none-eabi/10.3.1/../../../../arm-none-eabi/lib/thumb/v6-m/nofp\libg.a(lib_a-freer.o)
                0x10007474                _malloc_trim_r
 .text._free_r  0x10007510      0x1c4 c:/progra~2/gnuarm~1/102021~1.10/bin/../lib/gcc/arm-none-eabi/10.3.1/../../../../arm-none-eabi/lib/thumb/v6-m/nofp\libg.a(lib_a-freer.o)
                0x10007510                _free_r
 .text.__retarget_lock_acquire_recursive
                0x100076d4        0x4 c:/progra~2/gnuarm~1/102021~1.10/bin/../lib/gcc/arm-none-eabi/10.3.1/../../../../arm-none-eabi/lib/thumb/v6-m/nofp\libg.a(lib_a-lock.o)
                0x100076d4                __retarget_lock_acquire_recursive
 .text.__retarget_lock_release_recursive
                0x100076d8        0x4 c:/progra~2/gnuarm~1/102021~1.10/bin/../lib/gcc/arm-none-eabi/10.3.1/../../../../arm-none-eabi/lib/thumb/v6-m/nofp\libg.a(lib_a-lock.o)
                0x100076d8                __retarget_lock_release_recursive
 *(.fini)
 .fini          0x100076dc        0x4 c:/progra~2/gnuarm~1/102021~1.10/bin/../lib/gcc/arm-none-eabi/10.3.1/thumb/v6-m/nofp/crti.o
                0x100076dc                _fini
 .fini.__stub   0x100076e0       0x40 linker stubs
 *crtbegin.o(.ctors)
 *crtbegin?.o(.ctors)
 *(EXCLUDE_FILE(*crtend.o *crtend?.o) .ctors)
 *(SORT_BY_NAME(.ctors.*))
 *(.ctors)
 *crtbegin.o(.dtors)
 *crtbegin?.o(.dtors)
 *(EXCLUDE_FILE(*crtend.o *crtend?.o) .dtors)
 *(SORT_BY_NAME(.dtors.*))
 *(.dtors)
 *(.eh_frame*)
 .eh_frame      0x10007720        0x0 c:/progra~2/gnuarm~1/102021~1.10/bin/../lib/gcc/arm-none-eabi/10.3.1/thumb/v6-m/nofp/crtbegin.o
                0x10007720                . = ALIGN (0x4)

.glue_7         0x10007720        0x0
 .glue_7        0x10007720        0x0 linker stubs

.glue_7t        0x10007720        0x0
 .glue_7t       0x10007720        0x0 linker stubs

.vfp11_veneer   0x10007720        0x0
 .vfp11_veneer  0x10007720        0x0 linker stubs

.v4_bx          0x10007720        0x0
 .v4_bx         0x10007720        0x0 linker stubs

.iplt           0x10007720        0x0
 .iplt          0x10007720        0x0 c:/progra~2/gnuarm~1/102021~1.10/bin/../lib/gcc/arm-none-eabi/10.3.1/thumb/v6-m/nofp/crtbegin.o

.rodata         0x10007720     0x1e10
 *(EXCLUDE_FILE(*libm.a: *libc.a:*lib_a-mem*.o *libgcc.a:) .rodata*)
 .rodata.main.str1.4
                0x10007720       0x3f CMakeFiles/parkinson_pen_project.dir/main.c.obj
 *fill*         0x1000775f        0x1 
 .rodata.dmp_set_orientation.str1.4
                0x10007760       0x10 CMakeFiles/parkinson_pen_project.dir/src/inv_mpu_dmp_motion_driver.c.obj
 .rodata.dmp_set_fifo_rate.str1.4
                0x10007770        0xd CMakeFiles/parkinson_pen_project.dir/src/inv_mpu_dmp_motion_driver.c.obj
 *fill*         0x1000777d        0x3 
 .rodata.dmp_enable_gyro_cal.str1.4
                0x10007780       0x16 CMakeFiles/parkinson_pen_project.dir/src/inv_mpu_dmp_motion_driver.c.obj
 *fill*         0x10007796        0x2 
 .rodata.dmp_memory
                0x10007798      0xbf6 CMakeFiles/parkinson_pen_project.dir/src/inv_mpu_dmp_motion_driver.c.obj
 *fill*         0x1000838e        0x2 
 .rodata.get_time_ms.str1.4
                0x10008390       0x6f CMakeFiles/parkinson_pen_project.dir/src/inv_mpu.c.obj
 *fill*         0x100083ff        0x1 
 .rodata.MPU6050_DMP_Init.str1.4
                0x10008400       0xa5 CMakeFiles/parkinson_pen_project.dir/src/inv_mpu.c.obj
 *fill*         0x100084a5        0x3 
 .rodata.__bi_3292.0
                0x100084a8        0x8 CMakeFiles/parkinson_pen_project.dir/src/inv_mpu.c.obj
 .rodata.__func__.1
                0x100084b0       0x15 CMakeFiles/parkinson_pen_project.dir/src/inv_mpu.c.obj
 *fill*         0x100084c5        0x3 
 .rodata.hw     0x100084c8        0xc CMakeFiles/parkinson_pen_project.dir/src/inv_mpu.c.obj
                0x100084c8                hw
 .rodata.reg    0x100084d4       0x1e CMakeFiles/parkinson_pen_project.dir/src/inv_mpu.c.obj
                0x100084d4                reg
 *fill*         0x100084f2        0x2 
 .rodata.test   0x100084f4       0x28 CMakeFiles/parkinson_pen_project.dir/src/inv_mpu.c.obj
                0x100084f4                test
 .rodata.make_branch.str1.4
                0x1000851c       0x7b CMakeFiles/parkinson_pen_project.dir/D_/study/parkinson_pen/pico_sdk/pico-sdk/src/rp2_common/hardware_irq/irq.c.obj
 *fill*         0x10008597        0x1 
 .rodata.insert_branch_and_link.str1.4
                0x10008598       0x10 CMakeFiles/parkinson_pen_project.dir/D_/study/parkinson_pen/pico_sdk/pico-sdk/src/rp2_common/hardware_irq/irq.c.obj
 .rodata.irq_set_exclusive_handler.str1.4
                0x100085a8       0x36 CMakeFiles/parkinson_pen_project.dir/D_/study/parkinson_pen/pico_sdk/pico-sdk/src/rp2_common/hardware_irq/irq.c.obj
 *fill*         0x100085de        0x2 
 .rodata.irq_add_shared_handler.str1.4
                0x100085e0       0xd9 CMakeFiles/parkinson_pen_project.dir/D_/study/parkinson_pen/pico_sdk/pico-sdk/src/rp2_common/hardware_irq/irq.c.obj
 *fill*         0x100086b9        0x3 
 .rodata.irq_remove_handler.str1.4
                0x100086bc       0x3a CMakeFiles/parkinson_pen_project.dir/D_/study/parkinson_pen/pico_sdk/pico-sdk/src/rp2_common/hardware_irq/irq.c.obj
 *fill*         0x100086f6        0x2 
 .rodata.irq_add_tail_to_free_list.str1.4
                0x100086f8       0x3a CMakeFiles/parkinson_pen_project.dir/D_/study/parkinson_pen/pico_sdk/pico-sdk/src/rp2_common/hardware_irq/irq.c.obj
 *fill*         0x10008732        0x2 
 .rodata.__func__.0
                0x10008734       0x1a CMakeFiles/parkinson_pen_project.dir/D_/study/parkinson_pen/pico_sdk/pico-sdk/src/rp2_common/hardware_irq/irq.c.obj
 *fill*         0x1000874e        0x2 
 .rodata.__func__.1
                0x10008750       0x17 CMakeFiles/parkinson_pen_project.dir/D_/study/parkinson_pen/pico_sdk/pico-sdk/src/rp2_common/hardware_irq/irq.c.obj
 *fill*         0x10008767        0x1 
 .rodata.__func__.2
                0x10008768       0x13 CMakeFiles/parkinson_pen_project.dir/D_/study/parkinson_pen/pico_sdk/pico-sdk/src/rp2_common/hardware_irq/irq.c.obj
 *fill*         0x1000877b        0x1 
 .rodata.__func__.3
                0x1000877c        0xc CMakeFiles/parkinson_pen_project.dir/D_/study/parkinson_pen/pico_sdk/pico-sdk/src/rp2_common/hardware_irq/irq.c.obj
 .rodata.__func__.4
                0x10008788        0xf CMakeFiles/parkinson_pen_project.dir/D_/study/parkinson_pen/pico_sdk/pico-sdk/src/rp2_common/hardware_irq/irq.c.obj
 *fill*         0x10008797        0x1 
 .rodata.__func__.6
                0x10008798       0x1a CMakeFiles/parkinson_pen_project.dir/D_/study/parkinson_pen/pico_sdk/pico-sdk/src/rp2_common/hardware_irq/irq.c.obj
 *fill*         0x100087b2        0x2 
 .rodata.str1.4
                0x100087b4       0x99 CMakeFiles/parkinson_pen_project.dir/D_/study/parkinson_pen/pico_sdk/pico-sdk/src/common/pico_sync/mutex.c.obj
                                0x109 (size before relaxing)
 *fill*         0x1000884d        0x3 
 .rodata.__func__.1
                0x10008850        0xb CMakeFiles/parkinson_pen_project.dir/D_/study/parkinson_pen/pico_sdk/pico-sdk/src/common/pico_sync/mutex.c.obj
 *fill*         0x1000885b        0x1 
 .rodata.__func__.3
                0x1000885c       0x18 CMakeFiles/parkinson_pen_project.dir/D_/study/parkinson_pen/pico_sdk/pico-sdk/src/common/pico_sync/mutex.c.obj
 .rodata.repeating_timer_callback.str1.4
                0x10008874       0x59 CMakeFiles/parkinson_pen_project.dir/D_/study/parkinson_pen/pico_sdk/pico-sdk/src/common/pico_time/time.c.obj
 *fill*         0x100088cd        0x3 
 .rodata.timer_pool_entry_comparator.str1.4
                0x100088d0       0x22 CMakeFiles/parkinson_pen_project.dir/D_/study/parkinson_pen/pico_sdk/pico-sdk/src/common/pico_time/time.c.obj
 *fill*         0x100088f2        0x2 
 .rodata.ph_add_child_node.str1.4
                0x100088f4       0xa2 CMakeFiles/parkinson_pen_project.dir/D_/study/parkinson_pen/pico_sdk/pico-sdk/src/common/pico_time/time.c.obj
 *fill*         0x10008996        0x2 
 .rodata.add_alarm_under_lock.str1.4
                0x10008998       0x28 CMakeFiles/parkinson_pen_project.dir/D_/study/parkinson_pen/pico_sdk/pico-sdk/src/common/pico_time/time.c.obj
                                 0x2b (size before relaxing)
 .rodata.alarm_pool_alarm_callback.str1.4
                0x100089c0       0x98 CMakeFiles/parkinson_pen_project.dir/D_/study/parkinson_pen/pico_sdk/pico-sdk/src/common/pico_time/time.c.obj
                                0x108 (size before relaxing)
 .rodata.alarm_pool_get_default.str1.4
                0x10008a58       0x21 CMakeFiles/parkinson_pen_project.dir/D_/study/parkinson_pen/pico_sdk/pico-sdk/src/common/pico_time/time.c.obj
 *fill*         0x10008a79        0x3 
 .rodata.alarm_pool_cancel_alarm.str1.4
                0x10008a7c       0x27 CMakeFiles/parkinson_pen_project.dir/D_/study/parkinson_pen/pico_sdk/pico-sdk/src/common/pico_time/time.c.obj
 *fill*         0x10008aa3        0x1 
 .rodata.sleep_until.str1.4
                0x10008aa4       0x4d CMakeFiles/parkinson_pen_project.dir/D_/study/parkinson_pen/pico_sdk/pico-sdk/src/common/pico_time/time.c.obj
 *fill*         0x10008af1        0x3 
 .rodata.__func__.1
                0x10008af4       0x18 CMakeFiles/parkinson_pen_project.dir/D_/study/parkinson_pen/pico_sdk/pico-sdk/src/common/pico_time/time.c.obj
 .rodata.__func__.10
                0x10008b0c       0x15 CMakeFiles/parkinson_pen_project.dir/D_/study/parkinson_pen/pico_sdk/pico-sdk/src/common/pico_time/time.c.obj
 *fill*         0x10008b21        0x3 
 .rodata.__func__.11
                0x10008b24       0x1a CMakeFiles/parkinson_pen_project.dir/D_/study/parkinson_pen/pico_sdk/pico-sdk/src/common/pico_time/time.c.obj
 *fill*         0x10008b3e        0x2 
 .rodata.__func__.12
                0x10008b40        0xa CMakeFiles/parkinson_pen_project.dir/D_/study/parkinson_pen/pico_sdk/pico-sdk/src/common/pico_time/time.c.obj
 *fill*         0x10008b4a        0x2 
 .rodata.__func__.3
                0x10008b4c       0x17 CMakeFiles/parkinson_pen_project.dir/D_/study/parkinson_pen/pico_sdk/pico-sdk/src/common/pico_time/time.c.obj
 *fill*         0x10008b63        0x1 
 .rodata.__func__.4
                0x10008b64       0x12 CMakeFiles/parkinson_pen_project.dir/D_/study/parkinson_pen/pico_sdk/pico-sdk/src/common/pico_time/time.c.obj
 *fill*         0x10008b76        0x2 
 .rodata.__func__.5
                0x10008b78        0xd CMakeFiles/parkinson_pen_project.dir/D_/study/parkinson_pen/pico_sdk/pico-sdk/src/common/pico_time/time.c.obj
 *fill*         0x10008b85        0x3 
 .rodata.__func__.6
                0x10008b88       0x12 CMakeFiles/parkinson_pen_project.dir/D_/study/parkinson_pen/pico_sdk/pico-sdk/src/common/pico_time/time.c.obj
 *fill*         0x10008b9a        0x2 
 .rodata.__func__.7
                0x10008b9c        0xf CMakeFiles/parkinson_pen_project.dir/D_/study/parkinson_pen/pico_sdk/pico-sdk/src/common/pico_time/time.c.obj
 *fill*         0x10008bab        0x1 
 .rodata.__func__.8
                0x10008bac        0xc CMakeFiles/parkinson_pen_project.dir/D_/study/parkinson_pen/pico_sdk/pico-sdk/src/common/pico_time/time.c.obj
 .rodata.__func__.9
                0x10008bb8       0x15 CMakeFiles/parkinson_pen_project.dir/D_/study/parkinson_pen/pico_sdk/pico-sdk/src/common/pico_time/time.c.obj
 *fill*         0x10008bcd        0x3 
 .rodata.hardware_alarm_claim.str1.4
                0x10008bd0       0x22 CMakeFiles/parkinson_pen_project.dir/D_/study/parkinson_pen/pico_sdk/pico-sdk/src/rp2_common/hardware_timer/timer.c.obj
 .rodata.busy_wait_us.str1.4
                0x10008bf2       0x6f CMakeFiles/parkinson_pen_project.dir/D_/study/parkinson_pen/pico_sdk/pico-sdk/src/rp2_common/hardware_timer/timer.c.obj
 *fill*         0x10008bf2        0x2 
 .rodata.hardware_alarm_set_target.str1.4
                0x10008bf4       0x73 CMakeFiles/parkinson_pen_project.dir/D_/study/parkinson_pen/pico_sdk/pico-sdk/src/rp2_common/hardware_timer/timer.c.obj
 *fill*         0x10008c67        0x1 
 .rodata.__func__.0
                0x10008c68       0x1a CMakeFiles/parkinson_pen_project.dir/D_/study/parkinson_pen/pico_sdk/pico-sdk/src/rp2_common/hardware_timer/timer.c.obj
 *fill*         0x10008c82        0x2 
 .rodata.__func__.1
                0x10008c84       0x15 CMakeFiles/parkinson_pen_project.dir/D_/study/parkinson_pen/pico_sdk/pico-sdk/src/rp2_common/hardware_timer/timer.c.obj
 .rodata.ph_add_child_node.str1.4
                0x10008c99       0xa2 CMakeFiles/parkinson_pen_project.dir/D_/study/parkinson_pen/pico_sdk/pico-sdk/src/common/pico_util/pheap.c.obj
 *fill*         0x10008c99        0x3 
 .rodata.ph_remove_any_head.str1.4
                0x10008c9c       0x9c CMakeFiles/parkinson_pen_project.dir/D_/study/parkinson_pen/pico_sdk/pico-sdk/src/common/pico_util/pheap.c.obj
                                 0xb0 (size before relaxing)
 .rodata.ph_remove_and_free_node.str1.4
                0x10008d38       0x1e CMakeFiles/parkinson_pen_project.dir/D_/study/parkinson_pen/pico_sdk/pico-sdk/src/common/pico_util/pheap.c.obj
                                 0x26 (size before relaxing)
 *fill*         0x10008d56        0x2 
 .rodata.__func__.0
                0x10008d58       0x18 CMakeFiles/parkinson_pen_project.dir/D_/study/parkinson_pen/pico_sdk/pico-sdk/src/common/pico_util/pheap.c.obj
 .rodata.__func__.1
                0x10008d70       0x13 CMakeFiles/parkinson_pen_project.dir/D_/study/parkinson_pen/pico_sdk/pico-sdk/src/common/pico_util/pheap.c.obj
 *fill*         0x10008d83        0x1 
 .rodata.__func__.2
                0x10008d84       0x12 CMakeFiles/parkinson_pen_project.dir/D_/study/parkinson_pen/pico_sdk/pico-sdk/src/common/pico_util/pheap.c.obj
 *fill*         0x10008d96        0x2 
 .rodata.__func__.3
                0x10008d98        0xc CMakeFiles/parkinson_pen_project.dir/D_/study/parkinson_pen/pico_sdk/pico-sdk/src/common/pico_util/pheap.c.obj
 .rodata.clock_configure.str1.4
                0x10008da4       0x65 CMakeFiles/parkinson_pen_project.dir/D_/study/parkinson_pen/pico_sdk/pico-sdk/src/rp2_common/hardware_clocks/clocks.c.obj
 *fill*         0x10008e09        0x3 
 .rodata.__func__.1
                0x10008e0c       0x10 CMakeFiles/parkinson_pen_project.dir/D_/study/parkinson_pen/pico_sdk/pico-sdk/src/rp2_common/hardware_clocks/clocks.c.obj
 .rodata.pll_init.str1.4
                0x10008e1c      0x130 CMakeFiles/parkinson_pen_project.dir/D_/study/parkinson_pen/pico_sdk/pico-sdk/src/rp2_common/hardware_pll/pll.c.obj
 .rodata.__func__.0
                0x10008f4c        0x9 CMakeFiles/parkinson_pen_project.dir/D_/study/parkinson_pen/pico_sdk/pico-sdk/src/rp2_common/hardware_pll/pll.c.obj
 *fill*         0x10008f55        0x3 
 .rodata.__assert_func.str1.4
                0x10008f58       0x3f CMakeFiles/parkinson_pen_project.dir/D_/study/parkinson_pen/pico_sdk/pico-sdk/src/rp2_common/pico_runtime/runtime.c.obj
                                 0x43 (size before relaxing)
 *fill*         0x10008f97        0x1 
 .rodata.runtime_init.str1.4
                0x10008f98       0x6f CMakeFiles/parkinson_pen_project.dir/D_/study/parkinson_pen/pico_sdk/pico-sdk/src/rp2_common/pico_runtime/runtime.c.obj
 *fill*         0x10009007        0x1 
 .rodata.panic.str1.4
                0x10009008       0x12 CMakeFiles/parkinson_pen_project.dir/D_/study/parkinson_pen/pico_sdk/pico-sdk/src/rp2_common/pico_runtime/runtime.c.obj
 *fill*         0x1000901a        0x2 
 .rodata.__func__.2
                0x1000901c        0xd CMakeFiles/parkinson_pen_project.dir/D_/study/parkinson_pen/pico_sdk/pico-sdk/src/rp2_common/pico_runtime/runtime.c.obj
 *fill*         0x10009029        0x3 
 .rodata._ftoa.str1.4
                0x1000902c       0x15 CMakeFiles/parkinson_pen_project.dir/D_/study/parkinson_pen/pico_sdk/pico-sdk/src/rp2_common/pico_printf/printf.c.obj
 *fill*         0x10009041        0x3 
 .rodata._vsnprintf
                0x10009044      0x1e0 CMakeFiles/parkinson_pen_project.dir/D_/study/parkinson_pen/pico_sdk/pico-sdk/src/rp2_common/pico_printf/printf.c.obj
 *fill*         0x10009224        0x4 
 .rodata.pow10.0
                0x10009228       0x50 CMakeFiles/parkinson_pen_project.dir/D_/study/parkinson_pen/pico_sdk/pico-sdk/src/rp2_common/pico_printf/printf.c.obj
 .rodata.__aeabi_double_init.str1.4
                0x10009278       0xaa CMakeFiles/parkinson_pen_project.dir/D_/study/parkinson_pen/pico_sdk/pico-sdk/src/rp2_common/pico_double/double_init_rom.c.obj
 *fill*         0x10009322        0x2 
 .rodata.__func__.0
                0x10009324       0x14 CMakeFiles/parkinson_pen_project.dir/D_/study/parkinson_pen/pico_sdk/pico-sdk/src/rp2_common/pico_double/double_init_rom.c.obj
 .rodata.__aeabi_float_init.str1.4
                0x10009338       0x88 CMakeFiles/parkinson_pen_project.dir/D_/study/parkinson_pen/pico_sdk/pico-sdk/src/rp2_common/pico_float/float_init_rom.c.obj
                                 0x8c (size before relaxing)
 .rodata.__func__.0
                0x100093c0       0x13 CMakeFiles/parkinson_pen_project.dir/D_/study/parkinson_pen/pico_sdk/pico-sdk/src/rp2_common/pico_float/float_init_rom.c.obj
 *fill*         0x100093d3        0x1 
 .rodata.__wrap_malloc.str1.4
                0x100093d4        0xe CMakeFiles/parkinson_pen_project.dir/D_/study/parkinson_pen/pico_sdk/pico-sdk/src/rp2_common/pico_malloc/pico_malloc.c.obj
 *fill*         0x100093e2        0x2 
 .rodata.str1.4
                0x100093e4       0x4c CMakeFiles/parkinson_pen_project.dir/D_/study/parkinson_pen/pico_sdk/pico-sdk/src/rp2_common/pico_standard_link/binary_info.c.obj
 .rodata.__bi_44
                0x10009430        0xc CMakeFiles/parkinson_pen_project.dir/D_/study/parkinson_pen/pico_sdk/pico-sdk/src/rp2_common/pico_standard_link/binary_info.c.obj
 .rodata.__bi_75
                0x1000943c        0xc CMakeFiles/parkinson_pen_project.dir/D_/study/parkinson_pen/pico_sdk/pico-sdk/src/rp2_common/pico_standard_link/binary_info.c.obj
 .rodata.__bi_81
                0x10009448        0xc CMakeFiles/parkinson_pen_project.dir/D_/study/parkinson_pen/pico_sdk/pico-sdk/src/rp2_common/pico_standard_link/binary_info.c.obj
 .rodata.stdout_serialize_begin.str1.4
                0x10009454       0x6f CMakeFiles/parkinson_pen_project.dir/D_/study/parkinson_pen/pico_sdk/pico-sdk/src/rp2_common/pico_stdio/stdio.c.obj
 .rodata.__func__.3
                0x10009454       0x15 CMakeFiles/parkinson_pen_project.dir/D_/study/parkinson_pen/pico_sdk/pico-sdk/src/rp2_common/pico_stdio/stdio.c.obj
 *fill*         0x10009469        0x3 
 .rodata.crlf_str.2
                0x1000946c        0x2 CMakeFiles/parkinson_pen_project.dir/D_/study/parkinson_pen/pico_sdk/pico-sdk/src/rp2_common/pico_stdio/stdio.c.obj
 *fill*         0x1000946e        0x2 
 .rodata.str1.4
                0x10009470       0x2c CMakeFiles/parkinson_pen_project.dir/D_/study/parkinson_pen/pico_sdk/pico-sdk/src/rp2_common/pico_stdio_uart/stdio_uart.c.obj
 .rodata.__bi_33.4
                0x1000949c        0xc CMakeFiles/parkinson_pen_project.dir/D_/study/parkinson_pen/pico_sdk/pico-sdk/src/rp2_common/pico_stdio_uart/stdio_uart.c.obj
 .rodata.__bi_34.5
                0x100094a8        0x8 CMakeFiles/parkinson_pen_project.dir/D_/study/parkinson_pen/pico_sdk/pico-sdk/src/rp2_common/pico_stdio_uart/stdio_uart.c.obj
 .rodata.i2c_set_baudrate.str1.4
                0x100094b0       0x6b CMakeFiles/parkinson_pen_project.dir/D_/study/parkinson_pen/pico_sdk/pico-sdk/src/rp2_common/hardware_i2c/i2c.c.obj
 *fill*         0x1000951b        0x1 
 .rodata.__func__.0
                0x1000951c       0x11 CMakeFiles/parkinson_pen_project.dir/D_/study/parkinson_pen/pico_sdk/pico-sdk/src/rp2_common/hardware_i2c/i2c.c.obj
                0x10009530                . = ALIGN (0x4)
 *fill*         0x1000952d        0x3 
 *(SORT_BY_ALIGNMENT(SORT_BY_NAME(.flashdata*)))
                0x10009530                . = ALIGN (0x4)

.ARM.extab
 *(.ARM.extab* .gnu.linkonce.armextab.*)
                0x10009530                __exidx_start = .

.ARM.exidx
 *(.ARM.exidx* .gnu.linkonce.armexidx.*)
                0x10009530                __exidx_end = .
                0x10009530                . = ALIGN (0x4)
                0x10009530                __binary_info_start = .

.binary_info    0x10009530       0x28
 *(.binary_info.keep.*)
 .binary_info.keep.__bi_ptr3292
                0x10009530        0x4 CMakeFiles/parkinson_pen_project.dir/src/inv_mpu.c.obj
 .binary_info.keep.__bi_ptr22
                0x10009534        0x4 CMakeFiles/parkinson_pen_project.dir/D_/study/parkinson_pen/pico_sdk/pico-sdk/src/rp2_common/pico_standard_link/binary_info.c.obj
 .binary_info.keep.__bi_ptr30
                0x10009538        0x4 CMakeFiles/parkinson_pen_project.dir/D_/study/parkinson_pen/pico_sdk/pico-sdk/src/rp2_common/pico_standard_link/binary_info.c.obj
 .binary_info.keep.__bi_ptr38
                0x1000953c        0x4 CMakeFiles/parkinson_pen_project.dir/D_/study/parkinson_pen/pico_sdk/pico-sdk/src/rp2_common/pico_standard_link/binary_info.c.obj
 .binary_info.keep.__bi_ptr44
                0x10009540        0x4 CMakeFiles/parkinson_pen_project.dir/D_/study/parkinson_pen/pico_sdk/pico-sdk/src/rp2_common/pico_standard_link/binary_info.c.obj
 .binary_info.keep.__bi_ptr50
                0x10009544        0x4 CMakeFiles/parkinson_pen_project.dir/D_/study/parkinson_pen/pico_sdk/pico-sdk/src/rp2_common/pico_standard_link/binary_info.c.obj
 .binary_info.keep.__bi_ptr75
                0x10009548        0x4 CMakeFiles/parkinson_pen_project.dir/D_/study/parkinson_pen/pico_sdk/pico-sdk/src/rp2_common/pico_standard_link/binary_info.c.obj
 .binary_info.keep.__bi_ptr81
                0x1000954c        0x4 CMakeFiles/parkinson_pen_project.dir/D_/study/parkinson_pen/pico_sdk/pico-sdk/src/rp2_common/pico_standard_link/binary_info.c.obj
 *(.binary_info.*)
 .binary_info.__bi_ptr33
                0x10009550        0x4 CMakeFiles/parkinson_pen_project.dir/D_/study/parkinson_pen/pico_sdk/pico-sdk/src/rp2_common/pico_stdio_uart/stdio_uart.c.obj
 .binary_info.__bi_ptr34
                0x10009554        0x4 CMakeFiles/parkinson_pen_project.dir/D_/study/parkinson_pen/pico_sdk/pico-sdk/src/rp2_common/pico_stdio_uart/stdio_uart.c.obj
                0x10009558                __binary_info_end = .

.rel.dyn        0x10009558        0x0
 .rel.iplt      0x10009558        0x0 c:/progra~2/gnuarm~1/102021~1.10/bin/../lib/gcc/arm-none-eabi/10.3.1/thumb/v6-m/nofp/crtbegin.o
                0x10009558                . = ALIGN (0x4)

.ram_vector_table
                0x20000000       0xc0
 *(.ram_vector_table)
 .ram_vector_table
                0x20000000       0xc0 CMakeFiles/parkinson_pen_project.dir/D_/study/parkinson_pen/pico_sdk/pico-sdk/src/rp2_common/pico_runtime/runtime.c.obj
                0x20000000                ram_vector_table

.data           0x200000c0      0xacc load address 0x10009558
                0x200000c0                __data_start__ = .
 *(vtable)
 *(.time_critical*)
 .time_critical.mutex_try_enter
                0x200000c0       0x46 CMakeFiles/parkinson_pen_project.dir/D_/study/parkinson_pen/pico_sdk/pico-sdk/src/common/pico_sync/mutex.c.obj
                0x200000c0                mutex_try_enter
 *fill*         0x20000106        0x2 
 .time_critical.mutex_enter_block_until
                0x20000108       0x8c CMakeFiles/parkinson_pen_project.dir/D_/study/parkinson_pen/pico_sdk/pico-sdk/src/common/pico_sync/mutex.c.obj
                0x20000108                mutex_enter_block_until
 .time_critical.mutex_try_enter_block_until
                0x20000194       0x34 CMakeFiles/parkinson_pen_project.dir/D_/study/parkinson_pen/pico_sdk/pico-sdk/src/common/pico_sync/mutex.c.obj
                0x20000194                mutex_try_enter_block_until
 .time_critical.mutex_exit
                0x200001c8       0x4c CMakeFiles/parkinson_pen_project.dir/D_/study/parkinson_pen/pico_sdk/pico-sdk/src/common/pico_sync/mutex.c.obj
                0x200001c8                mutex_exit
 *(.text*)
 .text          0x20000214        0x4 c:/progra~2/gnuarm~1/102021~1.10/bin/../lib/gcc/arm-none-eabi/10.3.1/thumb/v6-m/nofp\libgcc.a(_dvmd_tls.o)
                0x20000214                __aeabi_idiv0
                0x20000214                __aeabi_ldiv0
 .text.__stub   0x20000218       0x20 linker stubs
                0x20000238                . = ALIGN (0x4)
 *(.rodata*)
                0x20000238                . = ALIGN (0x4)
 *(.data*)
 .data.gyro_orientation
                0x20000238        0x9 CMakeFiles/parkinson_pen_project.dir/src/inv_mpu.c.obj
 *fill*         0x20000241        0x3 
 .data.st       0x20000244       0x2c CMakeFiles/parkinson_pen_project.dir/src/inv_mpu.c.obj
 .data.striped_spin_lock_num
                0x20000270        0x1 CMakeFiles/parkinson_pen_project.dir/D_/study/parkinson_pen/pico_sdk/pico-sdk/src/rp2_common/hardware_sync/sync.c.obj
 *fill*         0x20000271        0x3 
 .data          0x20000274       0x48 CMakeFiles/parkinson_pen_project.dir/D_/study/parkinson_pen/pico_sdk/pico-sdk/src/rp2_common/hardware_irq/irq_handler_chain.S.obj
                0x20000274                irq_handler_chain_slots
                0x200002a4                irq_handler_chain_first_slot
                0x200002ae                irq_handler_chain_remove_tail
 .data.default_alarm_pool
                0x200002bc       0x18 CMakeFiles/parkinson_pen_project.dir/D_/study/parkinson_pen/pico_sdk/pico-sdk/src/common/pico_time/time.c.obj
 .data.default_alarm_pool_heap
                0x200002d4       0x10 CMakeFiles/parkinson_pen_project.dir/D_/study/parkinson_pen/pico_sdk/pico-sdk/src/common/pico_time/time.c.obj
 *fill*         0x200002e4        0xc 
 .data.aeabi_bits_funcs
                0x200002f0       0x10 CMakeFiles/parkinson_pen_project.dir/D_/study/parkinson_pen/pico_sdk/pico-sdk/src/rp2_common/pico_bit_ops/bit_ops_aeabi.S.obj
                0x200002f0                aeabi_bits_funcs
                0x20000300                aeabi_bits_funcs_end
 .data.aeabi_mem_funcs
                0x20000300       0x10 CMakeFiles/parkinson_pen_project.dir/D_/study/parkinson_pen/pico_sdk/pico-sdk/src/rp2_common/pico_mem_ops/mem_ops_aeabi.S.obj
                0x20000300                aeabi_mem_funcs
                0x20000310                aeabi_mem_funcs_end
 .data.stdio_uart
                0x20000310       0x18 CMakeFiles/parkinson_pen_project.dir/D_/study/parkinson_pen/pico_sdk/pico-sdk/src/rp2_common/pico_stdio_uart/stdio_uart.c.obj
                0x20000310                stdio_uart
 .data.i2c0_inst
                0x20000328        0x8 CMakeFiles/parkinson_pen_project.dir/D_/study/parkinson_pen/pico_sdk/pico-sdk/src/rp2_common/hardware_i2c/i2c.c.obj
                0x20000328                i2c0_inst
 .data._impure_ptr
                0x20000330        0x4 c:/progra~2/gnuarm~1/102021~1.10/bin/../lib/gcc/arm-none-eabi/10.3.1/../../../../arm-none-eabi/lib/thumb/v6-m/nofp\libg.a(lib_a-impure.o)
                0x20000330                _impure_ptr
 *fill*         0x20000334        0x4 
 .data.impure_data
                0x20000338      0x428 c:/progra~2/gnuarm~1/102021~1.10/bin/../lib/gcc/arm-none-eabi/10.3.1/../../../../arm-none-eabi/lib/thumb/v6-m/nofp\libg.a(lib_a-impure.o)
 .data.__malloc_av_
                0x20000760      0x408 c:/progra~2/gnuarm~1/102021~1.10/bin/../lib/gcc/arm-none-eabi/10.3.1/../../../../arm-none-eabi/lib/thumb/v6-m/nofp\libg.a(lib_a-mallocr.o)
                0x20000760                __malloc_av_
 .data.__malloc_sbrk_base
                0x20000b68        0x4 c:/progra~2/gnuarm~1/102021~1.10/bin/../lib/gcc/arm-none-eabi/10.3.1/../../../../arm-none-eabi/lib/thumb/v6-m/nofp\libg.a(lib_a-mallocr.o)
                0x20000b68                __malloc_sbrk_base
 .data.__malloc_trim_threshold
                0x20000b6c        0x4 c:/progra~2/gnuarm~1/102021~1.10/bin/../lib/gcc/arm-none-eabi/10.3.1/../../../../arm-none-eabi/lib/thumb/v6-m/nofp\libg.a(lib_a-mallocr.o)
                0x20000b6c                __malloc_trim_threshold
                0x20000b70                . = ALIGN (0x4)
 *(.after_data.*)
                0x20000b70                . = ALIGN (0x4)
                0x20000b70                PROVIDE (__mutex_array_start = .)
 *(SORT_BY_NAME(.mutex_array.*))
 *(.mutex_array)
 .mutex_array   0x20000b70        0x8 CMakeFiles/parkinson_pen_project.dir/D_/study/parkinson_pen/pico_sdk/pico-sdk/src/rp2_common/pico_stdio/stdio.c.obj
                0x20000b78                PROVIDE (__mutex_array_end = .)
                0x20000b78                . = ALIGN (0x4)
                0x20000b78                PROVIDE (__preinit_array_start = .)
 *(SORT_BY_NAME(.preinit_array.*))
 .preinit_array.00001
                0x20000b78        0x4 CMakeFiles/parkinson_pen_project.dir/D_/study/parkinson_pen/pico_sdk/pico-sdk/src/rp2_common/pico_mem_ops/mem_ops_aeabi.S.obj
 .preinit_array.00010
                0x20000b7c        0x4 CMakeFiles/parkinson_pen_project.dir/D_/study/parkinson_pen/pico_sdk/pico-sdk/src/rp2_common/pico_bit_ops/bit_ops_aeabi.S.obj
 .preinit_array.00020
                0x20000b80        0x4 CMakeFiles/parkinson_pen_project.dir/D_/study/parkinson_pen/pico_sdk/pico-sdk/src/rp2_common/pico_double/double_aeabi.S.obj
 .preinit_array.00020
                0x20000b84        0x4 CMakeFiles/parkinson_pen_project.dir/D_/study/parkinson_pen/pico_sdk/pico-sdk/src/rp2_common/pico_float/float_aeabi.S.obj
 *(.preinit_array)
                0x20000b88                PROVIDE (__preinit_array_end = .)
                0x20000b88                . = ALIGN (0x4)
                0x20000b88                PROVIDE (__init_array_start = .)
 *(SORT_BY_NAME(.init_array.*))
 *(.init_array)
 .init_array    0x20000b88        0x4 c:/progra~2/gnuarm~1/102021~1.10/bin/../lib/gcc/arm-none-eabi/10.3.1/thumb/v6-m/nofp/crtbegin.o
                0x20000b8c                PROVIDE (__init_array_end = .)
                0x20000b8c                . = ALIGN (0x4)
                [!provide]                PROVIDE (__fini_array_start = .)
 *(SORT_BY_NAME(.fini_array.*))
 *(.fini_array)
                [!provide]                PROVIDE (__fini_array_end = .)
 *(.jcr)
                0x20000b8c                . = ALIGN (0x4)
                0x20000b8c                __data_end__ = .
                0x10009558                __etext = LOADADDR (.data)

.igot.plt       0x20000b8c        0x0 load address 0x1000a024
 .igot.plt      0x20000b8c        0x0 c:/progra~2/gnuarm~1/102021~1.10/bin/../lib/gcc/arm-none-eabi/10.3.1/thumb/v6-m/nofp/crtbegin.o

.uninitialized_data
                0x20000b8c        0x0 load address 0x1000a024
                0x20000b8c                . = ALIGN (0x4)
 *(.uninitialized_data*)

.scratch_x      0x20040000        0x0 load address 0x1000a024
                0x20040000                __scratch_x_start__ = .
 *(.scratch_x.*)
                0x20040000                . = ALIGN (0x4)
                0x20040000                __scratch_x_end__ = .
                0x1000a024                __scratch_x_source__ = LOADADDR (.scratch_x)

.scratch_y      0x20041000        0x0 load address 0x1000a024
                0x20041000                __scratch_y_start__ = .
 *(.scratch_y.*)
                0x20041000                . = ALIGN (0x4)
                0x20041000                __scratch_y_end__ = .
                0x1000a024                __scratch_y_source__ = LOADADDR (.scratch_y)

.bss            0x20000b90      0x428
                0x20000b90                . = ALIGN (0x4)
                0x20000b90                __bss_start__ = .
 *(SORT_BY_ALIGNMENT(SORT_BY_NAME(.bss*)))
 .bss.default_alarm_pool_entries
                0x20000b90      0x100 CMakeFiles/parkinson_pen_project.dir/D_/study/parkinson_pen/pico_sdk/pico-sdk/src/common/pico_time/time.c.obj
 .bss           0x20000c90       0x1c c:/progra~2/gnuarm~1/102021~1.10/bin/../lib/gcc/arm-none-eabi/10.3.1/thumb/v6-m/nofp/crtbegin.o
 .bss.__lock___malloc_recursive_mutex
                0x20000cac        0x1 c:/progra~2/gnuarm~1/102021~1.10/bin/../lib/gcc/arm-none-eabi/10.3.1/../../../../arm-none-eabi/lib/thumb/v6-m/nofp\libg.a(lib_a-lock.o)
                0x20000cac                __lock___malloc_recursive_mutex
 *fill*         0x20000cad        0x3 
 .bss.__malloc_current_mallinfo
                0x20000cb0       0x28 c:/progra~2/gnuarm~1/102021~1.10/bin/../lib/gcc/arm-none-eabi/10.3.1/../../../../arm-none-eabi/lib/thumb/v6-m/nofp\libg.a(lib_a-mallocr.o)
                0x20000cb0                __malloc_current_mallinfo
 .bss.__malloc_max_sbrked_mem
                0x20000cd8        0x4 c:/progra~2/gnuarm~1/102021~1.10/bin/../lib/gcc/arm-none-eabi/10.3.1/../../../../arm-none-eabi/lib/thumb/v6-m/nofp\libg.a(lib_a-mallocr.o)
                0x20000cd8                __malloc_max_sbrked_mem
 .bss.__malloc_max_total_mem
                0x20000cdc        0x4 c:/progra~2/gnuarm~1/102021~1.10/bin/../lib/gcc/arm-none-eabi/10.3.1/../../../../arm-none-eabi/lib/thumb/v6-m/nofp\libg.a(lib_a-mallocr.o)
                0x20000cdc                __malloc_max_total_mem
 .bss.__malloc_top_pad
                0x20000ce0        0x4 c:/progra~2/gnuarm~1/102021~1.10/bin/../lib/gcc/arm-none-eabi/10.3.1/../../../../arm-none-eabi/lib/thumb/v6-m/nofp\libg.a(lib_a-mallocr.o)
                0x20000ce0                __malloc_top_pad
 .bss.alarm_callbacks
                0x20000ce4       0x10 CMakeFiles/parkinson_pen_project.dir/D_/study/parkinson_pen/pico_sdk/pico-sdk/src/rp2_common/hardware_timer/timer.c.obj
 .bss.chars_available_callback
                0x20000cf4        0x4 CMakeFiles/parkinson_pen_project.dir/D_/study/parkinson_pen/pico_sdk/pico-sdk/src/rp2_common/pico_stdio_uart/stdio_uart.c.obj
 .bss.chars_available_param
                0x20000cf8        0x4 CMakeFiles/parkinson_pen_project.dir/D_/study/parkinson_pen/pico_sdk/pico-sdk/src/rp2_common/pico_stdio_uart/stdio_uart.c.obj
 .bss.configured_freq
                0x20000cfc       0x28 CMakeFiles/parkinson_pen_project.dir/D_/study/parkinson_pen/pico_sdk/pico-sdk/src/rp2_common/hardware_clocks/clocks.c.obj
 .bss.default_alarm_pool_entry_ids_high
                0x20000d24       0x10 CMakeFiles/parkinson_pen_project.dir/D_/study/parkinson_pen/pico_sdk/pico-sdk/src/common/pico_time/time.c.obj
 .bss.default_alarm_pool_heap_nodes
                0x20000d34       0x30 CMakeFiles/parkinson_pen_project.dir/D_/study/parkinson_pen/pico_sdk/pico-sdk/src/common/pico_time/time.c.obj
 .bss.dmp       0x20000d64       0x10 CMakeFiles/parkinson_pen_project.dir/src/inv_mpu_dmp_motion_driver.c.obj
 .bss.drivers   0x20000d74        0x4 CMakeFiles/parkinson_pen_project.dir/D_/study/parkinson_pen/pico_sdk/pico-sdk/src/rp2_common/pico_stdio/stdio.c.obj
 .bss.errno     0x20000d78        0x4 c:/progra~2/gnuarm~1/102021~1.10/bin/../lib/gcc/arm-none-eabi/10.3.1/../../../../arm-none-eabi/lib/thumb/v6-m/nofp\libg.a(lib_a-reent.o)
                0x20000d78                errno
 .bss.filter    0x20000d7c        0x4 CMakeFiles/parkinson_pen_project.dir/D_/study/parkinson_pen/pico_sdk/pico-sdk/src/rp2_common/pico_stdio/stdio.c.obj
 .bss.heap_end.1
                0x20000d80        0x4 CMakeFiles/parkinson_pen_project.dir/D_/study/parkinson_pen/pico_sdk/pico-sdk/src/rp2_common/pico_runtime/runtime.c.obj
 .bss.pools     0x20000d84       0x10 CMakeFiles/parkinson_pen_project.dir/D_/study/parkinson_pen/pico_sdk/pico-sdk/src/common/pico_time/time.c.obj
 .bss.sd_table  0x20000d94      0x100 CMakeFiles/parkinson_pen_project.dir/D_/study/parkinson_pen/pico_sdk/pico-sdk/src/rp2_common/pico_double/double_init_rom.c.obj
                0x20000d94                sd_table
 .bss.sf_clz_func
                0x20000e94        0x4 CMakeFiles/parkinson_pen_project.dir/D_/study/parkinson_pen/pico_sdk/pico-sdk/src/rp2_common/pico_double/double_init_rom.c.obj
                0x20000e94                sf_clz_func
 .bss.sf_table  0x20000e98      0x100 CMakeFiles/parkinson_pen_project.dir/D_/study/parkinson_pen/pico_sdk/pico-sdk/src/rp2_common/pico_float/float_init_rom.c.obj
                0x20000e98                sf_table
 .bss.sleep_notifier
                0x20000f98        0x4 CMakeFiles/parkinson_pen_project.dir/D_/study/parkinson_pen/pico_sdk/pico-sdk/src/common/pico_time/time.c.obj
 .bss.target_hi
                0x20000f9c       0x10 CMakeFiles/parkinson_pen_project.dir/D_/study/parkinson_pen/pico_sdk/pico-sdk/src/rp2_common/hardware_timer/timer.c.obj
 .bss.uart_char_to_line_feed
                0x20000fac        0x4 CMakeFiles/parkinson_pen_project.dir/D_/study/parkinson_pen/pico_sdk/pico-sdk/src/rp2_common/hardware_uart/uart.c.obj
                0x20000fac                uart_char_to_line_feed
 .bss.uart_instance
                0x20000fb0        0x4 CMakeFiles/parkinson_pen_project.dir/D_/study/parkinson_pen/pico_sdk/pico-sdk/src/rp2_common/pico_stdio_uart/stdio_uart.c.obj
 .bss.claimed   0x20000fb4        0x1 CMakeFiles/parkinson_pen_project.dir/D_/study/parkinson_pen/pico_sdk/pico-sdk/src/rp2_common/hardware_timer/timer.c.obj
 .bss.irq_hander_chain_free_slot_head
                0x20000fb5        0x1 CMakeFiles/parkinson_pen_project.dir/D_/study/parkinson_pen/pico_sdk/pico-sdk/src/rp2_common/hardware_irq/irq.c.obj
 .bss.timer_callbacks_pending
                0x20000fb6        0x1 CMakeFiles/parkinson_pen_project.dir/D_/study/parkinson_pen/pico_sdk/pico-sdk/src/rp2_common/hardware_timer/timer.c.obj
 *(COMMON)
                0x20000fb8                . = ALIGN (0x4)
 *fill*         0x20000fb7        0x1 
                0x20000fb8                __bss_end__ = .

.heap           0x20000fb8      0x800
                0x20000fb8                __end__ = .
                0x20000fb8                end = __end__
 *(.heap*)
 .heap          0x20000fb8      0x800 CMakeFiles/parkinson_pen_project.dir/D_/study/parkinson_pen/pico_sdk/pico-sdk/src/rp2_common/pico_standard_link/crt0.S.obj
                0x200017b8                __HeapLimit = .

.stack1_dummy   0x20040000        0x0
 *(.stack1*)

.stack_dummy    0x20041000      0x800
 *(.stack*)
 .stack         0x20041000      0x800 CMakeFiles/parkinson_pen_project.dir/D_/study/parkinson_pen/pico_sdk/pico-sdk/src/rp2_common/pico_standard_link/crt0.S.obj

.flash_end      0x1000a024        0x0
                0x1000a024                PROVIDE (__flash_binary_end = .)
                0x20040000                __StackLimit = (ORIGIN (RAM) + LENGTH (RAM))
                0x20041000                __StackOneTop = (ORIGIN (SCRATCH_X) + LENGTH (SCRATCH_X))
                0x20042000                __StackTop = (ORIGIN (SCRATCH_Y) + LENGTH (SCRATCH_Y))
                0x20041000                __StackOneBottom = (__StackOneTop - SIZEOF (.stack1_dummy))
                0x20041800                __StackBottom = (__StackTop - SIZEOF (.stack_dummy))
                0x20042000                PROVIDE (__stack = __StackTop)
                0x00000001                ASSERT ((__StackLimit >= __HeapLimit), region RAM overflowed)
                0x00000001                ASSERT (((__binary_info_header_end - __logical_binary_start) <= 0x100), Binary info must be in first 256 bytes of the binary)
LOAD CMakeFiles/parkinson_pen_project.dir/main.c.obj
LOAD CMakeFiles/parkinson_pen_project.dir/src/mpu6050_i2c.c.obj
LOAD CMakeFiles/parkinson_pen_project.dir/src/inv_mpu_dmp_motion_driver.c.obj
LOAD CMakeFiles/parkinson_pen_project.dir/src/inv_mpu.c.obj
LOAD CMakeFiles/parkinson_pen_project.dir/D_/study/parkinson_pen/pico_sdk/pico-sdk/src/rp2_common/pico_stdlib/stdlib.c.obj
LOAD CMakeFiles/parkinson_pen_project.dir/D_/study/parkinson_pen/pico_sdk/pico-sdk/src/rp2_common/hardware_gpio/gpio.c.obj
LOAD CMakeFiles/parkinson_pen_project.dir/D_/study/parkinson_pen/pico_sdk/pico-sdk/src/rp2_common/pico_platform/platform.c.obj
LOAD CMakeFiles/parkinson_pen_project.dir/D_/study/parkinson_pen/pico_sdk/pico-sdk/src/rp2_common/hardware_claim/claim.c.obj
LOAD CMakeFiles/parkinson_pen_project.dir/D_/study/parkinson_pen/pico_sdk/pico-sdk/src/rp2_common/hardware_sync/sync.c.obj
LOAD CMakeFiles/parkinson_pen_project.dir/D_/study/parkinson_pen/pico_sdk/pico-sdk/src/rp2_common/hardware_irq/irq.c.obj